Archive member included to satisfy reference by file (symbol)

freertos/libfreertos.a(tasks.c.obj)
                              CMakeFiles/firmware.dir/firmware.c.obj (xTaskCreate)
freertos/libfreertos.a(timers.c.obj)
                              freertos/libfreertos.a(tasks.c.obj) (xTimerCreateTimerTask)
freertos/libfreertos.a(heap_3.c.obj)
                              freertos/libfreertos.a(tasks.c.obj) (pvPortMalloc)
freertos/libfreertos.a(port.c.obj)
                              freertos/libfreertos.a(tasks.c.obj) (vPortYield)
freertos/libfreertos.a(portasm.c.obj)
                              freertos/libfreertos.a(port.c.obj) (vRestoreContextOfFirstTask)
freertos/libfreertos.a(event_groups.c.obj)
                              freertos/libfreertos.a(port.c.obj) (xEventGroupCreate)
freertos/libfreertos.a(list.c.obj)
                              freertos/libfreertos.a(tasks.c.obj) (vListInitialise)
freertos/libfreertos.a(queue.c.obj)
                              freertos/libfreertos.a(timers.c.obj) (xQueueGenericCreate)
C:/Users/brian/.pico-sdk/toolchain/14_2_Rel1/bin/../lib/gcc/arm-none-eabi/14.2.1/thumb/v8-m.main+fp/softfp\libm.a(libm_a-wf_sqrt.o)
                              CMakeFiles/firmware.dir/C_/Users/brian/.pico-sdk/sdk/2.1.1/src/rp2_common/pico_float/float_math.c.obj (sqrtf)
C:/Users/brian/.pico-sdk/toolchain/14_2_Rel1/bin/../lib/gcc/arm-none-eabi/14.2.1/thumb/v8-m.main+fp/softfp\libm.a(libm_a-ef_sqrt.o)
                              C:/Users/brian/.pico-sdk/toolchain/14_2_Rel1/bin/../lib/gcc/arm-none-eabi/14.2.1/thumb/v8-m.main+fp/softfp\libm.a(libm_a-wf_sqrt.o) (__ieee754_sqrtf)
C:/Users/brian/.pico-sdk/toolchain/14_2_Rel1/bin/../lib/gcc/arm-none-eabi/14.2.1/thumb/v8-m.main+fp/softfp\libgcc.a(_arm_addsubdf3.o)
                              CMakeFiles/firmware.dir/C_/Users/brian/.pico-sdk/sdk/2.1.1/src/rp2_common/pico_float/float_math.c.obj (__aeabi_f2d)
C:/Users/brian/.pico-sdk/toolchain/14_2_Rel1/bin/../lib/gcc/arm-none-eabi/14.2.1/thumb/v8-m.main+fp/softfp\libgcc.a(_aeabi_ldivmod.o)
                              CMakeFiles/firmware.dir/C_/Users/brian/.pico-sdk/sdk/2.1.1/src/common/pico_time/time.c.obj (__aeabi_ldivmod)
C:/Users/brian/.pico-sdk/toolchain/14_2_Rel1/bin/../lib/gcc/arm-none-eabi/14.2.1/thumb/v8-m.main+fp/softfp\libgcc.a(_aeabi_uldivmod.o)
                              CMakeFiles/firmware.dir/C_/Users/brian/.pico-sdk/sdk/2.1.1/src/rp2_common/hardware_clocks/clocks.c.obj (__aeabi_uldivmod)
C:/Users/brian/.pico-sdk/toolchain/14_2_Rel1/bin/../lib/gcc/arm-none-eabi/14.2.1/thumb/v8-m.main+fp/softfp\libgcc.a(_udivmoddi4.o)
                              C:/Users/brian/.pico-sdk/toolchain/14_2_Rel1/bin/../lib/gcc/arm-none-eabi/14.2.1/thumb/v8-m.main+fp/softfp\libgcc.a(_aeabi_ldivmod.o) (__udivmoddi4)
C:/Users/brian/.pico-sdk/toolchain/14_2_Rel1/bin/../lib/gcc/arm-none-eabi/14.2.1/thumb/v8-m.main+fp/softfp\libgcc.a(_dvmd_tls.o)
                              C:/Users/brian/.pico-sdk/toolchain/14_2_Rel1/bin/../lib/gcc/arm-none-eabi/14.2.1/thumb/v8-m.main+fp/softfp\libgcc.a(_aeabi_ldivmod.o) (__aeabi_ldiv0)
C:/Users/brian/.pico-sdk/toolchain/14_2_Rel1/bin/../lib/gcc/arm-none-eabi/14.2.1/thumb/v8-m.main+fp/softfp\libg.a(libc_a-calloc.o)
                              CMakeFiles/firmware.dir/C_/Users/brian/.pico-sdk/sdk/2.1.1/src/rp2_common/pico_malloc/malloc.c.obj (calloc)
C:/Users/brian/.pico-sdk/toolchain/14_2_Rel1/bin/../lib/gcc/arm-none-eabi/14.2.1/thumb/v8-m.main+fp/softfp\libg.a(libc_a-callocr.o)
                              C:/Users/brian/.pico-sdk/toolchain/14_2_Rel1/bin/../lib/gcc/arm-none-eabi/14.2.1/thumb/v8-m.main+fp/softfp\libg.a(libc_a-calloc.o) (_calloc_r)
C:/Users/brian/.pico-sdk/toolchain/14_2_Rel1/bin/../lib/gcc/arm-none-eabi/14.2.1/thumb/v8-m.main+fp/softfp\libg.a(libc_a-malloc.o)
                              CMakeFiles/firmware.dir/C_/Users/brian/.pico-sdk/sdk/2.1.1/src/rp2_common/pico_malloc/malloc.c.obj (malloc)
C:/Users/brian/.pico-sdk/toolchain/14_2_Rel1/bin/../lib/gcc/arm-none-eabi/14.2.1/thumb/v8-m.main+fp/softfp\libg.a(libc_a-mallocr.o)
                              C:/Users/brian/.pico-sdk/toolchain/14_2_Rel1/bin/../lib/gcc/arm-none-eabi/14.2.1/thumb/v8-m.main+fp/softfp\libg.a(libc_a-callocr.o) (_malloc_r)
C:/Users/brian/.pico-sdk/toolchain/14_2_Rel1/bin/../lib/gcc/arm-none-eabi/14.2.1/thumb/v8-m.main+fp/softfp\libg.a(libc_a-mlock.o)
                              C:/Users/brian/.pico-sdk/toolchain/14_2_Rel1/bin/../lib/gcc/arm-none-eabi/14.2.1/thumb/v8-m.main+fp/softfp\libg.a(libc_a-mallocr.o) (__malloc_lock)
C:/Users/brian/.pico-sdk/toolchain/14_2_Rel1/bin/../lib/gcc/arm-none-eabi/14.2.1/thumb/v8-m.main+fp/softfp\libg.a(libc_a-realloc.o)
                              CMakeFiles/firmware.dir/C_/Users/brian/.pico-sdk/sdk/2.1.1/src/rp2_common/pico_malloc/malloc.c.obj (realloc)
C:/Users/brian/.pico-sdk/toolchain/14_2_Rel1/bin/../lib/gcc/arm-none-eabi/14.2.1/thumb/v8-m.main+fp/softfp\libg.a(libc_a-reallocr.o)
[...]
Memory Configuration

Name             Origin             Length             Attributes
FLASH            0x10000000         0x00400000         xr
RAM              0x20000000         0x00080000         xrw
SCRATCH_X        0x20080000         0x00001000         xrw
SCRATCH_Y        0x20081000         0x00001000         xrw
*default*        0x00000000         0xffffffff

Linker script and memory map

LOAD C:/Users/brian/.pico-sdk/toolchain/14_2_Rel1/bin/../lib/gcc/arm-none-eabi/14.2.1/thumb/v8-m.main+fp/softfp/crti.o
LOAD C:/Users/brian/.pico-sdk/toolchain/14_2_Rel1/bin/../lib/gcc/arm-none-eabi/14.2.1/thumb/v8-m.main+fp/softfp/crtbegin.o
LOAD C:/Users/brian/.pico-sdk/toolchain/14_2_Rel1/bin/../lib/gcc/arm-none-eabi/14.2.1/thumb/v8-m.main+fp/softfp/crt0.o

.flash_begin    0x10000000        0x0
                0x10000000                        __flash_binary_start = .

.text           0x10000000     0x659c
                0x10000000                        __logical_binary_start = .
 *(.vectors)
 .vectors       0x10000000      0x124 CMakeFiles/firmware.dir/C_/Users/brian/.pico-sdk/sdk/2.1.1/src/rp2_common/pico_crt0/crt0.S.obj
                0x10000000                __vectors
                0x10000000                __VECTOR_TABLE
                0x10000110                isr_invalid
                0x10000110                __default_isrs_start
                0x10000112                isr_nmi
                0x10000114                isr_hardfault
                0x1000011c                isr_irq27
                0x1000011c                isr_irq32
                0x1000011c                isr_irq31
                0x1000011c                isr_irq5
                0x1000011c                isr_irq11
                0x1000011c                isr_irq45
                0x1000011c                isr_irq23
                0x1000011c                isr_irq48
                0x1000011c                isr_irq35
                0x1000011c                isr_irq18
                0x1000011c                isr_irq50
                0x1000011c                isr_irq43
                0x1000011c                isr_irq13
                0x1000011c                isr_irq28
                0x1000011c                isr_irq19
                0x1000011c                isr_irq36
                0x1000011c                isr_irq41
                0x1000011c                isr_irq0
                0x1000011c                isr_irq6
                0x1000011c                __unhandled_user_irq
                0x1000011c                isr_irq12
                0x1000011c                isr_irq37
                0x1000011c                isr_irq42
                0x1000011c                isr_irq22
                0x1000011c                isr_irq30
                0x1000011c                isr_irq17
                0x1000011c                isr_irq38
                0x1000011c                isr_irq14
                0x1000011c                isr_irq40
                0x1000011c                isr_irq2
                0x1000011c                isr_irq10
                0x1000011c                isr_irq8
                0x1000011c                isr_irq24
                0x1000011c                isr_irq46
                0x1000011c                isr_irq1
                0x1000011c                isr_irq47
                0x1000011c                isr_irq51
                0x1000011c                isr_irq7
                0x1000011c                isr_irq21
                0x1000011c                isr_irq39
                0x1000011c                isr_irq20
                0x1000011c                isr_irq15
                0x1000011c                isr_irq25
                0x1000011c                isr_irq34
                0x1000011c                isr_irq49
                0x1000011c                isr_irq4
                0x1000011c                isr_irq16
                0x1000011c                isr_irq44
                0x1000011c                isr_irq29
                0x1000011c                isr_irq26
                0x1000011c                __default_isrs_end
                0x1000011c                isr_irq33
                0x1000011c                isr_irq3
                0x1000011c                isr_irq9
                0x10000122                unhandled_user_irq_num_in_r0
 *(.binary_info_header)
 .binary_info_header
                0x10000124       0x14 CMakeFiles/firmware.dir/C_/Users/brian/.pico-sdk/sdk/2.1.1/src/rp2_common/pico_crt0/crt0.S.obj
                0x10000138                        __binary_info_header_end = .
 *(.embedded_block)
 .embedded_block
                0x10000138       0x14 CMakeFiles/firmware.dir/C_/Users/brian/.pico-sdk/sdk/2.1.1/src/rp2_common/pico_crt0/crt0.S.obj
                0x1000014c                        __embedded_block_end = .
 *(.reset)
 .reset         0x1000014c       0xa0 CMakeFiles/firmware.dir/C_/Users/brian/.pico-sdk/sdk/2.1.1/src/rp2_common/pico_crt0/crt0.S.obj
                0x1000014c                _entry_point
 *(.init)
 .init          0x100001ec        0x4 C:/Users/brian/.pico-sdk/toolchain/14_2_Rel1/bin/../lib/gcc/arm-none-eabi/14.2.1/thumb/v8-m.main+fp/softfp/crti.o
                0x100001ec                _init
 SORT_BY_NAME(REVERSE(*libgcc.a:cmse_nonsecure_call.o))()
 *(EXCLUDE_FILE(*libm.a: *libc.a:*lib_a-mem*.o *libgcc.a:) .text*)
 .text.register_tm_clones
                0x100001f0       0x28 C:/Users/brian/.pico-sdk/toolchain/14_2_Rel1/bin/../lib/gcc/arm-none-eabi/14.2.1/thumb/v8-m.main+fp/softfp/crtbegin.o
 .text.frame_dummy
                0x10000218       0x24 C:/Users/brian/.pico-sdk/toolchain/14_2_Rel1/bin/../lib/gcc/arm-none-eabi/14.2.1/thumb/v8-m.main+fp/softfp/crtbegin.o
 .text.task_init
                0x1000023c       0x24 CMakeFiles/firmware.dir/firmware.c.obj
                0x1000023c                task_init
 .text.task_led_on
                0x10000260       0x34 CMakeFiles/firmware.dir/firmware.c.obj
                0x10000260                task_led_on
 .text.task_led_off
                0x10000294       0x34 CMakeFiles/firmware.dir/firmware.c.obj
                0x10000294                task_led_off
 .text.startup.main
                0x100002c8       0x68 CMakeFiles/firmware.dir/firmware.c.obj
                0x100002c8                main
 .text.gpio_init
                0x10000330       0x48 CMakeFiles/firmware.dir/C_/Users/brian/.pico-sdk/sdk/2.1.1/src/rp2_common/hardware_gpio/gpio.c.obj
                0x10000330                gpio_init
 .text.panic    0x10000378       0x30 CMakeFiles/firmware.dir/C_/Users/brian/.pico-sdk/sdk/2.1.1/src/rp2_common/pico_platform_panic/panic.c.obj
                0x10000378                panic
 .text.hw_claim_or_assert
                0x100003a8       0x58 CMakeFiles/firmware.dir/C_/Users/brian/.pico-sdk/sdk/2.1.1/src/common/hardware_claim/claim.c.obj
                0x100003a8                hw_claim_or_assert
 .text.hw_claim_unused_from_range
                0x10000400       0x80 CMakeFiles/firmware.dir/C_/Users/brian/.pico-sdk/sdk/2.1.1/src/common/hardware_claim/claim.c.obj
                0x10000400                hw_claim_unused_from_range
 .text.next_striped_spin_lock_num
                0x10000480       0x18 CMakeFiles/firmware.dir/C_/Users/brian/.pico-sdk/sdk/2.1.1/src/rp2_common/hardware_sync/sync.c.obj
                0x10000480                next_striped_spin_lock_num
 .text.spin_lock_claim_unused
                0x10000498       0x20 CMakeFiles/firmware.dir/C_/Users/brian/.pico-sdk/sdk/2.1.1/src/rp2_common/hardware_sync/sync.c.obj
                0x10000498                spin_lock_claim_unused
 .text.spinlock_set_extexclall
                0x100004b8       0x10 CMakeFiles/firmware.dir/C_/Users/brian/.pico-sdk/sdk/2.1.1/src/rp2_common/hardware_sync_spin_lock/sync_spin_lock.c.obj
 .text.spin_locks_reset
                0x100004c8       0x18 CMakeFiles/firmware.dir/C_/Users/brian/.pico-sdk/sdk/2.1.1/src/rp2_common/hardware_sync_spin_lock/sync_spin_lock.c.obj
                0x100004c8                spin_locks_reset
 .text.runtime_init_per_core_irq_priorities
                0x100004e0       0x40 CMakeFiles/firmware.dir/C_/Users/brian/.pico-sdk/sdk/2.1.1/src/rp2_common/hardware_irq/irq.c.obj
                0x100004e0                runtime_init_per_core_irq_priorities
 .text.irq_set_enabled
                0x10000520       0x2c CMakeFiles/firmware.dir/C_/Users/brian/.pico-sdk/sdk/2.1.1/src/rp2_common/hardware_irq/irq.c.obj
                0x10000520                irq_set_enabled
 .text.irq_is_enabled
                0x1000054c       0x20 CMakeFiles/firmware.dir/C_/Users/brian/.pico-sdk/sdk/2.1.1/src/rp2_common/hardware_irq/irq.c.obj
                0x1000054c                irq_is_enabled
 .text.irq_set_pending
                0x1000056c       0x18 CMakeFiles/firmware.dir/C_/Users/brian/.pico-sdk/sdk/2.1.1/src/rp2_common/hardware_irq/irq.c.obj
                0x1000056c                irq_set_pending
 .text.irq_has_shared_handler
                0x10000584       0x20 CMakeFiles/firmware.dir/C_/Users/brian/.pico-sdk/sdk/2.1.1/src/rp2_common/hardware_irq/irq.c.obj
                0x10000584                irq_has_shared_handler
 .text.irq_set_exclusive_handler
                0x100005a4       0x60 CMakeFiles/firmware.dir/C_/Users/brian/.pico-sdk/sdk/2.1.1/src/rp2_common/hardware_irq/irq.c.obj
                0x100005a4                irq_set_exclusive_handler
 .text.irq_add_shared_handler
                0x10000604      0x1e8 CMakeFiles/firmware.dir/C_/Users/brian/.pico-sdk/sdk/2.1.1/src/rp2_common/hardware_irq/irq.c.obj
                0x10000604                irq_add_shared_handler
 .text.irq_add_tail_to_free_list
                0x100007ec       0xbc CMakeFiles/firmware.dir/C_/Users/brian/.pico-sdk/sdk/2.1.1/src/rp2_common/hardware_irq/irq.c.obj
                0x100007ec                irq_add_tail_to_free_list
 .text.user_irq_claim_unused
                0x100008a8       0x28 CMakeFiles/firmware.dir/C_/Users/brian/.pico-sdk/sdk/2.1.1/src/rp2_common/hardware_irq/irq.c.obj
                0x100008a8                user_irq_claim_unused
 .text.lock_init
                0x100008d0        0xc CMakeFiles/firmware.dir/C_/Users/brian/.pico-sdk/sdk/2.1.1/src/common/pico_sync/lock_core.c.obj
                0x100008d0                lock_init
 .text.runtime_init_mutex
                0x100008dc       0x4c CMakeFiles/firmware.dir/C_/Users/brian/.pico-sdk/sdk/2.1.1/src/common/pico_sync/mutex.c.obj
                0x100008dc                runtime_init_mutex
 .text.mutex_init
                0x10000928       0x1c CMakeFiles/firmware.dir/C_/Users/brian/.pico-sdk/sdk/2.1.1/src/common/pico_sync/mutex.c.obj
                0x10000928                mutex_init
 .text.critical_section_init
                0x10000944       0x1c CMakeFiles/firmware.dir/C_/Users/brian/.pico-sdk/sdk/2.1.1/src/common/pico_sync/critical_section.c.obj
                0x10000944                critical_section_init
 .text.critical_section_init_with_lock_num
                0x10000960       0x10 CMakeFiles/firmware.dir/C_/Users/brian/.pico-sdk/sdk/2.1.1/src/common/pico_sync/critical_section.c.obj
                0x10000960                critical_section_init_with_lock_num
 .text.sleep_until_callback
                0x10000970       0x3c CMakeFiles/firmware.dir/C_/Users/brian/.pico-sdk/sdk/2.1.1/src/common/pico_time/time.c.obj
 *fill*         0x100009ac        0x4 
 .text.alarm_pool_irq_handler
                0x100009b0      0x2f0 CMakeFiles/firmware.dir/C_/Users/brian/.pico-sdk/sdk/2.1.1/src/common/pico_time/time.c.obj
 .text.runtime_init_default_alarm_pool
                0x10000ca0      0x100 CMakeFiles/firmware.dir/C_/Users/brian/.pico-sdk/sdk/2.1.1/src/common/pico_time/time.c.obj
                0x10000ca0                runtime_init_default_alarm_pool
 .text.alarm_pool_get_default
                0x10000da0        0x8 CMakeFiles/firmware.dir/C_/Users/brian/.pico-sdk/sdk/2.1.1/src/common/pico_time/time.c.obj
                0x10000da0                alarm_pool_get_default
 .text.alarm_pool_add_alarm_at
                0x10000da8       0xdc CMakeFiles/firmware.dir/C_/Users/brian/.pico-sdk/sdk/2.1.1/src/common/pico_time/time.c.obj
                0x10000da8                alarm_pool_add_alarm_at
 .text.alarm_pool_add_alarm_at_force_in_context
                0x10000e84       0xc8 CMakeFiles/firmware.dir/C_/Users/brian/.pico-sdk/sdk/2.1.1/src/common/pico_time/time.c.obj
                0x10000e84                alarm_pool_add_alarm_at_force_in_context
 .text.alarm_pool_cancel_alarm
                0x10000f4c       0x80 CMakeFiles/firmware.dir/C_/Users/brian/.pico-sdk/sdk/2.1.1/src/common/pico_time/time.c.obj
                0x10000f4c                alarm_pool_cancel_alarm
 .text.alarm_pool_core_num
                0x10000fcc        0x4 CMakeFiles/firmware.dir/C_/Users/brian/.pico-sdk/sdk/2.1.1/src/common/pico_time/time.c.obj
                0x10000fcc                alarm_pool_core_num
 .text.best_effort_wfe_or_timeout
                0x10000fd0       0xd4 CMakeFiles/firmware.dir/C_/Users/brian/.pico-sdk/sdk/2.1.1/src/common/pico_time/time.c.obj
                0x10000fd0                best_effort_wfe_or_timeout
 .text.timer_hardware_alarm_claim
                0x100010a4       0x24 CMakeFiles/firmware.dir/C_/Users/brian/.pico-sdk/sdk/2.1.1/src/rp2_common/hardware_timer/timer.c.obj
                0x100010a4                timer_hardware_alarm_claim
 .text.timer_time_us_64
                0x100010c8       0x10 CMakeFiles/firmware.dir/C_/Users/brian/.pico-sdk/sdk/2.1.1/src/rp2_common/hardware_timer/timer.c.obj
                0x100010c8                timer_time_us_64
 .text.time_us_64
                0x100010d8       0x14 CMakeFiles/firmware.dir/C_/Users/brian/.pico-sdk/sdk/2.1.1/src/rp2_common/hardware_timer/timer.c.obj
                0x100010d8                time_us_64
 .text.clock_configure_undivided
                0x100010ec       0xd0 CMakeFiles/firmware.dir/C_/Users/brian/.pico-sdk/sdk/2.1.1/src/rp2_common/hardware_clocks/clocks.c.obj
                0x100010ec                clock_configure_undivided
 .text.clock_get_hz
                0x100011bc        0xc CMakeFiles/firmware.dir/C_/Users/brian/.pico-sdk/sdk/2.1.1/src/rp2_common/hardware_clocks/clocks.c.obj
                0x100011bc                clock_get_hz
 .text.pll_init
                0x100011c8       0x8c CMakeFiles/firmware.dir/C_/Users/brian/.pico-sdk/sdk/2.1.1/src/rp2_common/hardware_pll/pll.c.obj
                0x100011c8                pll_init
 .text.watchdog_reboot
                0x10001254       0x98 CMakeFiles/firmware.dir/C_/Users/brian/.pico-sdk/sdk/2.1.1/src/rp2_common/hardware_watchdog/watchdog.c.obj
                0x10001254                watchdog_reboot
 .text.tick_start
                0x100012ec       0x18 CMakeFiles/firmware.dir/C_/Users/brian/.pico-sdk/sdk/2.1.1/src/rp2_common/hardware_ticks/ticks.c.obj
                0x100012ec                tick_start
 .text.rom_reboot.constprop.0.isra.0
                0x10001304       0x34 CMakeFiles/firmware.dir/C_/Users/brian/.pico-sdk/sdk/2.1.1/src/rp2_common/pico_bootrom/bootrom.c.obj
 .text.rom_func_lookup
                0x10001338       0x18 CMakeFiles/firmware.dir/C_/Users/brian/.pico-sdk/sdk/2.1.1/src/rp2_common/pico_bootrom/bootrom.c.obj
                0x10001338                rom_func_lookup
 .text.rom_reset_usb_boot_extra
                0x10001350       0x1c CMakeFiles/firmware.dir/C_/Users/brian/.pico-sdk/sdk/2.1.1/src/rp2_common/pico_bootrom/bootrom.c.obj
                0x10001350                rom_reset_usb_boot_extra
 .text.runtime_init_bootrom_locking_enable
                0x1000136c       0x14 CMakeFiles/firmware.dir/C_/Users/brian/.pico-sdk/sdk/2.1.1/src/rp2_common/pico_bootrom/bootrom_lock.c.obj
                0x1000136c                runtime_init_bootrom_locking_enable
 .text.runtime_init_boot_locks_reset
                0x10001380       0x1c CMakeFiles/firmware.dir/C_/Users/brian/.pico-sdk/sdk/2.1.1/src/rp2_common/hardware_boot_lock/boot_lock.c.obj
                0x10001380                runtime_init_boot_locks_reset
 .text.xosc_init
                0x1000139c       0x30 CMakeFiles/firmware.dir/C_/Users/brian/.pico-sdk/sdk/2.1.1/src/rp2_common/hardware_xosc/xosc.c.obj
                0x1000139c                xosc_init
 .text.first_per_core_initializer
                0x100013cc        0x4 CMakeFiles/firmware.dir/C_/Users/brian/.pico-sdk/sdk/2.1.1/src/rp2_common/pico_runtime/runtime.c.obj
 .text.hard_assertion_failure
                0x100013d0        0xc CMakeFiles/firmware.dir/C_/Users/brian/.pico-sdk/sdk/2.1.1/src/rp2_common/pico_runtime/runtime.c.obj
                0x100013d0                hard_assertion_failure
 .text.runtime_run_initializers
                0x100013dc       0x20 CMakeFiles/firmware.dir/C_/Users/brian/.pico-sdk/sdk/2.1.1/src/rp2_common/pico_runtime/runtime.c.obj
                0x100013dc                runtime_run_initializers
 .text.runtime_init_early_resets
                0x100013fc       0x34 CMakeFiles/firmware.dir/C_/Users/brian/.pico-sdk/sdk/2.1.1/src/rp2_common/pico_runtime_init/runtime_init.c.obj
                0x100013fc                runtime_init_early_resets
 .text.runtime_init_usb_power_down
                0x10001430       0x1c CMakeFiles/firmware.dir/C_/Users/brian/.pico-sdk/sdk/2.1.1/src/rp2_common/pico_runtime_init/runtime_init.c.obj
                0x10001430                runtime_init_usb_power_down
 .text.runtime_init_per_core_enable_coprocessors
                0x1000144c       0x1c CMakeFiles/firmware.dir/C_/Users/brian/.pico-sdk/sdk/2.1.1/src/rp2_common/pico_runtime_init/runtime_init.c.obj
                0x1000144c                runtime_init_per_core_enable_coprocessors
 .text.runtime_init_post_clock_resets
                0x10001468       0x20 CMakeFiles/firmware.dir/C_/Users/brian/.pico-sdk/sdk/2.1.1/src/rp2_common/pico_runtime_init/runtime_init.c.obj
                0x10001468                runtime_init_post_clock_resets
 .text.runtime_init_bootrom_reset
                0x10001488       0x14 CMakeFiles/firmware.dir/C_/Users/brian/.pico-sdk/sdk/2.1.1/src/rp2_common/pico_runtime_init/runtime_init.c.obj
                0x10001488                runtime_init_bootrom_reset
 .text.runtime_init_per_core_bootrom_reset
                0x1000149c       0x14 CMakeFiles/firmware.dir/C_/Users/brian/.pico-sdk/sdk/2.1.1/src/rp2_common/pico_runtime_init/runtime_init.c.obj
                0x1000149c                runtime_init_per_core_bootrom_reset
 .text.runtime_init_spin_locks_reset
                0x100014b0        0x4 CMakeFiles/firmware.dir/C_/Users/brian/.pico-sdk/sdk/2.1.1/src/rp2_common/pico_runtime_init/runtime_init.c.obj
                0x100014b0                runtime_init_spin_locks_reset
 .text.runtime_init_install_ram_vector_table
                0x100014b4       0x20 CMakeFiles/firmware.dir/C_/Users/brian/.pico-sdk/sdk/2.1.1/src/rp2_common/pico_runtime_init/runtime_init.c.obj
                0x100014b4                runtime_init_install_ram_vector_table
 .text.runtime_init_clocks
                0x100014d4       0xdc CMakeFiles/firmware.dir/C_/Users/brian/.pico-sdk/sdk/2.1.1/src/rp2_common/pico_runtime_init/runtime_init_clocks.c.obj
                0x100014d4                runtime_init_clocks
 .text.__wrap_malloc
                0x100015b0       0x24 CMakeFiles/firmware.dir/C_/Users/brian/.pico-sdk/sdk/2.1.1/src/rp2_common/pico_malloc/malloc.c.obj
                0x100015b0                __wrap_malloc
 .text.__wrap_free
                0x100015d4        0x4 CMakeFiles/firmware.dir/C_/Users/brian/.pico-sdk/sdk/2.1.1/src/rp2_common/pico_malloc/malloc.c.obj
                0x100015d4                __wrap_free
 .text._out_char
                0x100015d8        0x8 CMakeFiles/firmware.dir/C_/Users/brian/.pico-sdk/sdk/2.1.1/src/rp2_common/pico_printf/printf.c.obj
 .text.weak_raw_vprintf
                0x100015e0       0x30 CMakeFiles/firmware.dir/C_/Users/brian/.pico-sdk/sdk/2.1.1/src/rp2_common/pico_printf/printf.c.obj
                0x100015e0                weak_raw_vprintf
 .text._exit    0x10001610        0x4 CMakeFiles/firmware.dir/C_/Users/brian/.pico-sdk/sdk/2.1.1/src/rp2_common/pico_clib_interface/newlib_interface.c.obj
                0x10001610                _exit
 .text._sbrk    0x10001614       0x2c CMakeFiles/firmware.dir/C_/Users/brian/.pico-sdk/sdk/2.1.1/src/rp2_common/pico_clib_interface/newlib_interface.c.obj
                0x10001614                _sbrk
 .text.exit     0x10001640        0x8 CMakeFiles/firmware.dir/C_/Users/brian/.pico-sdk/sdk/2.1.1/src/rp2_common/pico_clib_interface/newlib_interface.c.obj
                0x10001640                exit
 .text.runtime_init
                0x10001648       0x24 CMakeFiles/firmware.dir/C_/Users/brian/.pico-sdk/sdk/2.1.1/src/rp2_common/pico_clib_interface/newlib_interface.c.obj
                0x10001648                runtime_init
 .text.stdio_out_chars_no_crlf
                0x1000166c        0x8 CMakeFiles/firmware.dir/C_/Users/brian/.pico-sdk/sdk/2.1.1/src/rp2_common/pico_stdio/stdio.c.obj
 .text.stdio_out_chars_crlf
                0x10001674       0xb0 CMakeFiles/firmware.dir/C_/Users/brian/.pico-sdk/sdk/2.1.1/src/rp2_common/pico_stdio/stdio.c.obj
 .text.stdio_put_string
                0x10001724       0xec CMakeFiles/firmware.dir/C_/Users/brian/.pico-sdk/sdk/2.1.1/src/rp2_common/pico_stdio/stdio.c.obj
                0x10001724                stdio_put_string
 .text.stdio_set_driver_enabled
                0x10001810       0x28 CMakeFiles/firmware.dir/C_/Users/brian/.pico-sdk/sdk/2.1.1/src/rp2_common/pico_stdio/stdio.c.obj
                0x10001810                stdio_set_driver_enabled
 .text.stdio_init_all
                0x10001838        0x4 CMakeFiles/firmware.dir/C_/Users/brian/.pico-sdk/sdk/2.1.1/src/rp2_common/pico_stdio/stdio.c.obj
                0x10001838                stdio_init_all
 .text.__wrap_putchar
                0x1000183c       0x84 CMakeFiles/firmware.dir/C_/Users/brian/.pico-sdk/sdk/2.1.1/src/rp2_common/pico_stdio/stdio.c.obj
                0x1000183c                __wrap_putchar
                0x1000183c                stdio_putchar
 .text.__wrap_puts
                0x100018c0       0x3c CMakeFiles/firmware.dir/C_/Users/brian/.pico-sdk/sdk/2.1.1/src/rp2_common/pico_stdio/stdio.c.obj
                0x100018c0                stdio_puts
                0x100018c0                __wrap_puts
 .text.resetd_init
                0x100018fc        0x4 CMakeFiles/firmware.dir/C_/Users/brian/.pico-sdk/sdk/2.1.1/src/rp2_common/pico_stdio_usb/reset_interface.c.obj
 .text.resetd_reset
                0x10001900        0xc CMakeFiles/firmware.dir/C_/Users/brian/.pico-sdk/sdk/2.1.1/src/rp2_common/pico_stdio_usb/reset_interface.c.obj
 .text.resetd_open
                0x1000190c       0x28 CMakeFiles/firmware.dir/C_/Users/brian/.pico-sdk/sdk/2.1.1/src/rp2_common/pico_stdio_usb/reset_interface.c.obj
 .text.resetd_xfer_cb
                0x10001934        0x4 CMakeFiles/firmware.dir/C_/Users/brian/.pico-sdk/sdk/2.1.1/src/rp2_common/pico_stdio_usb/reset_interface.c.obj
 .text.resetd_control_xfer_cb
                0x10001938       0x50 CMakeFiles/firmware.dir/C_/Users/brian/.pico-sdk/sdk/2.1.1/src/rp2_common/pico_stdio_usb/reset_interface.c.obj
 .text.tud_descriptor_bos_cb
                0x10001988        0x8 CMakeFiles/firmware.dir/C_/Users/brian/.pico-sdk/sdk/2.1.1/src/rp2_common/pico_stdio_usb/reset_interface.c.obj
                0x10001988                tud_descriptor_bos_cb
 .text.tud_vendor_control_xfer_cb
                0x10001990       0x28 CMakeFiles/firmware.dir/C_/Users/brian/.pico-sdk/sdk/2.1.1/src/rp2_common/pico_stdio_usb/reset_interface.c.obj
                0x10001990                tud_vendor_control_xfer_cb
 .text.usbd_app_driver_get_cb
                0x100019b8       0x10 CMakeFiles/firmware.dir/C_/Users/brian/.pico-sdk/sdk/2.1.1/src/rp2_common/pico_stdio_usb/reset_interface.c.obj
                0x100019b8                usbd_app_driver_get_cb
 .text.tud_cdc_line_coding_cb
                0x100019c8       0x18 CMakeFiles/firmware.dir/C_/Users/brian/.pico-sdk/sdk/2.1.1/src/rp2_common/pico_stdio_usb/reset_interface.c.obj
                0x100019c8                tud_cdc_line_coding_cb
 .text.stdio_usb_set_chars_available_callback
                0x100019e0       0x14 CMakeFiles/firmware.dir/C_/Users/brian/.pico-sdk/sdk/2.1.1/src/rp2_common/pico_stdio_usb/stdio_usb.c.obj
                0x100019e0                stdio_usb_set_chars_available_callback
 .text.timer_task
                0x100019f4       0x70 CMakeFiles/firmware.dir/C_/Users/brian/.pico-sdk/sdk/2.1.1/src/rp2_common/pico_stdio_usb/stdio_usb.c.obj
 .text.usb_irq  0x10001a64        0xc CMakeFiles/firmware.dir/C_/Users/brian/.pico-sdk/sdk/2.1.1/src/rp2_common/pico_stdio_usb/stdio_usb.c.obj
 .text.stdio_usb_in_chars
                0x10001a70       0x88 CMakeFiles/firmware.dir/C_/Users/brian/.pico-sdk/sdk/2.1.1/src/rp2_common/pico_stdio_usb/stdio_usb.c.obj
                0x10001a70                stdio_usb_in_chars
 .text.stdio_usb_out_flush
                0x10001af8       0x54 CMakeFiles/firmware.dir/C_/Users/brian/.pico-sdk/sdk/2.1.1/src/rp2_common/pico_stdio_usb/stdio_usb.c.obj
 .text.stdio_usb_out_chars
                0x10001b4c       0xf4 CMakeFiles/firmware.dir/C_/Users/brian/.pico-sdk/sdk/2.1.1/src/rp2_common/pico_stdio_usb/stdio_usb.c.obj
 .text.low_priority_worker_irq
                0x10001c40       0xd8 CMakeFiles/firmware.dir/C_/Users/brian/.pico-sdk/sdk/2.1.1/src/rp2_common/pico_stdio_usb/stdio_usb.c.obj
 .text.stdio_usb_init
                0x10001d18       0xe8 CMakeFiles/firmware.dir/C_/Users/brian/.pico-sdk/sdk/2.1.1/src/rp2_common/pico_stdio_usb/stdio_usb.c.obj
                0x10001d18                stdio_usb_init
 .text.tud_descriptor_device_cb
                0x10001e00        0x8 CMakeFiles/firmware.dir/C_/Users/brian/.pico-sdk/sdk/2.1.1/src/rp2_common/pico_stdio_usb/stdio_usb_descriptors.c.obj
                0x10001e00                tud_descriptor_device_cb
 .text.tud_descriptor_configuration_cb
                0x10001e08        0x8 CMakeFiles/firmware.dir/C_/Users/brian/.pico-sdk/sdk/2.1.1/src/rp2_common/pico_stdio_usb/stdio_usb_descriptors.c.obj
                0x10001e08                tud_descriptor_configuration_cb
 .text.tud_descriptor_string_cb
                0x10001e10       0x70 CMakeFiles/firmware.dir/C_/Users/brian/.pico-sdk/sdk/2.1.1/src/rp2_common/pico_stdio_usb/stdio_usb_descriptors.c.obj
                0x10001e10                tud_descriptor_string_cb
 .text.startup._retrieve_unique_id_on_boot
                0x10001e80       0x30 CMakeFiles/firmware.dir/C_/Users/brian/.pico-sdk/sdk/2.1.1/src/rp2_common/pico_unique_id/unique_id.c.obj
 .text.pico_get_unique_board_id_string
                0x10001eb0      0x184 CMakeFiles/firmware.dir/C_/Users/brian/.pico-sdk/sdk/2.1.1/src/rp2_common/pico_unique_id/unique_id.c.obj
                0x10001eb0                pico_get_unique_board_id_string
 .text.dcd_init
                0x10002034       0x8c CMakeFiles/firmware.dir/C_/Users/brian/.pico-sdk/sdk/2.1.1/lib/tinyusb/src/portable/raspberrypi/rp2040/dcd_rp2040.c.obj
                0x10002034                dcd_init
 .text.dcd_int_enable
                0x100020c0        0x8 CMakeFiles/firmware.dir/C_/Users/brian/.pico-sdk/sdk/2.1.1/lib/tinyusb/src/portable/raspberrypi/rp2040/dcd_rp2040.c.obj
                0x100020c0                dcd_int_enable
 .text.dcd_set_address
                0x100020c8       0x10 CMakeFiles/firmware.dir/C_/Users/brian/.pico-sdk/sdk/2.1.1/lib/tinyusb/src/portable/raspberrypi/rp2040/dcd_rp2040.c.obj
                0x100020c8                dcd_set_address
 .text.dcd_sof_enable
                0x100020d8       0x1c CMakeFiles/firmware.dir/C_/Users/brian/.pico-sdk/sdk/2.1.1/lib/tinyusb/src/portable/raspberrypi/rp2040/dcd_rp2040.c.obj
                0x100020d8                dcd_sof_enable
 .text.dcd_edpt0_status_complete
                0x100020f4       0x1c CMakeFiles/firmware.dir/C_/Users/brian/.pico-sdk/sdk/2.1.1/lib/tinyusb/src/portable/raspberrypi/rp2040/dcd_rp2040.c.obj
                0x100020f4                dcd_edpt0_status_complete
 .text.dcd_edpt_open
                0x10002110      0x104 CMakeFiles/firmware.dir/C_/Users/brian/.pico-sdk/sdk/2.1.1/lib/tinyusb/src/portable/raspberrypi/rp2040/dcd_rp2040.c.obj
                0x10002110                dcd_edpt_open
 .text.dcd_edpt_close_all
                0x10002214        0x4 CMakeFiles/firmware.dir/C_/Users/brian/.pico-sdk/sdk/2.1.1/lib/tinyusb/src/portable/raspberrypi/rp2040/dcd_rp2040.c.obj
                0x10002214                dcd_edpt_close_all
 .text.dcd_edpt_xfer
                0x10002218       0x28 CMakeFiles/firmware.dir/C_/Users/brian/.pico-sdk/sdk/2.1.1/lib/tinyusb/src/portable/raspberrypi/rp2040/dcd_rp2040.c.obj
                0x10002218                dcd_edpt_xfer
 .text.dcd_edpt_stall
                0x10002240       0x30 CMakeFiles/firmware.dir/C_/Users/brian/.pico-sdk/sdk/2.1.1/lib/tinyusb/src/portable/raspberrypi/rp2040/dcd_rp2040.c.obj
                0x10002240                dcd_edpt_stall
 .text.dcd_edpt_clear_stall
                0x10002270       0x24 CMakeFiles/firmware.dir/C_/Users/brian/.pico-sdk/sdk/2.1.1/lib/tinyusb/src/portable/raspberrypi/rp2040/dcd_rp2040.c.obj
                0x10002270                dcd_edpt_clear_stall
 .text.rp2040_usb_init
                0x10002294       0x40 CMakeFiles/firmware.dir/C_/Users/brian/.pico-sdk/sdk/2.1.1/lib/tinyusb/src/portable/raspberrypi/rp2040/rp2040_usb.c.obj
                0x10002294                rp2040_usb_init
 .text.hw_endpoint_xfer_start
                0x100022d4       0x40 CMakeFiles/firmware.dir/C_/Users/brian/.pico-sdk/sdk/2.1.1/lib/tinyusb/src/portable/raspberrypi/rp2040/rp2040_usb.c.obj
                0x100022d4                hw_endpoint_xfer_start
 .text.configuration_reset
                0x10002314       0x8c CMakeFiles/firmware.dir/C_/Users/brian/.pico-sdk/sdk/2.1.1/lib/tinyusb/src/device/usbd.c.obj
 .text.tud_event_hook_cb
                0x100023a0        0x4 CMakeFiles/firmware.dir/C_/Users/brian/.pico-sdk/sdk/2.1.1/lib/tinyusb/src/device/usbd.c.obj
                0x100023a0                tud_event_hook_cb
 .text.tud_sof_cb
                0x100023a4        0x4 CMakeFiles/firmware.dir/C_/Users/brian/.pico-sdk/sdk/2.1.1/lib/tinyusb/src/device/usbd.c.obj
                0x100023a4                tud_sof_cb
 .text.tud_descriptor_device_qualifier_cb
                0x100023a8        0x4 CMakeFiles/firmware.dir/C_/Users/brian/.pico-sdk/sdk/2.1.1/lib/tinyusb/src/device/usbd.c.obj
                0x100023a8                tud_descriptor_device_qualifier_cb
 .text.tud_descriptor_other_speed_configuration_cb
                0x100023ac        0x4 CMakeFiles/firmware.dir/C_/Users/brian/.pico-sdk/sdk/2.1.1/lib/tinyusb/src/device/usbd.c.obj
                0x100023ac                tud_descriptor_other_speed_configuration_cb
 .text.tud_mount_cb
                0x100023b0        0x4 CMakeFiles/firmware.dir/C_/Users/brian/.pico-sdk/sdk/2.1.1/lib/tinyusb/src/device/usbd.c.obj
                0x100023b0                tud_mount_cb
 .text.tud_umount_cb
                0x100023b4        0x4 CMakeFiles/firmware.dir/C_/Users/brian/.pico-sdk/sdk/2.1.1/lib/tinyusb/src/device/usbd.c.obj
                0x100023b4                tud_umount_cb
 .text.tud_suspend_cb
                0x100023b8        0x4 CMakeFiles/firmware.dir/C_/Users/brian/.pico-sdk/sdk/2.1.1/lib/tinyusb/src/device/usbd.c.obj
                0x100023b8                tud_suspend_cb
 .text.tud_resume_cb
                0x100023bc        0x4 CMakeFiles/firmware.dir/C_/Users/brian/.pico-sdk/sdk/2.1.1/lib/tinyusb/src/device/usbd.c.obj
                0x100023bc                tud_resume_cb
 .text.tud_mounted
                0x100023c0       0x10 CMakeFiles/firmware.dir/C_/Users/brian/.pico-sdk/sdk/2.1.1/lib/tinyusb/src/device/usbd.c.obj
                0x100023c0                tud_mounted
 .text.tud_suspended
                0x100023d0       0x10 CMakeFiles/firmware.dir/C_/Users/brian/.pico-sdk/sdk/2.1.1/lib/tinyusb/src/device/usbd.c.obj
                0x100023d0                tud_suspended
 .text.tud_rhport_init
                0x100023e0       0xf4 CMakeFiles/firmware.dir/C_/Users/brian/.pico-sdk/sdk/2.1.1/lib/tinyusb/src/device/usbd.c.obj
                0x100023e0                tud_rhport_init
 .text.tud_task_ext
                0x100024d4      0x784 CMakeFiles/firmware.dir/C_/Users/brian/.pico-sdk/sdk/2.1.1/lib/tinyusb/src/device/usbd.c.obj
                0x100024d4                tud_task_ext
 .text.usbd_open_edpt_pair
                0x10002c58       0x9c CMakeFiles/firmware.dir/C_/Users/brian/.pico-sdk/sdk/2.1.1/lib/tinyusb/src/device/usbd.c.obj
                0x10002c58                usbd_open_edpt_pair
 .text.usbd_edpt_open
                0x10002cf4       0x44 CMakeFiles/firmware.dir/C_/Users/brian/.pico-sdk/sdk/2.1.1/lib/tinyusb/src/device/usbd.c.obj
                0x10002cf4                usbd_edpt_open
 .text.usbd_edpt_claim
                0x10002d38       0x24 CMakeFiles/firmware.dir/C_/Users/brian/.pico-sdk/sdk/2.1.1/lib/tinyusb/src/device/usbd.c.obj
                0x10002d38                usbd_edpt_claim
 .text.usbd_edpt_release
                0x10002d5c       0x24 CMakeFiles/firmware.dir/C_/Users/brian/.pico-sdk/sdk/2.1.1/lib/tinyusb/src/device/usbd.c.obj
                0x10002d5c                usbd_edpt_release
 .text.usbd_edpt_xfer
                0x10002d80       0x70 CMakeFiles/firmware.dir/C_/Users/brian/.pico-sdk/sdk/2.1.1/lib/tinyusb/src/device/usbd.c.obj
                0x10002d80                usbd_edpt_xfer
 .text.tud_control_status
                0x10002df0       0x34 CMakeFiles/firmware.dir/C_/Users/brian/.pico-sdk/sdk/2.1.1/lib/tinyusb/src/device/usbd_control.c.obj
                0x10002df0                tud_control_status
 .text.tud_control_xfer
                0x10002e24       0xb0 CMakeFiles/firmware.dir/C_/Users/brian/.pico-sdk/sdk/2.1.1/lib/tinyusb/src/device/usbd_control.c.obj
                0x10002e24                tud_control_xfer
 .text.usbd_control_reset
                0x10002ed4       0x14 CMakeFiles/firmware.dir/C_/Users/brian/.pico-sdk/sdk/2.1.1/lib/tinyusb/src/device/usbd_control.c.obj
                0x10002ed4                usbd_control_reset
 .text.usbd_control_set_complete_callback
                0x10002ee8        0xc CMakeFiles/firmware.dir/C_/Users/brian/.pico-sdk/sdk/2.1.1/lib/tinyusb/src/device/usbd_control.c.obj
                0x10002ee8                usbd_control_set_complete_callback
 .text.usbd_control_set_request
                0x10002ef4       0x1c CMakeFiles/firmware.dir/C_/Users/brian/.pico-sdk/sdk/2.1.1/lib/tinyusb/src/device/usbd_control.c.obj
                0x10002ef4                usbd_control_set_request
 .text.usbd_control_xfer_cb
                0x10002f10      0x100 CMakeFiles/firmware.dir/C_/Users/brian/.pico-sdk/sdk/2.1.1/lib/tinyusb/src/device/usbd_control.c.obj
                0x10002f10                usbd_control_xfer_cb
 .text._prep_out_transaction.isra.0
                0x10003010       0x74 CMakeFiles/firmware.dir/C_/Users/brian/.pico-sdk/sdk/2.1.1/lib/tinyusb/src/class/cdc/cdc_device.c.obj
 .text.tud_cdc_n_connected
                0x10003084       0x2c CMakeFiles/firmware.dir/C_/Users/brian/.pico-sdk/sdk/2.1.1/lib/tinyusb/src/class/cdc/cdc_device.c.obj
                0x10003084                tud_cdc_n_connected
 .text.tud_cdc_n_available
                0x100030b0       0x14 CMakeFiles/firmware.dir/C_/Users/brian/.pico-sdk/sdk/2.1.1/lib/tinyusb/src/class/cdc/cdc_device.c.obj
                0x100030b0                tud_cdc_n_available
 .text.tud_cdc_n_read
                0x100030c4       0x90 CMakeFiles/firmware.dir/C_/Users/brian/.pico-sdk/sdk/2.1.1/lib/tinyusb/src/class/cdc/cdc_device.c.obj
                0x100030c4                tud_cdc_n_read
 .text.tud_cdc_n_write_flush
                0x10003154       0x8c CMakeFiles/firmware.dir/C_/Users/brian/.pico-sdk/sdk/2.1.1/lib/tinyusb/src/class/cdc/cdc_device.c.obj
                0x10003154                tud_cdc_n_write_flush
 .text.tud_cdc_n_write
                0x100031e0       0x40 CMakeFiles/firmware.dir/C_/Users/brian/.pico-sdk/sdk/2.1.1/lib/tinyusb/src/class/cdc/cdc_device.c.obj
                0x100031e0                tud_cdc_n_write
 .text.tud_cdc_n_write_available
                0x10003220       0x14 CMakeFiles/firmware.dir/C_/Users/brian/.pico-sdk/sdk/2.1.1/lib/tinyusb/src/class/cdc/cdc_device.c.obj
                0x10003220                tud_cdc_n_write_available
 .text.cdcd_init
                0x10003234       0x70 CMakeFiles/firmware.dir/C_/Users/brian/.pico-sdk/sdk/2.1.1/lib/tinyusb/src/class/cdc/cdc_device.c.obj
                0x10003234                cdcd_init
 .text.cdcd_deinit
                0x100032a4       0x30 CMakeFiles/firmware.dir/C_/Users/brian/.pico-sdk/sdk/2.1.1/lib/tinyusb/src/class/cdc/cdc_device.c.obj
                0x100032a4                cdcd_deinit
 .text.cdcd_reset
                0x100032d4       0x4c CMakeFiles/firmware.dir/C_/Users/brian/.pico-sdk/sdk/2.1.1/lib/tinyusb/src/class/cdc/cdc_device.c.obj
                0x100032d4                cdcd_reset
 .text.cdcd_open
                0x10003320       0xc0 CMakeFiles/firmware.dir/C_/Users/brian/.pico-sdk/sdk/2.1.1/lib/tinyusb/src/class/cdc/cdc_device.c.obj
                0x10003320                cdcd_open
 .text.cdcd_control_xfer_cb
                0x100033e0       0xc0 CMakeFiles/firmware.dir/C_/Users/brian/.pico-sdk/sdk/2.1.1/lib/tinyusb/src/class/cdc/cdc_device.c.obj
                0x100033e0                cdcd_control_xfer_cb
 .text.cdcd_xfer_cb
                0x100034a0       0xf8 CMakeFiles/firmware.dir/C_/Users/brian/.pico-sdk/sdk/2.1.1/lib/tinyusb/src/class/cdc/cdc_device.c.obj
                0x100034a0                cdcd_xfer_cb
 .text.vendord_init
                0x10003598       0x5c CMakeFiles/firmware.dir/C_/Users/brian/.pico-sdk/sdk/2.1.1/lib/tinyusb/src/class/vendor/vendor_device.c.obj
                0x10003598                vendord_init
 .text.vendord_deinit
                0x100035f4       0x1c CMakeFiles/firmware.dir/C_/Users/brian/.pico-sdk/sdk/2.1.1/lib/tinyusb/src/class/vendor/vendor_device.c.obj
                0x100035f4                vendord_deinit
 .text.vendord_reset
                0x10003610       0x24 CMakeFiles/firmware.dir/C_/Users/brian/.pico-sdk/sdk/2.1.1/lib/tinyusb/src/class/vendor/vendor_device.c.obj
                0x10003610                vendord_reset
 .text.vendord_open
                0x10003634       0xf4 CMakeFiles/firmware.dir/C_/Users/brian/.pico-sdk/sdk/2.1.1/lib/tinyusb/src/class/vendor/vendor_device.c.obj
                0x10003634                vendord_open
 .text.vendord_xfer_cb
                0x10003728       0x88 CMakeFiles/firmware.dir/C_/Users/brian/.pico-sdk/sdk/2.1.1/lib/tinyusb/src/class/vendor/vendor_device.c.obj
                0x10003728                vendord_xfer_cb
 .text.tusb_rhport_init
                0x100037b0       0x64 CMakeFiles/firmware.dir/C_/Users/brian/.pico-sdk/sdk/2.1.1/lib/tinyusb/src/tusb.c.obj
                0x100037b0                tusb_rhport_init
 .text.tu_edpt_claim
                0x10003814       0x54 CMakeFiles/firmware.dir/C_/Users/brian/.pico-sdk/sdk/2.1.1/lib/tinyusb/src/tusb.c.obj
                0x10003814                tu_edpt_claim
 .text.tu_edpt_release
                0x10003868       0x38 CMakeFiles/firmware.dir/C_/Users/brian/.pico-sdk/sdk/2.1.1/lib/tinyusb/src/tusb.c.obj
                0x10003868                tu_edpt_release
 .text.tu_edpt_validate
                0x100038a0       0x60 CMakeFiles/firmware.dir/C_/Users/brian/.pico-sdk/sdk/2.1.1/lib/tinyusb/src/tusb.c.obj
                0x100038a0                tu_edpt_validate
 .text.tu_edpt_bind_driver
                0x10003900       0x58 CMakeFiles/firmware.dir/C_/Users/brian/.pico-sdk/sdk/2.1.1/lib/tinyusb/src/tusb.c.obj
                0x10003900                tu_edpt_bind_driver
 .text.tu_edpt_stream_init
                0x10003958       0x58 CMakeFiles/firmware.dir/C_/Users/brian/.pico-sdk/sdk/2.1.1/lib/tinyusb/src/tusb.c.obj
                0x10003958                tu_edpt_stream_init
 .text.tu_edpt_stream_deinit
                0x100039b0        0x4 CMakeFiles/firmware.dir/C_/Users/brian/.pico-sdk/sdk/2.1.1/lib/tinyusb/src/tusb.c.obj
                0x100039b0                tu_edpt_stream_deinit
 .text.tu_edpt_stream_write_zlp_if_needed
                0x100039b4       0x68 CMakeFiles/firmware.dir/C_/Users/brian/.pico-sdk/sdk/2.1.1/lib/tinyusb/src/tusb.c.obj
                0x100039b4                tu_edpt_stream_write_zlp_if_needed
 .text.tu_edpt_stream_write_xfer
                0x10003a1c       0x70 CMakeFiles/firmware.dir/C_/Users/brian/.pico-sdk/sdk/2.1.1/lib/tinyusb/src/tusb.c.obj
                0x10003a1c                tu_edpt_stream_write_xfer
 .text.tu_edpt_stream_read_xfer
                0x10003a8c       0xc8 CMakeFiles/firmware.dir/C_/Users/brian/.pico-sdk/sdk/2.1.1/lib/tinyusb/src/tusb.c.obj
                0x10003a8c                tu_edpt_stream_read_xfer
 .text.tu_fifo_config
                0x10003b54       0x60 CMakeFiles/firmware.dir/C_/Users/brian/.pico-sdk/sdk/2.1.1/lib/tinyusb/src/common/tusb_fifo.c.obj
                0x10003b54                tu_fifo_config
 .text.tu_fifo_count
                0x10003bb4       0x20 CMakeFiles/firmware.dir/C_/Users/brian/.pico-sdk/sdk/2.1.1/lib/tinyusb/src/common/tusb_fifo.c.obj
                0x10003bb4                tu_fifo_count
 .text.tu_fifo_empty
                0x10003bd4       0x14 CMakeFiles/firmware.dir/C_/Users/brian/.pico-sdk/sdk/2.1.1/lib/tinyusb/src/common/tusb_fifo.c.obj
                0x10003bd4                tu_fifo_empty
 .text.tu_fifo_remaining
                0x10003be8       0x24 CMakeFiles/firmware.dir/C_/Users/brian/.pico-sdk/sdk/2.1.1/lib/tinyusb/src/common/tusb_fifo.c.obj
                0x10003be8                tu_fifo_remaining
 .text.tu_fifo_read
                0x10003c0c       0x94 CMakeFiles/firmware.dir/C_/Users/brian/.pico-sdk/sdk/2.1.1/lib/tinyusb/src/common/tusb_fifo.c.obj
                0x10003c0c                tu_fifo_read
 .text.tu_fifo_read_n
                0x10003ca0       0xd8 CMakeFiles/firmware.dir/C_/Users/brian/.pico-sdk/sdk/2.1.1/lib/tinyusb/src/common/tusb_fifo.c.obj
                0x10003ca0                tu_fifo_read_n
 .text.tu_fifo_write
                0x10003d78       0xa4 CMakeFiles/firmware.dir/C_/Users/brian/.pico-sdk/sdk/2.1.1/lib/tinyusb/src/common/tusb_fifo.c.obj
                0x10003d78                tu_fifo_write
 .text.tu_fifo_write_n
                0x10003e1c      0x15c CMakeFiles/firmware.dir/C_/Users/brian/.pico-sdk/sdk/2.1.1/lib/tinyusb/src/common/tusb_fifo.c.obj
                0x10003e1c                tu_fifo_write_n
 .text.tu_fifo_clear
                0x10003f78       0x38 CMakeFiles/firmware.dir/C_/Users/brian/.pico-sdk/sdk/2.1.1/lib/tinyusb/src/common/tusb_fifo.c.obj
                0x10003f78                tu_fifo_clear
 .text.tu_fifo_set_overwritable
                0x10003fb0       0x3c CMakeFiles/firmware.dir/C_/Users/brian/.pico-sdk/sdk/2.1.1/lib/tinyusb/src/common/tusb_fifo.c.obj
                0x10003fb0                tu_fifo_set_overwritable
 .text.exception_set_exclusive_handler
                0x10003fec       0x4c CMakeFiles/firmware.dir/C_/Users/brian/.pico-sdk/sdk/2.1.1/src/rp2_common/hardware_exception/exception.c.obj
                0x10003fec                exception_set_exclusive_handler
 .text.prvAddNewTaskToReadyList
                0x10004038      0x118 freertos/libfreertos.a(tasks.c.obj)
 .text.prvIdleTask
                0x10004150       0x5c freertos/libfreertos.a(tasks.c.obj)
 .text.xTaskIncrementTick.part.0
                0x100041ac      0x15c freertos/libfreertos.a(tasks.c.obj)
 .text.xTaskCreate
                0x10004308      0x104 freertos/libfreertos.a(tasks.c.obj)
                0x10004308                xTaskCreate
 .text.vTaskDelete
                0x1000440c       0xbc freertos/libfreertos.a(tasks.c.obj)
                0x1000440c                vTaskDelete
 .text.vTaskSuspend
                0x100044c8      0x15c freertos/libfreertos.a(tasks.c.obj)
                0x100044c8                vTaskSuspend
 .text.vTaskResume
                0x10004624       0xa4 freertos/libfreertos.a(tasks.c.obj)
                0x10004624                vTaskResume
 .text.vTaskStartScheduler
                0x100046c8       0xc0 freertos/libfreertos.a(tasks.c.obj)
                0x100046c8                vTaskStartScheduler
 .text.vTaskSuspendAll
                0x10004788       0x10 freertos/libfreertos.a(tasks.c.obj)
                0x10004788                vTaskSuspendAll
 .text.xTaskResumeAll
                0x10004798      0x180 freertos/libfreertos.a(tasks.c.obj)
                0x10004798                xTaskResumeAll
 .text.vTaskDelay
                0x10004918       0x84 freertos/libfreertos.a(tasks.c.obj)
                0x10004918                vTaskDelay
 .text.xTaskGetTickCount
                0x1000499c        0xc freertos/libfreertos.a(tasks.c.obj)
                0x1000499c                xTaskGetTickCount
 .text.xTaskIncrementTick
                0x100049a8       0x20 freertos/libfreertos.a(tasks.c.obj)
                0x100049a8                xTaskIncrementTick
 .text.vTaskSwitchContext
                0x100049c8       0xa4 freertos/libfreertos.a(tasks.c.obj)
                0x100049c8                vTaskSwitchContext
 .text.vTaskPlaceOnEventList
                0x10004a6c       0x98 freertos/libfreertos.a(tasks.c.obj)
                0x10004a6c                vTaskPlaceOnEventList
 .text.vTaskPlaceOnEventListRestricted
                0x10004b04       0xcc freertos/libfreertos.a(tasks.c.obj)
                0x10004b04                vTaskPlaceOnEventListRestricted
 .text.xTaskRemoveFromEventList
                0x10004bd0       0xd0 freertos/libfreertos.a(tasks.c.obj)
                0x10004bd0                xTaskRemoveFromEventList
 .text.vTaskInternalSetTimeOutState
                0x10004ca0       0x18 freertos/libfreertos.a(tasks.c.obj)
                0x10004ca0                vTaskInternalSetTimeOutState
 .text.xTaskCheckForTimeOut
                0x10004cb8       0x60 freertos/libfreertos.a(tasks.c.obj)
                0x10004cb8                xTaskCheckForTimeOut
 .text.vTaskMissedYield
                0x10004d18        0xc freertos/libfreertos.a(tasks.c.obj)
                0x10004d18                vTaskMissedYield
 .text.prvTimerTask
                0x10004d24      0x350 freertos/libfreertos.a(timers.c.obj)
 .text.xTimerCreateTimerTask
                0x10005074       0x84 freertos/libfreertos.a(timers.c.obj)
                0x10005074                xTimerCreateTimerTask
 .text.pvPortMalloc
                0x100050f8       0x18 freertos/libfreertos.a(heap_3.c.obj)
                0x100050f8                pvPortMalloc
 .text.vPortFree
                0x10005110       0x1c freertos/libfreertos.a(heap_3.c.obj)
                0x10005110                vPortFree
 .text.prvTaskExitError
                0x1000512c       0x18 freertos/libfreertos.a(port.c.obj)
 .text.isr_systick
                0x10005144       0x24 freertos/libfreertos.a(port.c.obj)
                0x10005144                isr_systick
 .text.vPortSetupTimerInterrupt
                0x10005168       0x2c freertos/libfreertos.a(port.c.obj)
                0x10005168                vPortSetupTimerInterrupt
 .text.vPortYield
                0x10005194       0x18 freertos/libfreertos.a(port.c.obj)
                0x10005194                vPortYield
 .text.vPortEnterCritical
                0x100051ac       0x1c freertos/libfreertos.a(port.c.obj)
                0x100051ac                vPortEnterCritical
 .text.vPortExitCritical
                0x100051c8       0x18 freertos/libfreertos.a(port.c.obj)
                0x100051c8                vPortExitCritical
 .text.vPortSVCHandler_C
                0x100051e0       0x2c freertos/libfreertos.a(port.c.obj)
                0x100051e0                vPortSVCHandler_C
 .text.pxPortInitialiseStack
                0x1000520c       0x78 freertos/libfreertos.a(port.c.obj)
                0x1000520c                pxPortInitialiseStack
 .text.xPortStartScheduler
                0x10005284       0xdc freertos/libfreertos.a(port.c.obj)
                0x10005284                xPortStartScheduler
 .text.startup.prvRuntimeInitializer
                0x10005360       0x24 freertos/libfreertos.a(port.c.obj)
 .text.vRestoreContextOfFirstTask
                0x10005384       0x2c freertos/libfreertos.a(portasm.c.obj)
                0x10005384                vRestoreContextOfFirstTask
 .text.vStartFirstTask
                0x100053b0       0x10 freertos/libfreertos.a(portasm.c.obj)
                0x100053b0                vStartFirstTask
 .text.ulSetInterruptMask
                0x100053c0       0x18 freertos/libfreertos.a(portasm.c.obj)
                0x100053c0                ulSetInterruptMask
 .text.vClearInterruptMask
                0x100053d8       0x10 freertos/libfreertos.a(portasm.c.obj)
                0x100053d8                vClearInterruptMask
 .text.isr_pendsv
                0x100053e8       0x80 freertos/libfreertos.a(portasm.c.obj)
                0x100053e8                isr_pendsv
 .text.isr_svcall
                0x10005468       0x18 freertos/libfreertos.a(portasm.c.obj)
                0x10005468                isr_svcall
 .text.xEventGroupCreate
                0x10005480       0x1c freertos/libfreertos.a(event_groups.c.obj)
                0x10005480                xEventGroupCreate
 .text.vListInitialise
                0x1000549c       0x18 freertos/libfreertos.a(list.c.obj)
                0x1000549c                vListInitialise
 .text.vListInitialiseItem
                0x100054b4        0x8 freertos/libfreertos.a(list.c.obj)
                0x100054b4                vListInitialiseItem
 .text.vListInsertEnd
                0x100054bc       0x1c freertos/libfreertos.a(list.c.obj)
                0x100054bc                vListInsertEnd
 .text.vListInsert
                0x100054d8       0x30 freertos/libfreertos.a(list.c.obj)
                0x100054d8                vListInsert
 .text.uxListRemove
                0x10005508       0x28 freertos/libfreertos.a(list.c.obj)
                0x10005508                uxListRemove
 .text.xQueueGenericCreate
                0x10005530       0x78 freertos/libfreertos.a(queue.c.obj)
                0x10005530                xQueueGenericCreate
 .text.xQueueReceive
                0x100055a8      0x288 freertos/libfreertos.a(queue.c.obj)
                0x100055a8                xQueueReceive
 .text.vQueueAddToRegistry
                0x10005830      0x180 freertos/libfreertos.a(queue.c.obj)
                0x10005830                vQueueAddToRegistry
 .text.vQueueWaitForMessageRestricted
                0x100059b0       0xc8 freertos/libfreertos.a(queue.c.obj)
                0x100059b0                vQueueWaitForMessageRestricted
 .text.malloc   0x10005a78       0x10 C:/Users/brian/.pico-sdk/toolchain/14_2_Rel1/bin/../lib/gcc/arm-none-eabi/14.2.1/thumb/v8-m.main+fp/softfp\libg.a(libc_a-malloc.o)
                0x10005a78                malloc
 .text.free     0x10005a88       0x10 C:/Users/brian/.pico-sdk/toolchain/14_2_Rel1/bin/../lib/gcc/arm-none-eabi/14.2.1/thumb/v8-m.main+fp/softfp\libg.a(libc_a-malloc.o)
                0x10005a88                free
 .text._malloc_r
                0x10005a98      0x578 C:/Users/brian/.pico-sdk/toolchain/14_2_Rel1/bin/../lib/gcc/arm-none-eabi/14.2.1/thumb/v8-m.main+fp/softfp\libg.a(libc_a-mallocr.o)
                0x10005a98                _malloc_r
 .text.__malloc_lock
                0x10006010        0xc C:/Users/brian/.pico-sdk/toolchain/14_2_Rel1/bin/../lib/gcc/arm-none-eabi/14.2.1/thumb/v8-m.main+fp/softfp\libg.a(libc_a-mlock.o)
                0x10006010                __malloc_lock
 .text.__malloc_unlock
                0x1000601c        0xc C:/Users/brian/.pico-sdk/toolchain/14_2_Rel1/bin/../lib/gcc/arm-none-eabi/14.2.1/thumb/v8-m.main+fp/softfp\libg.a(libc_a-mlock.o)
                0x1000601c                __malloc_unlock
 .text.memset   0x10006028       0x9c C:/Users/brian/.pico-sdk/toolchain/14_2_Rel1/bin/../lib/gcc/arm-none-eabi/14.2.1/thumb/v8-m.main+fp/softfp\libg.a(libc_a-memset.o)
                0x10006028                memset
 .text._sbrk_r  0x100060c4       0x24 C:/Users/brian/.pico-sdk/toolchain/14_2_Rel1/bin/../lib/gcc/arm-none-eabi/14.2.1/thumb/v8-m.main+fp/softfp\libg.a(libc_a-sbrkr.o)
                0x100060c4                _sbrk_r
 .text.__errno  0x100060e8        0xc C:/Users/brian/.pico-sdk/toolchain/14_2_Rel1/bin/../lib/gcc/arm-none-eabi/14.2.1/thumb/v8-m.main+fp/softfp\libg.a(libc_a-errno.o)
                0x100060e8                __errno
 .text.__retarget_lock_acquire_recursive
                0x100060f4        0x4 C:/Users/brian/.pico-sdk/toolchain/14_2_Rel1/bin/../lib/gcc/arm-none-eabi/14.2.1/thumb/v8-m.main+fp/softfp\libg.a(libc_a-lock.o)
                0x100060f4                __retarget_lock_acquire_recursive
 .text.__retarget_lock_release_recursive
                0x100060f8        0x4 C:/Users/brian/.pico-sdk/toolchain/14_2_Rel1/bin/../lib/gcc/arm-none-eabi/14.2.1/thumb/v8-m.main+fp/softfp\libg.a(libc_a-lock.o)
                0x100060f8                __retarget_lock_release_recursive
 .text.sysconf  0x100060fc       0x1c C:/Users/brian/.pico-sdk/toolchain/14_2_Rel1/bin/../lib/gcc/arm-none-eabi/14.2.1/thumb/v8-m.main+fp/softfp\libg.a(libc_a-sysconf.o)
                0x100060fc                sysconf
 .text          0x10006118       0xec C:/Users/brian/.pico-sdk/toolchain/14_2_Rel1/bin/../lib/gcc/arm-none-eabi/14.2.1/thumb/v8-m.main+fp/softfp\libg.a(libc_a-memcpy.o)
                0x10006118                memcpy
 .text.strlen   0x10006204       0x5c C:/Users/brian/.pico-sdk/toolchain/14_2_Rel1/bin/../lib/gcc/arm-none-eabi/14.2.1/thumb/v8-m.main+fp/softfp\libg.a(libc_a-strlen-stub.o)
                0x10006204                strlen
 .text._malloc_trim_r
                0x10006260       0xb8 C:/Users/brian/.pico-sdk/toolchain/14_2_Rel1/bin/../lib/gcc/arm-none-eabi/14.2.1/thumb/v8-m.main+fp/softfp\libg.a(libc_a-freer.o)
                0x10006260                _malloc_trim_r
 .text._free_r  0x10006318      0x1e8 C:/Users/brian/.pico-sdk/toolchain/14_2_Rel1/bin/../lib/gcc/arm-none-eabi/14.2.1/thumb/v8-m.main+fp/softfp\libg.a(libc_a-freer.o)
                0x10006318                _free_r
 *(.fini)
 .fini          0x10006500        0x4 C:/Users/brian/.pico-sdk/toolchain/14_2_Rel1/bin/../lib/gcc/arm-none-eabi/14.2.1/thumb/v8-m.main+fp/softfp/crti.o
                0x10006500                _fini
 *fill*         0x10006504        0x4 
 .fini.__stub   0x10006508       0x48 linker stubs
 *crtbegin.o(.ctors)
 *crtbegin?.o(.ctors)
 *(EXCLUDE_FILE(*crtend.o *crtend?.o) .ctors)
 *(SORT_BY_NAME(.ctors.*))
 *(.ctors)
 *crtbegin.o(.dtors)
 *crtbegin?.o(.dtors)
 *(EXCLUDE_FILE(*crtend.o *crtend?.o) .dtors)
 *(SORT_BY_NAME(.dtors.*))
 *(.dtors)
                0x10006550                        . = ALIGN (0x4)
                0x10006550                        PROVIDE (__preinit_array_start = .)
 *(SORT_BY_NAME(.preinit_array.*))
 .preinit_array.00050
                0x10006550        0x4 CMakeFiles/firmware.dir/C_/Users/brian/.pico-sdk/sdk/2.1.1/src/rp2_common/pico_runtime_init/runtime_init.c.obj
                0x10006550                __pre_init_runtime_init_bootrom_reset
 .preinit_array.00100
                0x10006554        0x4 CMakeFiles/firmware.dir/C_/Users/brian/.pico-sdk/sdk/2.1.1/src/rp2_common/pico_runtime_init/runtime_init.c.obj
                0x10006554                __pre_init_runtime_init_early_resets
 .preinit_array.00101
                0x10006558        0x4 CMakeFiles/firmware.dir/C_/Users/brian/.pico-sdk/sdk/2.1.1/src/rp2_common/pico_runtime_init/runtime_init.c.obj
                0x10006558                __pre_init_runtime_init_usb_power_down
 .preinit_array.00500
                0x1000655c        0x4 CMakeFiles/firmware.dir/C_/Users/brian/.pico-sdk/sdk/2.1.1/src/rp2_common/pico_runtime_init/runtime_init.c.obj
                0x1000655c                __pre_init_runtime_init_clocks
 .preinit_array.00600
                0x10006560        0x4 CMakeFiles/firmware.dir/C_/Users/brian/.pico-sdk/sdk/2.1.1/src/rp2_common/pico_runtime_init/runtime_init.c.obj
                0x10006560                __pre_init_runtime_init_post_clock_resets
 .preinit_array.01000
                0x10006564        0x4 CMakeFiles/firmware.dir/C_/Users/brian/.pico-sdk/sdk/2.1.1/src/rp2_common/hardware_boot_lock/boot_lock.c.obj
                0x10006564                __pre_init_runtime_init_boot_locks_reset
 .preinit_array.01000
                0x10006568        0x4 CMakeFiles/firmware.dir/C_/Users/brian/.pico-sdk/sdk/2.1.1/src/rp2_common/pico_runtime_init/runtime_init.c.obj
                0x10006568                __pre_init_runtime_init_spin_locks_reset
 .preinit_array.01010
                0x1000656c        0x4 CMakeFiles/firmware.dir/C_/Users/brian/.pico-sdk/sdk/2.1.1/src/rp2_common/pico_bootrom/bootrom_lock.c.obj
                0x1000656c                __pre_init_runtime_init_bootrom_locking_enable
 .preinit_array.01100
                0x10006570        0x4 CMakeFiles/firmware.dir/C_/Users/brian/.pico-sdk/sdk/2.1.1/src/common/pico_sync/mutex.c.obj
                0x10006570                __pre_init_runtime_init_mutex
 .preinit_array.10080
                0x10006574        0x4 CMakeFiles/firmware.dir/C_/Users/brian/.pico-sdk/sdk/2.1.1/src/rp2_common/pico_runtime_init/runtime_init.c.obj
                0x10006574                __pre_init_runtime_init_install_ram_vector_table
 .preinit_array.11000
                0x10006578        0x4 CMakeFiles/firmware.dir/C_/Users/brian/.pico-sdk/sdk/2.1.1/src/common/pico_time/time.c.obj
                0x10006578                __pre_init_runtime_init_default_alarm_pool
 .preinit_array.YYYYY
                0x1000657c        0x4 CMakeFiles/firmware.dir/C_/Users/brian/.pico-sdk/sdk/2.1.1/src/rp2_common/pico_runtime/runtime.c.obj
                0x1000657c                __pre_init_first_per_core_initializer
 .preinit_array.ZZZZZ.00051
                0x10006580        0x4 CMakeFiles/firmware.dir/C_/Users/brian/.pico-sdk/sdk/2.1.1/src/rp2_common/pico_runtime_init/runtime_init.c.obj
                0x10006580                __pre_init_runtime_init_per_core_bootrom_reset
 .preinit_array.ZZZZZ.00200
                0x10006584        0x4 CMakeFiles/firmware.dir/C_/Users/brian/.pico-sdk/sdk/2.1.1/src/rp2_common/pico_runtime_init/runtime_init.c.obj
                0x10006584                __pre_init_runtime_init_per_core_enable_coprocessors
 .preinit_array.ZZZZZ.01000
                0x10006588        0x4 CMakeFiles/firmware.dir/C_/Users/brian/.pico-sdk/sdk/2.1.1/src/rp2_common/hardware_sync_spin_lock/sync_spin_lock.c.obj
                0x10006588                __pre_init_spinlock_set_extexclall
 .preinit_array.ZZZZZ.01200
                0x1000658c        0x4 CMakeFiles/firmware.dir/C_/Users/brian/.pico-sdk/sdk/2.1.1/src/rp2_common/hardware_irq/irq.c.obj
                0x1000658c                __pre_init_runtime_init_per_core_irq_priorities
 *(.preinit_array)
                0x10006590                        PROVIDE (__preinit_array_end = .)
                0x10006590                        . = ALIGN (0x4)
                0x10006590                        PROVIDE (__init_array_start = .)
 *(SORT_BY_NAME(.init_array.*))
 *(.init_array)
 .init_array    0x10006590        0x4 C:/Users/brian/.pico-sdk/toolchain/14_2_Rel1/bin/../lib/gcc/arm-none-eabi/14.2.1/thumb/v8-m.main+fp/softfp/crtbegin.o
 .init_array    0x10006594        0x4 CMakeFiles/firmware.dir/C_/Users/brian/.pico-sdk/sdk/2.1.1/src/rp2_common/pico_unique_id/unique_id.c.obj
 .init_array    0x10006598        0x4 freertos/libfreertos.a(port.c.obj)
                0x1000659c                        PROVIDE (__init_array_end = .)
                0x1000659c                        . = ALIGN (0x4)
                [!provide]                        PROVIDE (__fini_array_start = .)
 *(SORT_BY_NAME(.fini_array.*))
 *(.fini_array)
                [!provide]                        PROVIDE (__fini_array_end = .)
 *(.eh_frame*)
 .eh_frame      0x1000659c        0x0 C:/Users/brian/.pico-sdk/toolchain/14_2_Rel1/bin/../lib/gcc/arm-none-eabi/14.2.1/thumb/v8-m.main+fp/softfp/crtbegin.o
                0x1000659c                        . = ALIGN (0x4)

.glue_7         0x1000659c        0x0
 .glue_7        0x1000659c        0x0 linker stubs

.glue_7t        0x1000659c        0x0
 .glue_7t       0x1000659c        0x0 linker stubs

.vfp11_veneer   0x1000659c        0x0
 .vfp11_veneer  0x1000659c        0x0 linker stubs

.v4_bx          0x1000659c        0x0
 .v4_bx         0x1000659c        0x0 linker stubs

.iplt           0x1000659c        0x0
 .iplt          0x1000659c        0x0 C:/Users/brian/.pico-sdk/toolchain/14_2_Rel1/bin/../lib/gcc/arm-none-eabi/14.2.1/thumb/v8-m.main+fp/softfp/crtbegin.o

.boot2          0x1000659c        0x0
                0x1000659c                        __boot2_start__ = .
 *(.boot2)
                0x1000659c                        __boot2_end__ = .
                0x00000001                        ASSERT (((__boot2_end__ - __boot2_start__) <= 0x100), ERROR: Pico second stage bootloader must be no more than 256 bytes in size)

.rodata         0x1000659c      0x3ec
 *(EXCLUDE_FILE(*libm.a: *libc.a:*lib_a-mem*.o *libgcc.a:) .rodata*)
 .rodata.task_led_on.str1.4
                0x1000659c      0x1cc CMakeFiles/firmware.dir/firmware.c.obj
                                 0x1b (size before relaxing)
 .rodata.task_led_off.str1.4
                0x10006768       0x1c CMakeFiles/firmware.dir/firmware.c.obj
 .rodata.main.str1.4
                0x10006768       0x18 CMakeFiles/firmware.dir/firmware.c.obj
 .rodata.panic.str1.4
                0x10006768       0x12 CMakeFiles/firmware.dir/C_/Users/brian/.pico-sdk/sdk/2.1.1/src/rp2_common/pico_platform_panic/panic.c.obj
 .rodata.spin_lock_claim_unused.str1.4
                0x10006768       0x1b CMakeFiles/firmware.dir/C_/Users/brian/.pico-sdk/sdk/2.1.1/src/rp2_common/hardware_sync/sync.c.obj
 .rodata.user_irq_claim_unused.str1.4
                0x10006768       0x1b CMakeFiles/firmware.dir/C_/Users/brian/.pico-sdk/sdk/2.1.1/src/rp2_common/hardware_irq/irq.c.obj
 .rodata.timer_hardware_alarm_claim.str1.4
                0x10006768       0x22 CMakeFiles/firmware.dir/C_/Users/brian/.pico-sdk/sdk/2.1.1/src/rp2_common/hardware_timer/timer.c.obj
 .rodata.hard_assertion_failure.str1.4
                0x10006768        0xc CMakeFiles/firmware.dir/C_/Users/brian/.pico-sdk/sdk/2.1.1/src/rp2_common/pico_runtime/runtime.c.obj
 .rodata.__wrap_malloc.str1.4
                0x10006768        0xe CMakeFiles/firmware.dir/C_/Users/brian/.pico-sdk/sdk/2.1.1/src/rp2_common/pico_malloc/malloc.c.obj
 .rodata.str1.4
                0x10006768       0x44 CMakeFiles/firmware.dir/C_/Users/brian/.pico-sdk/sdk/2.1.1/src/rp2_common/pico_standard_binary_info/standard_binary_info.c.obj
 .rodata.__bi_84
                0x10006768        0xc CMakeFiles/firmware.dir/C_/Users/brian/.pico-sdk/sdk/2.1.1/src/rp2_common/pico_standard_binary_info/standard_binary_info.c.obj
 .rodata.__bi_78
                0x10006774        0xc CMakeFiles/firmware.dir/C_/Users/brian/.pico-sdk/sdk/2.1.1/src/rp2_common/pico_standard_binary_info/standard_binary_info.c.obj
 .rodata.__bi_60
                0x10006780        0xc CMakeFiles/firmware.dir/C_/Users/brian/.pico-sdk/sdk/2.1.1/src/rp2_common/pico_standard_binary_info/standard_binary_info.c.obj
 .rodata.__bi_54
                0x1000678c        0xc CMakeFiles/firmware.dir/C_/Users/brian/.pico-sdk/sdk/2.1.1/src/rp2_common/pico_standard_binary_info/standard_binary_info.c.obj
 .rodata.__bi_48
                0x10006798        0xc CMakeFiles/firmware.dir/C_/Users/brian/.pico-sdk/sdk/2.1.1/src/rp2_common/pico_standard_binary_info/standard_binary_info.c.obj
 .rodata.__bi_42
                0x100067a4        0xc CMakeFiles/firmware.dir/C_/Users/brian/.pico-sdk/sdk/2.1.1/src/rp2_common/pico_standard_binary_info/standard_binary_info.c.obj
 .rodata.__bi_34
                0x100067b0        0xc CMakeFiles/firmware.dir/C_/Users/brian/.pico-sdk/sdk/2.1.1/src/rp2_common/pico_standard_binary_info/standard_binary_info.c.obj
 .rodata.__bi_26
                0x100067bc        0xc CMakeFiles/firmware.dir/C_/Users/brian/.pico-sdk/sdk/2.1.1/src/rp2_common/pico_standard_binary_info/standard_binary_info.c.obj
 .rodata.crlf_str.0
                0x100067c8        0x2 CMakeFiles/firmware.dir/C_/Users/brian/.pico-sdk/sdk/2.1.1/src/rp2_common/pico_stdio/stdio.c.obj
 *fill*         0x100067ca        0x2 
 .rodata._resetd_driver
                0x100067cc       0x20 CMakeFiles/firmware.dir/C_/Users/brian/.pico-sdk/sdk/2.1.1/src/rp2_common/pico_stdio_usb/reset_interface.c.obj
 .rodata.desc_ms_os_20
                0x100067ec       0xa6 CMakeFiles/firmware.dir/C_/Users/brian/.pico-sdk/sdk/2.1.1/src/rp2_common/pico_stdio_usb/reset_interface.c.obj
 *fill*         0x10006892        0x2 
 .rodata.desc_bos
                0x10006894       0x21 CMakeFiles/firmware.dir/C_/Users/brian/.pico-sdk/sdk/2.1.1/src/rp2_common/pico_stdio_usb/reset_interface.c.obj
                0x10006894                desc_bos
 .rodata.str1.4
                0x100068b5       0x13 CMakeFiles/firmware.dir/C_/Users/brian/.pico-sdk/sdk/2.1.1/src/rp2_common/pico_stdio_usb/stdio_usb.c.obj
 *fill*         0x100068b5        0x3 
 .rodata.__bi_197.0
                0x100068b8        0xc CMakeFiles/firmware.dir/C_/Users/brian/.pico-sdk/sdk/2.1.1/src/rp2_common/pico_stdio_usb/stdio_usb.c.obj
 .rodata.str1.4
                0x100068c4       0x2a CMakeFiles/firmware.dir/C_/Users/brian/.pico-sdk/sdk/2.1.1/src/rp2_common/pico_stdio_usb/stdio_usb_descriptors.c.obj
 .rodata.usbd_desc_str
                0x100068c4       0x18 CMakeFiles/firmware.dir/C_/Users/brian/.pico-sdk/sdk/2.1.1/src/rp2_common/pico_stdio_usb/stdio_usb_descriptors.c.obj
 .rodata.usbd_desc_cfg
                0x100068dc       0x54 CMakeFiles/firmware.dir/C_/Users/brian/.pico-sdk/sdk/2.1.1/src/rp2_common/pico_stdio_usb/stdio_usb_descriptors.c.obj
 .rodata.usbd_desc_device
                0x10006930       0x12 CMakeFiles/firmware.dir/C_/Users/brian/.pico-sdk/sdk/2.1.1/src/rp2_common/pico_stdio_usb/stdio_usb_descriptors.c.obj
 .rodata.str1.4
                0x10006942       0x14 CMakeFiles/firmware.dir/C_/Users/brian/.pico-sdk/sdk/2.1.1/lib/tinyusb/src/portable/raspberrypi/rp2040/dcd_rp2040.c.obj
 .rodata.str1.4
                0x10006942       0x48 CMakeFiles/firmware.dir/C_/Users/brian/.pico-sdk/sdk/2.1.1/lib/tinyusb/src/portable/raspberrypi/rp2040/rp2040_usb.c.obj
 *fill*         0x10006942        0x2 
 .rodata._usbd_driver
                0x10006944       0x40 CMakeFiles/firmware.dir/C_/Users/brian/.pico-sdk/sdk/2.1.1/lib/tinyusb/src/device/usbd.c.obj
 .rodata.uxTopUsedPriority
                0x10006984        0x4 freertos/libfreertos.a(tasks.c.obj)
 .rodata.xTimerCreateTimerTask.str1.4
                0x10006988       0x10 freertos/libfreertos.a(timers.c.obj)
 *(.srodata*)
                0x10006998                        . = ALIGN (0x4)
 *(SORT_BY_ALIGNMENT(SORT_BY_NAME(.flashdata*)))
                0x10006998                        . = ALIGN (0x4)

.ARM.extab
 *(.ARM.extab* .gnu.linkonce.armextab.*)
                0x10006988                        __exidx_start = .

.ARM.exidx      0x10006988        0x8
 *(.ARM.exidx* .gnu.linkonce.armexidx.*)
 .ARM.exidx     0x10006988        0x8 C:/Users/brian/.pico-sdk/toolchain/14_2_Rel1/bin/../lib/gcc/arm-none-eabi/14.2.1/thumb/v8-m.main+fp/softfp\libg.a(libc_a-memcpy.o)
                0x10006990                        __exidx_end = .
                0x10006990                        . = ALIGN (0x4)
                0x10006990                        __binary_info_start = .

.binary_info    0x10006990       0x24
 *(.binary_info.keep.*)
 .binary_info.keep.__bi_ptr84
                0x10006990        0x4 CMakeFiles/firmware.dir/C_/Users/brian/.pico-sdk/sdk/2.1.1/src/rp2_common/pico_standard_binary_info/standard_binary_info.c.obj
 .binary_info.keep.__bi_ptr78
                0x10006994        0x4 CMakeFiles/firmware.dir/C_/Users/brian/.pico-sdk/sdk/2.1.1/src/rp2_common/pico_standard_binary_info/standard_binary_info.c.obj
 .binary_info.keep.__bi_ptr60
                0x10006998        0x4 CMakeFiles/firmware.dir/C_/Users/brian/.pico-sdk/sdk/2.1.1/src/rp2_common/pico_standard_binary_info/standard_binary_info.c.obj
 .binary_info.keep.__bi_ptr54
                0x1000699c        0x4 CMakeFiles/firmware.dir/C_/Users/brian/.pico-sdk/sdk/2.1.1/src/rp2_common/pico_standard_binary_info/standard_binary_info.c.obj
 .binary_info.keep.__bi_ptr48
                0x100069a0        0x4 CMakeFiles/firmware.dir/C_/Users/brian/.pico-sdk/sdk/2.1.1/src/rp2_common/pico_standard_binary_info/standard_binary_info.c.obj
 .binary_info.keep.__bi_ptr42
                0x100069a4        0x4 CMakeFiles/firmware.dir/C_/Users/brian/.pico-sdk/sdk/2.1.1/src/rp2_common/pico_standard_binary_info/standard_binary_info.c.obj
 .binary_info.keep.__bi_ptr34
                0x100069a8        0x4 CMakeFiles/firmware.dir/C_/Users/brian/.pico-sdk/sdk/2.1.1/src/rp2_common/pico_standard_binary_info/standard_binary_info.c.obj
 .binary_info.keep.__bi_ptr26
                0x100069ac        0x4 CMakeFiles/firmware.dir/C_/Users/brian/.pico-sdk/sdk/2.1.1/src/rp2_common/pico_standard_binary_info/standard_binary_info.c.obj
 *(.binary_info.*)
 .binary_info.__bi_ptr197
                0x100069b0        0x4 CMakeFiles/firmware.dir/C_/Users/brian/.pico-sdk/sdk/2.1.1/src/rp2_common/pico_stdio_usb/stdio_usb.c.obj
                0x100069b4                        __binary_info_end = .
                0x100069b4                        . = ALIGN (0x4)

.ram_vector_table
                0x20000000      0x110
 *(.ram_vector_table)
 .ram_vector_table
                0x20000000      0x110 CMakeFiles/firmware.dir/C_/Users/brian/.pico-sdk/sdk/2.1.1/src/rp2_common/pico_runtime_init/runtime_init.c.obj
                0x20000000                ram_vector_table

.uninitialized_data
                0x20000110        0x0
                0x20000110                        . = ALIGN (0x4)
 *(.uninitialized_data*)

.data           0x20000110     0x12f0 load address 0x100069b4
                0x20000110                        __data_start__ = .
 *(vtable)
 *(.time_critical*)
 .time_critical.mutex_try_enter
                0x20000110       0x50 CMakeFiles/firmware.dir/C_/Users/brian/.pico-sdk/sdk/2.1.1/src/common/pico_sync/mutex.c.obj
                0x20000110                mutex_try_enter
 .time_critical.mutex_enter_block_until
                0x20000160       0x6c CMakeFiles/firmware.dir/C_/Users/brian/.pico-sdk/sdk/2.1.1/src/common/pico_sync/mutex.c.obj
                0x20000160                mutex_enter_block_until
 .time_critical.mutex_try_enter_block_until
                0x200001cc       0x68 CMakeFiles/firmware.dir/C_/Users/brian/.pico-sdk/sdk/2.1.1/src/common/pico_sync/mutex.c.obj
                0x200001cc                mutex_try_enter_block_until
 .time_critical.mutex_enter_timeout_ms
                0x20000234       0x38 CMakeFiles/firmware.dir/C_/Users/brian/.pico-sdk/sdk/2.1.1/src/common/pico_sync/mutex.c.obj
                0x20000234                mutex_enter_timeout_ms
 .time_critical.mutex_exit
                0x2000026c       0x3c CMakeFiles/firmware.dir/C_/Users/brian/.pico-sdk/sdk/2.1.1/src/common/pico_sync/mutex.c.obj
                0x2000026c                mutex_exit
 .time_critical.reset_non_control_endpoints
                0x200002a8       0x64 CMakeFiles/firmware.dir/C_/Users/brian/.pico-sdk/sdk/2.1.1/lib/tinyusb/src/portable/raspberrypi/rp2040/dcd_rp2040.c.obj
 .time_critical.hw_handle_buff_status
                0x2000030c       0x90 CMakeFiles/firmware.dir/C_/Users/brian/.pico-sdk/sdk/2.1.1/lib/tinyusb/src/portable/raspberrypi/rp2040/dcd_rp2040.c.obj
 .time_critical.dcd_rp2040_irq
                0x2000039c      0x530 CMakeFiles/firmware.dir/C_/Users/brian/.pico-sdk/sdk/2.1.1/lib/tinyusb/src/portable/raspberrypi/rp2040/dcd_rp2040.c.obj
 .time_critical.prepare_ep_buffer
                0x200008cc       0xc0 CMakeFiles/firmware.dir/C_/Users/brian/.pico-sdk/sdk/2.1.1/lib/tinyusb/src/portable/raspberrypi/rp2040/rp2040_usb.c.obj
 .time_critical.sync_ep_buffer
                0x2000098c       0xb4 CMakeFiles/firmware.dir/C_/Users/brian/.pico-sdk/sdk/2.1.1/lib/tinyusb/src/portable/raspberrypi/rp2040/rp2040_usb.c.obj
 .time_critical._hw_endpoint_xfer_sync
                0x20000a40       0x2c CMakeFiles/firmware.dir/C_/Users/brian/.pico-sdk/sdk/2.1.1/lib/tinyusb/src/portable/raspberrypi/rp2040/rp2040_usb.c.obj
 .time_critical.e15_is_bulkin_ep
                0x20000a6c       0x28 CMakeFiles/firmware.dir/C_/Users/brian/.pico-sdk/sdk/2.1.1/lib/tinyusb/src/portable/raspberrypi/rp2040/rp2040_usb.c.obj
 .time_critical.e15_is_critical_frame_period
                0x20000a94       0x28 CMakeFiles/firmware.dir/C_/Users/brian/.pico-sdk/sdk/2.1.1/lib/tinyusb/src/portable/raspberrypi/rp2040/rp2040_usb.c.obj
 .time_critical.hw_endpoint_reset_transfer
                0x20000abc        0xc CMakeFiles/firmware.dir/C_/Users/brian/.pico-sdk/sdk/2.1.1/lib/tinyusb/src/portable/raspberrypi/rp2040/rp2040_usb.c.obj
                0x20000abc                hw_endpoint_reset_transfer
 .time_critical._hw_endpoint_buffer_control_update32
                0x20000ac8       0x44 CMakeFiles/firmware.dir/C_/Users/brian/.pico-sdk/sdk/2.1.1/lib/tinyusb/src/portable/raspberrypi/rp2040/rp2040_usb.c.obj
                0x20000ac8                _hw_endpoint_buffer_control_update32
 .time_critical.hw_endpoint_start_next_buffer
                0x20000b0c       0x64 CMakeFiles/firmware.dir/C_/Users/brian/.pico-sdk/sdk/2.1.1/lib/tinyusb/src/portable/raspberrypi/rp2040/rp2040_usb.c.obj
                0x20000b0c                hw_endpoint_start_next_buffer
 .time_critical.hw_endpoint_xfer_continue
                0x20000b70       0x3c CMakeFiles/firmware.dir/C_/Users/brian/.pico-sdk/sdk/2.1.1/lib/tinyusb/src/portable/raspberrypi/rp2040/rp2040_usb.c.obj
                0x20000b70                hw_endpoint_xfer_continue
 .time_critical.tinyusb
                0x20000bac      0x224 CMakeFiles/firmware.dir/C_/Users/brian/.pico-sdk/sdk/2.1.1/lib/tinyusb/src/device/usbd.c.obj
                0x20000bac                dcd_event_handler
 .time_critical.tinyusb.__stub
                0x20000dd0       0x30 linker stubs
 *(.text*)
                0x20000e00                        . = ALIGN (0x4)
 *(.rodata*)
                0x20000e00                        . = ALIGN (0x4)
 *(.data*)
 .data.striped_spin_lock_num
                0x20000e00        0x1 CMakeFiles/firmware.dir/C_/Users/brian/.pico-sdk/sdk/2.1.1/src/rp2_common/hardware_sync/sync.c.obj
 *fill*         0x20000e01        0x3 
 .data          0x20000e04       0x48 CMakeFiles/firmware.dir/C_/Users/brian/.pico-sdk/sdk/2.1.1/src/rp2_common/hardware_irq/irq_handler_chain.S.obj
                0x20000e04                irq_handler_chain_slots
                0x20000e34                irq_handler_chain_first_slot
                0x20000e3e                irq_handler_chain_remove_tail
 .data.default_alarm_pool
                0x20000e4c       0x18 CMakeFiles/firmware.dir/C_/Users/brian/.pico-sdk/sdk/2.1.1/src/common/pico_time/time.c.obj
 .data.stdio_usb
                0x20000e64       0x18 CMakeFiles/firmware.dir/C_/Users/brian/.pico-sdk/sdk/2.1.1/src/rp2_common/pico_stdio_usb/stdio_usb.c.obj
                0x20000e64                stdio_usb
 .data._usbd_qdef
                0x20000e7c       0x1c CMakeFiles/firmware.dir/C_/Users/brian/.pico-sdk/sdk/2.1.1/lib/tinyusb/src/device/usbd.c.obj
                0x20000e7c                _usbd_qdef
 .data._usbd_rhport
                0x20000e98        0x1 CMakeFiles/firmware.dir/C_/Users/brian/.pico-sdk/sdk/2.1.1/lib/tinyusb/src/device/usbd.c.obj
 .data.ucPrimaryCoreNum
                0x20000e99        0x1 freertos/libfreertos.a(port.c.obj)
 *fill*         0x20000e9a        0x2 
 .data.ulCriticalNesting
                0x20000e9c        0x4 freertos/libfreertos.a(port.c.obj)
 .data.__malloc_sbrk_base
                0x20000ea0        0x4 C:/Users/brian/.pico-sdk/toolchain/14_2_Rel1/bin/../lib/gcc/arm-none-eabi/14.2.1/thumb/v8-m.main+fp/softfp\libg.a(libc_a-mallocr.o)
                0x20000ea0                __malloc_sbrk_base
 .data.__malloc_trim_threshold
                0x20000ea4        0x4 C:/Users/brian/.pico-sdk/toolchain/14_2_Rel1/bin/../lib/gcc/arm-none-eabi/14.2.1/thumb/v8-m.main+fp/softfp\libg.a(libc_a-mallocr.o)
                0x20000ea4                __malloc_trim_threshold
 .data.__malloc_av_
                0x20000ea8      0x408 C:/Users/brian/.pico-sdk/toolchain/14_2_Rel1/bin/../lib/gcc/arm-none-eabi/14.2.1/thumb/v8-m.main+fp/softfp\libg.a(libc_a-mallocr.o)
                0x20000ea8                __malloc_av_
 .data._impure_ptr
                0x200012b0        0x4 C:/Users/brian/.pico-sdk/toolchain/14_2_Rel1/bin/../lib/gcc/arm-none-eabi/14.2.1/thumb/v8-m.main+fp/softfp\libg.a(libc_a-impure.o)
                0x200012b0                _impure_ptr
 *fill*         0x200012b4        0x4 
 .data._impure_data
                0x200012b8      0x140 C:/Users/brian/.pico-sdk/toolchain/14_2_Rel1/bin/../lib/gcc/arm-none-eabi/14.2.1/thumb/v8-m.main+fp/softfp\libg.a(libc_a-impure.o)
                0x200012b8                _impure_data
 *(.sdata*)
                0x200013f8                        . = ALIGN (0x4)
 *(.after_data.*)
                0x200013f8                        . = ALIGN (0x4)
                0x200013f8                        PROVIDE (__mutex_array_start = .)
 *(SORT_BY_NAME(.mutex_array.*))
 *(.mutex_array)
 .mutex_array   0x200013f8        0x8 CMakeFiles/firmware.dir/C_/Users/brian/.pico-sdk/sdk/2.1.1/src/rp2_common/pico_stdio/stdio.c.obj
                0x20001400                        PROVIDE (__mutex_array_end = .)
 *(.jcr)
                0x20001400                        . = ALIGN (0x4)

.tm_clone_table
                0x20001400        0x0 load address 0x10007ca4
 .tm_clone_table
                0x20001400        0x0 C:/Users/brian/.pico-sdk/toolchain/14_2_Rel1/bin/../lib/gcc/arm-none-eabi/14.2.1/thumb/v8-m.main+fp/softfp/crtbegin.o
 .tm_clone_table
                0x20001400        0x0 C:/Users/brian/.pico-sdk/toolchain/14_2_Rel1/bin/../lib/gcc/arm-none-eabi/14.2.1/thumb/v8-m.main+fp/softfp/crtend.o

.igot.plt       0x20001400        0x0 load address 0x10007ca4
 .igot.plt      0x20001400        0x0 C:/Users/brian/.pico-sdk/toolchain/14_2_Rel1/bin/../lib/gcc/arm-none-eabi/14.2.1/thumb/v8-m.main+fp/softfp/crtbegin.o

.tdata          0x20001400        0x0 load address 0x10007ca4
                0x20001400                        . = ALIGN (0x4)
 *(.tdata .tdata.* .gnu.linkonce.td.*)
                0x20001400                        __tdata_end = .
                0x20001400                        PROVIDE (__data_end__ = .)
                0x100069b4                        __etext = LOADADDR (.data)

.tbss           0x20001400        0x0 load address 0x10007ca4
                0x20001400                        . = ALIGN (0x4)
                0x20001400                        __bss_start__ = .
                0x20001400                        __tls_base = .
 *(.tbss .tbss.* .gnu.linkonce.tb.*)
 *(.tcommon)
                0x20001400                        __tls_end = .

.bss            0x20001400      0xf58 load address 0x10007ca4
                0x20001400                        . = ALIGN (0x4)
                0x20001400                        __tbss_end = .
 *(SORT_BY_ALIGNMENT(SORT_BY_NAME(.bss*)))
 .bss.default_alarm_pool_entries
                0x20001400      0x180 CMakeFiles/firmware.dir/C_/Users/brian/.pico-sdk/sdk/2.1.1/src/common/pico_time/time.c.obj
 .bss.last_avail_time.1
                0x20001580        0x8 CMakeFiles/firmware.dir/C_/Users/brian/.pico-sdk/sdk/2.1.1/src/rp2_common/pico_stdio_usb/stdio_usb.c.obj
 .bss.xQueueRegistry
                0x20001588       0x50 freertos/libfreertos.a(queue.c.obj)
                0x20001588                xQueueRegistry
 .bss.__lock___malloc_recursive_mutex
                0x200015d8        0x1 C:/Users/brian/.pico-sdk/toolchain/14_2_Rel1/bin/../lib/gcc/arm-none-eabi/14.2.1/thumb/v8-m.main+fp/softfp\libg.a(libc_a-lock.o)
                0x200015d8                __lock___malloc_recursive_mutex
 *fill*         0x200015d9        0x3 
 .bss.__malloc_current_mallinfo
                0x200015dc       0x28 C:/Users/brian/.pico-sdk/toolchain/14_2_Rel1/bin/../lib/gcc/arm-none-eabi/14.2.1/thumb/v8-m.main+fp/softfp\libg.a(libc_a-mallocr.o)
                0x200015dc                __malloc_current_mallinfo
 .bss.__malloc_max_sbrked_mem
                0x20001604        0x4 C:/Users/brian/.pico-sdk/toolchain/14_2_Rel1/bin/../lib/gcc/arm-none-eabi/14.2.1/thumb/v8-m.main+fp/softfp\libg.a(libc_a-mallocr.o)
                0x20001604                __malloc_max_sbrked_mem
 .bss.__malloc_max_total_mem
                0x20001608        0x4 C:/Users/brian/.pico-sdk/toolchain/14_2_Rel1/bin/../lib/gcc/arm-none-eabi/14.2.1/thumb/v8-m.main+fp/softfp\libg.a(libc_a-mallocr.o)
                0x20001608                __malloc_max_total_mem
 .bss.__malloc_top_pad
                0x2000160c        0x4 C:/Users/brian/.pico-sdk/toolchain/14_2_Rel1/bin/../lib/gcc/arm-none-eabi/14.2.1/thumb/v8-m.main+fp/softfp\libg.a(libc_a-mallocr.o)
                0x2000160c                __malloc_top_pad
 .bss.__sf      0x20001610      0x138 C:/Users/brian/.pico-sdk/toolchain/14_2_Rel1/bin/../lib/gcc/arm-none-eabi/14.2.1/thumb/v8-m.main+fp/softfp\libg.a(libc_a-findfp.o)
                0x20001610                __sf
 .bss._app_driver
                0x20001748        0x4 CMakeFiles/firmware.dir/C_/Users/brian/.pico-sdk/sdk/2.1.1/lib/tinyusb/src/device/usbd.c.obj
 .bss._cdcd_epbuf
                0x2000174c       0x80 CMakeFiles/firmware.dir/C_/Users/brian/.pico-sdk/sdk/2.1.1/lib/tinyusb/src/class/cdc/cdc_device.c.obj
 .bss._cdcd_fifo_cfg
                0x200017cc        0x1 CMakeFiles/firmware.dir/C_/Users/brian/.pico-sdk/sdk/2.1.1/lib/tinyusb/src/class/cdc/cdc_device.c.obj
 *fill*         0x200017cd        0x3 
 .bss._cdcd_itf
                0x200017d0       0xc8 CMakeFiles/firmware.dir/C_/Users/brian/.pico-sdk/sdk/2.1.1/lib/tinyusb/src/class/cdc/cdc_device.c.obj
 .bss._ctrl_epbuf
                0x20001898       0x40 CMakeFiles/firmware.dir/C_/Users/brian/.pico-sdk/sdk/2.1.1/lib/tinyusb/src/device/usbd_control.c.obj
 .bss._ctrl_xfer
                0x200018d8       0x14 CMakeFiles/firmware.dir/C_/Users/brian/.pico-sdk/sdk/2.1.1/lib/tinyusb/src/device/usbd_control.c.obj
 .bss._sw_spin_locks
                0x200018ec       0x20 CMakeFiles/firmware.dir/C_/Users/brian/.pico-sdk/sdk/2.1.1/src/rp2_common/hardware_sync_spin_lock/sync_spin_lock.c.obj
                0x200018ec                _sw_spin_locks
 .bss._tusb_rhport_role
                0x2000190c        0x2 CMakeFiles/firmware.dir/C_/Users/brian/.pico-sdk/sdk/2.1.1/lib/tinyusb/src/tusb.c.obj
                0x2000190c                _tusb_rhport_role
 *fill*         0x2000190e        0x2 
 .bss._ubsd_mutexdef
                0x20001910        0x8 CMakeFiles/firmware.dir/C_/Users/brian/.pico-sdk/sdk/2.1.1/lib/tinyusb/src/device/usbd.c.obj
 .bss._usbd_dev
                0x20001918       0x54 CMakeFiles/firmware.dir/C_/Users/brian/.pico-sdk/sdk/2.1.1/lib/tinyusb/src/device/usbd.c.obj
 .bss._usbd_mutex
                0x2000196c        0x4 CMakeFiles/firmware.dir/C_/Users/brian/.pico-sdk/sdk/2.1.1/lib/tinyusb/src/device/usbd.c.obj
 .bss._usbd_q   0x20001970        0x4 CMakeFiles/firmware.dir/C_/Users/brian/.pico-sdk/sdk/2.1.1/lib/tinyusb/src/device/usbd.c.obj
 .bss._usbd_qdef_buf
                0x20001974       0xc0 CMakeFiles/firmware.dir/C_/Users/brian/.pico-sdk/sdk/2.1.1/lib/tinyusb/src/device/usbd.c.obj
                0x20001974                _usbd_qdef_buf
 .bss._vendord_epbuf
                0x20001a34       0x80 CMakeFiles/firmware.dir/C_/Users/brian/.pico-sdk/sdk/2.1.1/lib/tinyusb/src/class/vendor/vendor_device.c.obj
 .bss._vendord_itf
                0x20001ab4      0x24c CMakeFiles/firmware.dir/C_/Users/brian/.pico-sdk/sdk/2.1.1/lib/tinyusb/src/class/vendor/vendor_device.c.obj
 .bss.chars_available_callback
                0x20001d00        0x4 CMakeFiles/firmware.dir/C_/Users/brian/.pico-sdk/sdk/2.1.1/src/rp2_common/pico_stdio_usb/stdio_usb.c.obj
 .bss.chars_available_param
                0x20001d04        0x4 CMakeFiles/firmware.dir/C_/Users/brian/.pico-sdk/sdk/2.1.1/src/rp2_common/pico_stdio_usb/stdio_usb.c.obj
 .bss.claimed   0x20001d08        0x4 CMakeFiles/firmware.dir/C_/Users/brian/.pico-sdk/sdk/2.1.1/src/rp2_common/hardware_sync/sync.c.obj
 .bss.claimed   0x20001d0c        0x2 CMakeFiles/firmware.dir/C_/Users/brian/.pico-sdk/sdk/2.1.1/src/rp2_common/hardware_timer/timer.c.obj
 *fill*         0x20001d0e        0x2 
 .bss.configured_freq
                0x20001d10       0x28 CMakeFiles/firmware.dir/C_/Users/brian/.pico-sdk/sdk/2.1.1/src/rp2_common/hardware_clocks/clocks.c.obj
 .bss.desc_str.0
                0x20001d38       0x28 CMakeFiles/firmware.dir/C_/Users/brian/.pico-sdk/sdk/2.1.1/src/rp2_common/pico_stdio_usb/stdio_usb_descriptors.c.obj
 .bss.drivers   0x20001d60        0x4 CMakeFiles/firmware.dir/C_/Users/brian/.pico-sdk/sdk/2.1.1/src/rp2_common/pico_stdio/stdio.c.obj
 .bss.e15_last_sof
                0x20001d64        0x4 CMakeFiles/firmware.dir/C_/Users/brian/.pico-sdk/sdk/2.1.1/lib/tinyusb/src/portable/raspberrypi/rp2040/rp2040_usb.c.obj
                0x20001d64                e15_last_sof
 .bss.errno     0x20001d68        0x4 C:/Users/brian/.pico-sdk/toolchain/14_2_Rel1/bin/../lib/gcc/arm-none-eabi/14.2.1/thumb/v8-m.main+fp/softfp\libg.a(libc_a-reent.o)
                0x20001d68                errno
 .bss.filter    0x20001d6c        0x4 CMakeFiles/firmware.dir/C_/Users/brian/.pico-sdk/sdk/2.1.1/src/rp2_common/pico_stdio/stdio.c.obj
 .bss.handle_led_off
                0x20001d70        0x4 CMakeFiles/firmware.dir/firmware.c.obj
                0x20001d70                handle_led_off
 .bss.handle_led_on
                0x20001d74        0x4 CMakeFiles/firmware.dir/firmware.c.obj
                0x20001d74                handle_led_on
 .bss.heap_end.0
                0x20001d78        0x4 CMakeFiles/firmware.dir/C_/Users/brian/.pico-sdk/sdk/2.1.1/src/rp2_common/pico_clib_interface/newlib_interface.c.obj
 .bss.hw_endpoints
                0x20001d7c      0x400 CMakeFiles/firmware.dir/C_/Users/brian/.pico-sdk/sdk/2.1.1/lib/tinyusb/src/portable/raspberrypi/rp2040/dcd_rp2040.c.obj
 .bss.lazy_vsnprintf
                0x2000217c        0x4 CMakeFiles/firmware.dir/C_/Users/brian/.pico-sdk/sdk/2.1.1/src/rp2_common/pico_printf/printf.c.obj
 .bss.load_value
                0x20002180        0x4 CMakeFiles/firmware.dir/C_/Users/brian/.pico-sdk/sdk/2.1.1/src/rp2_common/hardware_watchdog/watchdog.c.obj
 .bss.next_buffer_ptr
                0x20002184        0x4 CMakeFiles/firmware.dir/C_/Users/brian/.pico-sdk/sdk/2.1.1/lib/tinyusb/src/portable/raspberrypi/rp2040/dcd_rp2040.c.obj
 .bss.object.0  0x20002188       0x18 C:/Users/brian/.pico-sdk/toolchain/14_2_Rel1/bin/../lib/gcc/arm-none-eabi/14.2.1/thumb/v8-m.main+fp/softfp/crtbegin.o
 .bss.one_shot_timer_crit_sec
                0x200021a0        0x8 CMakeFiles/firmware.dir/C_/Users/brian/.pico-sdk/sdk/2.1.1/src/rp2_common/pico_stdio_usb/stdio_usb.c.obj
 .bss.pools     0x200021a8       0x20 CMakeFiles/firmware.dir/C_/Users/brian/.pico-sdk/sdk/2.1.1/src/common/pico_time/time.c.obj
 .bss.pxCrossCoreSpinLock
                0x200021c8        0x4 freertos/libfreertos.a(port.c.obj)
 .bss.pxCurrentTCB
                0x200021cc        0x4 freertos/libfreertos.a(tasks.c.obj)
                0x200021cc                pxCurrentTCB
 .bss.pxCurrentTimerList
                0x200021d0        0x4 freertos/libfreertos.a(timers.c.obj)
 .bss.pxDelayedTaskList
                0x200021d4        0x4 freertos/libfreertos.a(tasks.c.obj)
 .bss.pxOverflowDelayedTaskList
                0x200021d8        0x4 freertos/libfreertos.a(tasks.c.obj)
 .bss.pxOverflowTimerList
                0x200021dc        0x4 freertos/libfreertos.a(timers.c.obj)
 .bss.pxReadyTasksLists
                0x200021e0       0x78 freertos/libfreertos.a(tasks.c.obj)
 .bss.retrieved_id
                0x20002258        0x8 CMakeFiles/firmware.dir/C_/Users/brian/.pico-sdk/sdk/2.1.1/src/rp2_common/pico_unique_id/unique_id.c.obj
 .bss.sleep_notifier
                0x20002260        0x4 CMakeFiles/firmware.dir/C_/Users/brian/.pico-sdk/sdk/2.1.1/src/common/pico_time/time.c.obj
 .bss.stdio_usb_mutex
                0x20002264        0x8 CMakeFiles/firmware.dir/C_/Users/brian/.pico-sdk/sdk/2.1.1/src/rp2_common/pico_stdio_usb/stdio_usb.c.obj
 .bss.ulMaxPRIGROUPValue
                0x2000226c        0x4 freertos/libfreertos.a(port.c.obj)
 .bss.usbd_serial_str
                0x20002270       0x11 CMakeFiles/firmware.dir/C_/Users/brian/.pico-sdk/sdk/2.1.1/src/rp2_common/pico_stdio_usb/stdio_usb_descriptors.c.obj
 *fill*         0x20002281        0x3 
 .bss.uxCurrentNumberOfTasks
                0x20002284        0x4 freertos/libfreertos.a(tasks.c.obj)
 .bss.uxDeletedTasksWaitingCleanUp
                0x20002288        0x4 freertos/libfreertos.a(tasks.c.obj)
 .bss.uxSchedulerSuspended
                0x2000228c        0x4 freertos/libfreertos.a(tasks.c.obj)
 .bss.uxTaskNumber
                0x20002290        0x4 freertos/libfreertos.a(tasks.c.obj)
 .bss.uxTopReadyPriority
                0x20002294        0x4 freertos/libfreertos.a(tasks.c.obj)
 .bss.xActiveTimerList1
                0x20002298       0x14 freertos/libfreertos.a(timers.c.obj)
 .bss.xActiveTimerList2
                0x200022ac       0x14 freertos/libfreertos.a(timers.c.obj)
 .bss.xDelayedTaskList1
                0x200022c0       0x14 freertos/libfreertos.a(tasks.c.obj)
 .bss.xDelayedTaskList2
                0x200022d4       0x14 freertos/libfreertos.a(tasks.c.obj)
 .bss.xEventGroup
                0x200022e8        0x4 freertos/libfreertos.a(port.c.obj)
 .bss.xIdleTaskHandles
                0x200022ec        0x4 freertos/libfreertos.a(tasks.c.obj)
 .bss.xLastTime.0
                0x200022f0        0x4 freertos/libfreertos.a(timers.c.obj)
 .bss.xNextTaskUnblockTime
                0x200022f4        0x4 freertos/libfreertos.a(tasks.c.obj)
 .bss.xNumOfOverflows
                0x200022f8        0x4 freertos/libfreertos.a(tasks.c.obj)
 .bss.xPendedTicks
                0x200022fc        0x4 freertos/libfreertos.a(tasks.c.obj)
 .bss.xPendingReadyList
                0x20002300       0x14 freertos/libfreertos.a(tasks.c.obj)
 .bss.xSchedulerRunning
                0x20002314        0x4 freertos/libfreertos.a(tasks.c.obj)
 .bss.xSuspendedTaskList
                0x20002318       0x14 freertos/libfreertos.a(tasks.c.obj)
 .bss.xTasksWaitingTermination
                0x2000232c       0x14 freertos/libfreertos.a(tasks.c.obj)
 .bss.xTickCount
                0x20002340        0x4 freertos/libfreertos.a(tasks.c.obj)
 .bss.xTimerQueue
                0x20002344        0x4 freertos/libfreertos.a(timers.c.obj)
 .bss.xTimerTaskHandle
                0x20002348        0x4 freertos/libfreertos.a(timers.c.obj)
 .bss.xYieldPendings
                0x2000234c        0x4 freertos/libfreertos.a(tasks.c.obj)
 .bss._app_driver_count
                0x20002350        0x1 CMakeFiles/firmware.dir/C_/Users/brian/.pico-sdk/sdk/2.1.1/lib/tinyusb/src/device/usbd.c.obj
 .bss._sof_enable
                0x20002351        0x1 CMakeFiles/firmware.dir/C_/Users/brian/.pico-sdk/sdk/2.1.1/lib/tinyusb/src/portable/raspberrypi/rp2040/dcd_rp2040.c.obj
 .bss._usbd_queued_setup
                0x20002352        0x1 CMakeFiles/firmware.dir/C_/Users/brian/.pico-sdk/sdk/2.1.1/lib/tinyusb/src/device/usbd.c.obj
 .bss.irq_handler_chain_free_slot_head
                0x20002353        0x1 CMakeFiles/firmware.dir/C_/Users/brian/.pico-sdk/sdk/2.1.1/src/rp2_common/hardware_irq/irq.c.obj
 .bss.itf_num   0x20002354        0x1 CMakeFiles/firmware.dir/C_/Users/brian/.pico-sdk/sdk/2.1.1/src/rp2_common/pico_stdio_usb/reset_interface.c.obj
 .bss.low_priority_irq_num
                0x20002355        0x1 CMakeFiles/firmware.dir/C_/Users/brian/.pico-sdk/sdk/2.1.1/src/rp2_common/pico_stdio_usb/stdio_usb.c.obj
 .bss.one_shot_timer_pending
                0x20002356        0x1 CMakeFiles/firmware.dir/C_/Users/brian/.pico-sdk/sdk/2.1.1/src/rp2_common/pico_stdio_usb/stdio_usb.c.obj
 .bss.user_irq_claimed
                0x20002357        0x1 CMakeFiles/firmware.dir/C_/Users/brian/.pico-sdk/sdk/2.1.1/src/rp2_common/hardware_irq/irq.c.obj
 *(COMMON)
                [!provide]                        PROVIDE (__global_pointer$ = (. + 0x800))
 *(.sbss*)
                0x20002358                        . = ALIGN (0x4)
                0x20002358                        __bss_end__ = .

.heap           0x20002358      0x800 load address 0x10007ca4
                0x20002358                        __end__ = .
                0x20002358                        end = __end__
 *(.heap*)
 .heap          0x20002358      0x800 CMakeFiles/firmware.dir/C_/Users/brian/.pico-sdk/sdk/2.1.1/src/rp2_common/pico_crt0/crt0.S.obj
                0x20080000                        __HeapLimit = (ORIGIN (RAM) + LENGTH (RAM))

.scratch_x      0x20080000        0x0 load address 0x10007ca4
                0x20080000                        __scratch_x_start__ = .
 *(.scratch_x.*)
                0x20080000                        . = ALIGN (0x4)
                0x20080000                        __scratch_x_end__ = .
                0x10007ca4                        __scratch_x_source__ = LOADADDR (.scratch_x)

.scratch_y      0x20081000        0x0 load address 0x10007ca4
                0x20081000                        __scratch_y_start__ = .
 *(.scratch_y.*)
                0x20081000                        . = ALIGN (0x4)
                0x20081000                        __scratch_y_end__ = .
                0x10007ca4                        __scratch_y_source__ = LOADADDR (.scratch_y)

.stack1_dummy
 *(.stack1*)

.stack_dummy    0x20081000      0x800
 *(.stack*)