Archive member included to satisfy reference by file (symbol)

freertos/libfreertos.a(queue.c.obj)
                              CMakeFiles/firmware.dir/firmware.c.obj (xQueueGenericCreate)
freertos/libfreertos.a(tasks.c.obj)
                              CMakeFiles/firmware.dir/firmware.c.obj (xTaskCreate)
freertos/libfreertos.a(timers.c.obj)
                              freertos/libfreertos.a(tasks.c.obj) (xTimerCreateTimerTask)
freertos/libfreertos.a(heap_3.c.obj)
                              freertos/libfreertos.a(queue.c.obj) (pvPortMalloc)
freertos/libfreertos.a(port.c.obj)
                              freertos/libfreertos.a(queue.c.obj) (vPortYield)
freertos/libfreertos.a(portasm.c.obj)
                              freertos/libfreertos.a(port.c.obj) (vRestoreContextOfFirstTask)
freertos/libfreertos.a(event_groups.c.obj)
                              freertos/libfreertos.a(port.c.obj) (xEventGroupCreate)
freertos/libfreertos.a(list.c.obj)
                              freertos/libfreertos.a(queue.c.obj) (vListInitialise)
helper/libhelper.a(helper.c.obj)
                              CMakeFiles/firmware.dir/firmware.c.obj (pwm_user_init)
lcd/liblcd.a(lcd.c.obj)       CMakeFiles/firmware.dir/firmware.c.obj (lcd_set_cursor)
C:/Users/brian/.pico-sdk/toolchain/14_2_Rel1/bin/../lib/gcc/arm-none-eabi/14.2.1/thumb/v8-m.main+fp/softfp\libm.a(libm_a-wf_sqrt.o)
                              CMakeFiles/firmware.dir/C_/Users/brian/.pico-sdk/sdk/2.1.1/src/rp2_common/pico_float/float_math.c.obj (sqrtf)
C:/Users/brian/.pico-sdk/toolchain/14_2_Rel1/bin/../lib/gcc/arm-none-eabi/14.2.1/thumb/v8-m.main+fp/softfp\libm.a(libm_a-ef_sqrt.o)
                              C:/Users/brian/.pico-sdk/toolchain/14_2_Rel1/bin/../lib/gcc/arm-none-eabi/14.2.1/thumb/v8-m.main+fp/softfp\libm.a(libm_a-wf_sqrt.o) (__ieee754_sqrtf)
C:/Users/brian/.pico-sdk/toolchain/14_2_Rel1/bin/../lib/gcc/arm-none-eabi/14.2.1/thumb/v8-m.main+fp/softfp\libgcc.a(_arm_addsubdf3.o)
                              CMakeFiles/firmware.dir/C_/Users/brian/.pico-sdk/sdk/2.1.1/src/rp2_common/pico_float/float_math.c.obj (__aeabi_f2d)
C:/Users/brian/.pico-sdk/toolchain/14_2_Rel1/bin/../lib/gcc/arm-none-eabi/14.2.1/thumb/v8-m.main+fp/softfp\libgcc.a(_aeabi_ldivmod.o)
                              CMakeFiles/firmware.dir/C_/Users/brian/.pico-sdk/sdk/2.1.1/src/common/pico_time/time.c.obj (__aeabi_ldivmod)
C:/Users/brian/.pico-sdk/toolchain/14_2_Rel1/bin/../lib/gcc/arm-none-eabi/14.2.1/thumb/v8-m.main+fp/softfp\libgcc.a(_aeabi_uldivmod.o)
                              CMakeFiles/firmware.dir/C_/Users/brian/.pico-sdk/sdk/2.1.1/src/rp2_common/hardware_clocks/clocks.c.obj (__aeabi_uldivmod)
C:/Users/brian/.pico-sdk/toolchain/14_2_Rel1/bin/../lib/gcc/arm-none-eabi/14.2.1/thumb/v8-m.main+fp/softfp\libgcc.a(_udivmoddi4.o)
                              C:/Users/brian/.pico-sdk/toolchain/14_2_Rel1/bin/../lib/gcc/arm-none-eabi/14.2.1/thumb/v8-m.main+fp/softfp\libgcc.a(_aeabi_ldivmod.o) (__udivmoddi4)
C:/Users/brian/.pico-sdk/toolchain/14_2_Rel1/bin/../lib/gcc/arm-none-eabi/14.2.1/thumb/v8-m.main+fp/softfp\libgcc.a(_dvmd_tls.o)
                              C:/Users/brian/.pico-sdk/toolchain/14_2_Rel1/bin/../lib/gcc/arm-none-eabi/14.2.1/thumb/v8-m.main+fp/softfp\libgcc.a(_aeabi_ldivmod.o) (__aeabi_ldiv0)
C:/Users/brian/.pico-sdk/toolchain/14_2_Rel1/bin/../lib/gcc/arm-none-eabi/14.2.1/thumb/v8-m.main+fp/softfp\libg.a(libc_a-calloc.o)
                              CMakeFiles/firmware.dir/C_/Users/brian/.pico-sdk/sdk/2.1.1/src/rp2_common/pico_malloc/malloc.c.obj (calloc)
C:/Users/brian/.pico-sdk/toolchain/14_2_Rel1/bin/../lib/gcc/arm-none-eabi/14.2.1/thumb/v8-m.main+fp/softfp\libg.a(libc_a-callocr.o)
                              C:/Users/brian/.pico-sdk/toolchain/14_2_Rel1/bin/../lib/gcc/arm-none-eabi/14.2.1/thumb/v8-m.main+fp/softfp\libg.a(libc_a-calloc.o) (_calloc_r)
C:/Users/brian/.pico-sdk/toolchain/14_2_Rel1/bin/../lib/gcc/arm-none-eabi/14.2.1/thumb/v8-m.main+fp/softfp\libg.a(libc_a-malloc.o)
                              CMakeFiles/firmware.dir/C_/Users/brian/.pico-sdk/sdk/2.1.1/src/rp2_common/pico_malloc/malloc.c.obj (malloc)
C:/Users/brian/.pico-sdk/toolchain/14_2_Rel1/bin/../lib/gcc/arm-none-eabi/14.2.1/thumb/v8-m.main+fp/softfp\libg.a(libc_a-mallocr.o)
                              C:/Users/brian/.pico-sdk/toolchain/14_2_Rel1/bin/../lib/gcc/arm-none-eabi/14.2.1/thumb/v8-m.main+fp/softfp\libg.a(libc_a-callocr.o) (_malloc_r)
C:/Users/brian/.pico-sdk/toolchain/14_2_Rel1/bin/../lib/gcc/arm-none-eabi/14.2.1/thumb/v8-m.main+fp/softfp\libg.a(libc_a-mlock.o)
                              C:/Users/brian/.pico-sdk/toolchain/14_2_Rel1/bin/../lib/gcc/arm-none-eabi/14.2.1/thumb/v8-m.main+fp/softfp\libg.a(libc_a-mallocr.o) (__malloc_lock)
C:/Users/brian/.pico-sdk/toolchain/14_2_Rel1/bin/../lib/gcc/arm-none-eabi/14.2.1/thumb/v8-m.main+fp/softfp\libg.a(libc_a-realloc.o)
[...]
Memory Configuration

Name             Origin             Length             Attributes
FLASH            0x10000000         0x00400000         xr
RAM              0x20000000         0x00080000         xrw
SCRATCH_X        0x20080000         0x00001000         xrw
SCRATCH_Y        0x20081000         0x00001000         xrw
*default*        0x00000000         0xffffffff

Linker script and memory map

LOAD C:/Users/brian/.pico-sdk/toolchain/14_2_Rel1/bin/../lib/gcc/arm-none-eabi/14.2.1/thumb/v8-m.main+fp/softfp/crti.o
LOAD C:/Users/brian/.pico-sdk/toolchain/14_2_Rel1/bin/../lib/gcc/arm-none-eabi/14.2.1/thumb/v8-m.main+fp/softfp/crtbegin.o
LOAD C:/Users/brian/.pico-sdk/toolchain/14_2_Rel1/bin/../lib/gcc/arm-none-eabi/14.2.1/thumb/v8-m.main+fp/softfp/crt0.o

.flash_begin    0x10000000        0x0
                0x10000000                        __flash_binary_start = .

.text           0x10000000     0x8ca4
                0x10000000                        __logical_binary_start = .
 *(.vectors)
 .vectors       0x10000000      0x124 CMakeFiles/firmware.dir/C_/Users/brian/.pico-sdk/sdk/2.1.1/src/rp2_common/pico_crt0/crt0.S.obj
                0x10000000                __vectors
                0x10000000                __VECTOR_TABLE
                0x10000110                isr_invalid
                0x10000110                __default_isrs_start
                0x10000112                isr_nmi
                0x10000114                isr_hardfault
                0x1000011c                isr_irq27
                0x1000011c                isr_irq32
                0x1000011c                isr_irq31
                0x1000011c                isr_irq5
                0x1000011c                isr_irq11
                0x1000011c                isr_irq45
                0x1000011c                isr_irq23
                0x1000011c                isr_irq48
                0x1000011c                isr_irq35
                0x1000011c                isr_irq18
                0x1000011c                isr_irq50
                0x1000011c                isr_irq43
                0x1000011c                isr_irq13
                0x1000011c                isr_irq28
                0x1000011c                isr_irq19
                0x1000011c                isr_irq36
                0x1000011c                isr_irq41
                0x1000011c                isr_irq0
                0x1000011c                isr_irq6
                0x1000011c                __unhandled_user_irq
                0x1000011c                isr_irq12
                0x1000011c                isr_irq37
                0x1000011c                isr_irq42
                0x1000011c                isr_irq22
                0x1000011c                isr_irq30
                0x1000011c                isr_irq17
                0x1000011c                isr_irq38
                0x1000011c                isr_irq14
                0x1000011c                isr_irq40
                0x1000011c                isr_irq2
                0x1000011c                isr_irq10
                0x1000011c                isr_irq8
                0x1000011c                isr_irq24
                0x1000011c                isr_irq46
                0x1000011c                isr_irq1
                0x1000011c                isr_irq47
                0x1000011c                isr_irq51
                0x1000011c                isr_irq7
                0x1000011c                isr_irq21
                0x1000011c                isr_irq39
                0x1000011c                isr_irq20
                0x1000011c                isr_irq15
                0x1000011c                isr_irq25
                0x1000011c                isr_irq34
                0x1000011c                isr_irq49
                0x1000011c                isr_irq4
                0x1000011c                isr_irq16
                0x1000011c                isr_irq44
                0x1000011c                isr_irq29
                0x1000011c                isr_irq26
                0x1000011c                __default_isrs_end
                0x1000011c                isr_irq33
                0x1000011c                isr_irq3
                0x1000011c                isr_irq9
                0x10000122                unhandled_user_irq_num_in_r0
 *(.binary_info_header)
 .binary_info_header
                0x10000124       0x14 CMakeFiles/firmware.dir/C_/Users/brian/.pico-sdk/sdk/2.1.1/src/rp2_common/pico_crt0/crt0.S.obj
                0x10000138                        __binary_info_header_end = .
 *(.embedded_block)
 .embedded_block
                0x10000138       0x14 CMakeFiles/firmware.dir/C_/Users/brian/.pico-sdk/sdk/2.1.1/src/rp2_common/pico_crt0/crt0.S.obj
                0x1000014c                        __embedded_block_end = .
 *(.reset)
 .reset         0x1000014c       0xa0 CMakeFiles/firmware.dir/C_/Users/brian/.pico-sdk/sdk/2.1.1/src/rp2_common/pico_crt0/crt0.S.obj
                0x1000014c                _entry_point
 *(.init)
 .init          0x100001ec        0x4 C:/Users/brian/.pico-sdk/toolchain/14_2_Rel1/bin/../lib/gcc/arm-none-eabi/14.2.1/thumb/v8-m.main+fp/softfp/crti.o
                0x100001ec                _init
 SORT_BY_NAME(REVERSE(*libgcc.a:cmse_nonsecure_call.o))()
 *(EXCLUDE_FILE(*libm.a: *libc.a:*lib_a-mem*.o *libgcc.a:) .text*)
 .text.register_tm_clones
                0x100001f0       0x28 C:/Users/brian/.pico-sdk/toolchain/14_2_Rel1/bin/../lib/gcc/arm-none-eabi/14.2.1/thumb/v8-m.main+fp/softfp/crtbegin.o
 .text.frame_dummy
                0x10000218       0x24 C:/Users/brian/.pico-sdk/toolchain/14_2_Rel1/bin/../lib/gcc/arm-none-eabi/14.2.1/thumb/v8-m.main+fp/softfp/crtbegin.o
 .text.gpio_callback
                0x1000023c       0x44 CMakeFiles/firmware.dir/firmware.c.obj
                0x1000023c                gpio_callback
 .text.tarea_frecuencimetro
                0x10000280       0x58 CMakeFiles/firmware.dir/firmware.c.obj
                0x10000280                tarea_frecuencimetro
 .text.tarea_lcd
                0x100002d8       0x6c CMakeFiles/firmware.dir/firmware.c.obj
                0x100002d8                tarea_lcd
 .text.startup.main
                0x10000344       0xe0 CMakeFiles/firmware.dir/firmware.c.obj
                0x10000344                main
 .text.gpio_default_irq_handler
                0x10000424      0x1d4 CMakeFiles/firmware.dir/C_/Users/brian/.pico-sdk/sdk/2.1.1/src/rp2_common/hardware_gpio/gpio.c.obj
 .text.gpio_set_function
                0x100005f8       0x3c CMakeFiles/firmware.dir/C_/Users/brian/.pico-sdk/sdk/2.1.1/src/rp2_common/hardware_gpio/gpio.c.obj
                0x100005f8                gpio_set_function
 .text.gpio_set_pulls
                0x10000634       0x28 CMakeFiles/firmware.dir/C_/Users/brian/.pico-sdk/sdk/2.1.1/src/rp2_common/hardware_gpio/gpio.c.obj
                0x10000634                gpio_set_pulls
 .text.gpio_set_irq_enabled_with_callback
                0x1000065c       0xa8 CMakeFiles/firmware.dir/C_/Users/brian/.pico-sdk/sdk/2.1.1/src/rp2_common/hardware_gpio/gpio.c.obj
                0x1000065c                gpio_set_irq_enabled_with_callback
 .text.gpio_init
                0x10000704       0x48 CMakeFiles/firmware.dir/C_/Users/brian/.pico-sdk/sdk/2.1.1/src/rp2_common/hardware_gpio/gpio.c.obj
                0x10000704                gpio_init
 .text.panic    0x1000074c       0x30 CMakeFiles/firmware.dir/C_/Users/brian/.pico-sdk/sdk/2.1.1/src/rp2_common/pico_platform_panic/panic.c.obj
                0x1000074c                panic
 .text.hw_claim_or_assert
                0x1000077c       0x58 CMakeFiles/firmware.dir/C_/Users/brian/.pico-sdk/sdk/2.1.1/src/common/hardware_claim/claim.c.obj
                0x1000077c                hw_claim_or_assert
 .text.hw_claim_unused_from_range
                0x100007d4       0x80 CMakeFiles/firmware.dir/C_/Users/brian/.pico-sdk/sdk/2.1.1/src/common/hardware_claim/claim.c.obj
                0x100007d4                hw_claim_unused_from_range
 .text.next_striped_spin_lock_num
                0x10000854       0x18 CMakeFiles/firmware.dir/C_/Users/brian/.pico-sdk/sdk/2.1.1/src/rp2_common/hardware_sync/sync.c.obj
                0x10000854                next_striped_spin_lock_num
 .text.spin_lock_claim_unused
                0x1000086c       0x20 CMakeFiles/firmware.dir/C_/Users/brian/.pico-sdk/sdk/2.1.1/src/rp2_common/hardware_sync/sync.c.obj
                0x1000086c                spin_lock_claim_unused
 .text.spinlock_set_extexclall
                0x1000088c       0x10 CMakeFiles/firmware.dir/C_/Users/brian/.pico-sdk/sdk/2.1.1/src/rp2_common/hardware_sync_spin_lock/sync_spin_lock.c.obj
 .text.spin_locks_reset
                0x1000089c       0x18 CMakeFiles/firmware.dir/C_/Users/brian/.pico-sdk/sdk/2.1.1/src/rp2_common/hardware_sync_spin_lock/sync_spin_lock.c.obj
                0x1000089c                spin_locks_reset
 .text.runtime_init_per_core_irq_priorities
                0x100008b4       0x40 CMakeFiles/firmware.dir/C_/Users/brian/.pico-sdk/sdk/2.1.1/src/rp2_common/hardware_irq/irq.c.obj
                0x100008b4                runtime_init_per_core_irq_priorities
 .text.irq_set_enabled
                0x100008f4       0x2c CMakeFiles/firmware.dir/C_/Users/brian/.pico-sdk/sdk/2.1.1/src/rp2_common/hardware_irq/irq.c.obj
                0x100008f4                irq_set_enabled
 .text.irq_is_enabled
                0x10000920       0x20 CMakeFiles/firmware.dir/C_/Users/brian/.pico-sdk/sdk/2.1.1/src/rp2_common/hardware_irq/irq.c.obj
                0x10000920                irq_is_enabled
 .text.irq_set_pending
                0x10000940       0x18 CMakeFiles/firmware.dir/C_/Users/brian/.pico-sdk/sdk/2.1.1/src/rp2_common/hardware_irq/irq.c.obj
                0x10000940                irq_set_pending
 .text.irq_has_shared_handler
                0x10000958       0x20 CMakeFiles/firmware.dir/C_/Users/brian/.pico-sdk/sdk/2.1.1/src/rp2_common/hardware_irq/irq.c.obj
                0x10000958                irq_has_shared_handler
 .text.irq_set_exclusive_handler
                0x10000978       0x60 CMakeFiles/firmware.dir/C_/Users/brian/.pico-sdk/sdk/2.1.1/src/rp2_common/hardware_irq/irq.c.obj
                0x10000978                irq_set_exclusive_handler
 .text.irq_add_shared_handler
                0x100009d8      0x1e8 CMakeFiles/firmware.dir/C_/Users/brian/.pico-sdk/sdk/2.1.1/src/rp2_common/hardware_irq/irq.c.obj
                0x100009d8                irq_add_shared_handler
 .text.irq_remove_handler
                0x10000bc0      0x1f4 CMakeFiles/firmware.dir/C_/Users/brian/.pico-sdk/sdk/2.1.1/src/rp2_common/hardware_irq/irq.c.obj
                0x10000bc0                irq_remove_handler
 .text.irq_add_tail_to_free_list
                0x10000db4       0xbc CMakeFiles/firmware.dir/C_/Users/brian/.pico-sdk/sdk/2.1.1/src/rp2_common/hardware_irq/irq.c.obj
                0x10000db4                irq_add_tail_to_free_list
 .text.user_irq_claim_unused
                0x10000e70       0x28 CMakeFiles/firmware.dir/C_/Users/brian/.pico-sdk/sdk/2.1.1/src/rp2_common/hardware_irq/irq.c.obj
                0x10000e70                user_irq_claim_unused
 .text.lock_init
                0x10000e98        0xc CMakeFiles/firmware.dir/C_/Users/brian/.pico-sdk/sdk/2.1.1/src/common/pico_sync/lock_core.c.obj
                0x10000e98                lock_init
 .text.runtime_init_mutex
                0x10000ea4       0x4c CMakeFiles/firmware.dir/C_/Users/brian/.pico-sdk/sdk/2.1.1/src/common/pico_sync/mutex.c.obj
                0x10000ea4                runtime_init_mutex
 .text.mutex_init
                0x10000ef0       0x1c CMakeFiles/firmware.dir/C_/Users/brian/.pico-sdk/sdk/2.1.1/src/common/pico_sync/mutex.c.obj
                0x10000ef0                mutex_init
 .text.critical_section_init
                0x10000f0c       0x1c CMakeFiles/firmware.dir/C_/Users/brian/.pico-sdk/sdk/2.1.1/src/common/pico_sync/critical_section.c.obj
                0x10000f0c                critical_section_init
 .text.critical_section_init_with_lock_num
                0x10000f28       0x10 CMakeFiles/firmware.dir/C_/Users/brian/.pico-sdk/sdk/2.1.1/src/common/pico_sync/critical_section.c.obj
                0x10000f28                critical_section_init_with_lock_num
 .text.sleep_until_callback
                0x10000f38       0x3c CMakeFiles/firmware.dir/C_/Users/brian/.pico-sdk/sdk/2.1.1/src/common/pico_time/time.c.obj
 *fill*         0x10000f74        0x4 
 .text.alarm_pool_irq_handler
                0x10000f78      0x2f0 CMakeFiles/firmware.dir/C_/Users/brian/.pico-sdk/sdk/2.1.1/src/common/pico_time/time.c.obj
 .text.runtime_init_default_alarm_pool
                0x10001268      0x100 CMakeFiles/firmware.dir/C_/Users/brian/.pico-sdk/sdk/2.1.1/src/common/pico_time/time.c.obj
                0x10001268                runtime_init_default_alarm_pool
 .text.alarm_pool_get_default
                0x10001368        0x8 CMakeFiles/firmware.dir/C_/Users/brian/.pico-sdk/sdk/2.1.1/src/common/pico_time/time.c.obj
                0x10001368                alarm_pool_get_default
 .text.alarm_pool_add_alarm_at
                0x10001370       0xdc CMakeFiles/firmware.dir/C_/Users/brian/.pico-sdk/sdk/2.1.1/src/common/pico_time/time.c.obj
                0x10001370                alarm_pool_add_alarm_at
 .text.alarm_pool_add_alarm_at_force_in_context
                0x1000144c       0xc8 CMakeFiles/firmware.dir/C_/Users/brian/.pico-sdk/sdk/2.1.1/src/common/pico_time/time.c.obj
                0x1000144c                alarm_pool_add_alarm_at_force_in_context
 .text.alarm_pool_cancel_alarm
                0x10001514       0x80 CMakeFiles/firmware.dir/C_/Users/brian/.pico-sdk/sdk/2.1.1/src/common/pico_time/time.c.obj
                0x10001514                alarm_pool_cancel_alarm
 .text.alarm_pool_core_num
                0x10001594        0x4 CMakeFiles/firmware.dir/C_/Users/brian/.pico-sdk/sdk/2.1.1/src/common/pico_time/time.c.obj
                0x10001594                alarm_pool_core_num
 .text.sleep_us
                0x10001598       0xd8 CMakeFiles/firmware.dir/C_/Users/brian/.pico-sdk/sdk/2.1.1/src/common/pico_time/time.c.obj
                0x10001598                sleep_us
 .text.best_effort_wfe_or_timeout
                0x10001670       0xd4 CMakeFiles/firmware.dir/C_/Users/brian/.pico-sdk/sdk/2.1.1/src/common/pico_time/time.c.obj
                0x10001670                best_effort_wfe_or_timeout
 .text.timer_hardware_alarm_claim
                0x10001744       0x24 CMakeFiles/firmware.dir/C_/Users/brian/.pico-sdk/sdk/2.1.1/src/rp2_common/hardware_timer/timer.c.obj
                0x10001744                timer_hardware_alarm_claim
 .text.timer_time_us_64
                0x10001768       0x10 CMakeFiles/firmware.dir/C_/Users/brian/.pico-sdk/sdk/2.1.1/src/rp2_common/hardware_timer/timer.c.obj
                0x10001768                timer_time_us_64
 .text.time_us_64
                0x10001778       0x14 CMakeFiles/firmware.dir/C_/Users/brian/.pico-sdk/sdk/2.1.1/src/rp2_common/hardware_timer/timer.c.obj
                0x10001778                time_us_64
 .text.busy_wait_until
                0x1000178c       0x24 CMakeFiles/firmware.dir/C_/Users/brian/.pico-sdk/sdk/2.1.1/src/rp2_common/hardware_timer/timer.c.obj
                0x1000178c                busy_wait_until
 .text.clock_configure_undivided
                0x100017b0       0xd0 CMakeFiles/firmware.dir/C_/Users/brian/.pico-sdk/sdk/2.1.1/src/rp2_common/hardware_clocks/clocks.c.obj
                0x100017b0                clock_configure_undivided
 .text.clock_get_hz
                0x10001880        0xc CMakeFiles/firmware.dir/C_/Users/brian/.pico-sdk/sdk/2.1.1/src/rp2_common/hardware_clocks/clocks.c.obj
                0x10001880                clock_get_hz
 .text.frequency_count_khz
                0x1000188c       0x54 CMakeFiles/firmware.dir/C_/Users/brian/.pico-sdk/sdk/2.1.1/src/rp2_common/hardware_clocks/clocks.c.obj
                0x1000188c                frequency_count_khz
 .text.pll_init
                0x100018e0       0x8c CMakeFiles/firmware.dir/C_/Users/brian/.pico-sdk/sdk/2.1.1/src/rp2_common/hardware_pll/pll.c.obj
                0x100018e0                pll_init
 .text.watchdog_reboot
                0x1000196c       0x98 CMakeFiles/firmware.dir/C_/Users/brian/.pico-sdk/sdk/2.1.1/src/rp2_common/hardware_watchdog/watchdog.c.obj
                0x1000196c                watchdog_reboot
 .text.tick_start
                0x10001a04       0x18 CMakeFiles/firmware.dir/C_/Users/brian/.pico-sdk/sdk/2.1.1/src/rp2_common/hardware_ticks/ticks.c.obj
                0x10001a04                tick_start
 .text.rom_reboot.constprop.0.isra.0
                0x10001a1c       0x34 CMakeFiles/firmware.dir/C_/Users/brian/.pico-sdk/sdk/2.1.1/src/rp2_common/pico_bootrom/bootrom.c.obj
 .text.rom_func_lookup
                0x10001a50       0x18 CMakeFiles/firmware.dir/C_/Users/brian/.pico-sdk/sdk/2.1.1/src/rp2_common/pico_bootrom/bootrom.c.obj
                0x10001a50                rom_func_lookup
 .text.rom_reset_usb_boot_extra
                0x10001a68       0x1c CMakeFiles/firmware.dir/C_/Users/brian/.pico-sdk/sdk/2.1.1/src/rp2_common/pico_bootrom/bootrom.c.obj
                0x10001a68                rom_reset_usb_boot_extra
 .text.runtime_init_bootrom_locking_enable
                0x10001a84       0x14 CMakeFiles/firmware.dir/C_/Users/brian/.pico-sdk/sdk/2.1.1/src/rp2_common/pico_bootrom/bootrom_lock.c.obj
                0x10001a84                runtime_init_bootrom_locking_enable
 .text.runtime_init_boot_locks_reset
                0x10001a98       0x1c CMakeFiles/firmware.dir/C_/Users/brian/.pico-sdk/sdk/2.1.1/src/rp2_common/hardware_boot_lock/boot_lock.c.obj
                0x10001a98                runtime_init_boot_locks_reset
 .text.xosc_init
                0x10001ab4       0x30 CMakeFiles/firmware.dir/C_/Users/brian/.pico-sdk/sdk/2.1.1/src/rp2_common/hardware_xosc/xosc.c.obj
                0x10001ab4                xosc_init
 .text.first_per_core_initializer
                0x10001ae4        0x4 CMakeFiles/firmware.dir/C_/Users/brian/.pico-sdk/sdk/2.1.1/src/rp2_common/pico_runtime/runtime.c.obj
 .text.hard_assertion_failure
                0x10001ae8        0xc CMakeFiles/firmware.dir/C_/Users/brian/.pico-sdk/sdk/2.1.1/src/rp2_common/pico_runtime/runtime.c.obj
                0x10001ae8                hard_assertion_failure
 .text.runtime_run_initializers
                0x10001af4       0x20 CMakeFiles/firmware.dir/C_/Users/brian/.pico-sdk/sdk/2.1.1/src/rp2_common/pico_runtime/runtime.c.obj
                0x10001af4                runtime_run_initializers
 .text.runtime_init_early_resets
                0x10001b14       0x34 CMakeFiles/firmware.dir/C_/Users/brian/.pico-sdk/sdk/2.1.1/src/rp2_common/pico_runtime_init/runtime_init.c.obj
                0x10001b14                runtime_init_early_resets
 .text.runtime_init_usb_power_down
                0x10001b48       0x1c CMakeFiles/firmware.dir/C_/Users/brian/.pico-sdk/sdk/2.1.1/src/rp2_common/pico_runtime_init/runtime_init.c.obj
                0x10001b48                runtime_init_usb_power_down
 .text.runtime_init_per_core_enable_coprocessors
                0x10001b64       0x1c CMakeFiles/firmware.dir/C_/Users/brian/.pico-sdk/sdk/2.1.1/src/rp2_common/pico_runtime_init/runtime_init.c.obj
                0x10001b64                runtime_init_per_core_enable_coprocessors
 .text.runtime_init_post_clock_resets
                0x10001b80       0x20 CMakeFiles/firmware.dir/C_/Users/brian/.pico-sdk/sdk/2.1.1/src/rp2_common/pico_runtime_init/runtime_init.c.obj
                0x10001b80                runtime_init_post_clock_resets
 .text.runtime_init_bootrom_reset
                0x10001ba0       0x14 CMakeFiles/firmware.dir/C_/Users/brian/.pico-sdk/sdk/2.1.1/src/rp2_common/pico_runtime_init/runtime_init.c.obj
                0x10001ba0                runtime_init_bootrom_reset
 .text.runtime_init_per_core_bootrom_reset
                0x10001bb4       0x14 CMakeFiles/firmware.dir/C_/Users/brian/.pico-sdk/sdk/2.1.1/src/rp2_common/pico_runtime_init/runtime_init.c.obj
                0x10001bb4                runtime_init_per_core_bootrom_reset
 .text.runtime_init_spin_locks_reset
                0x10001bc8        0x4 CMakeFiles/firmware.dir/C_/Users/brian/.pico-sdk/sdk/2.1.1/src/rp2_common/pico_runtime_init/runtime_init.c.obj
                0x10001bc8                runtime_init_spin_locks_reset
 .text.runtime_init_install_ram_vector_table
                0x10001bcc       0x20 CMakeFiles/firmware.dir/C_/Users/brian/.pico-sdk/sdk/2.1.1/src/rp2_common/pico_runtime_init/runtime_init.c.obj
                0x10001bcc                runtime_init_install_ram_vector_table
 .text.runtime_init_clocks
                0x10001bec       0xdc CMakeFiles/firmware.dir/C_/Users/brian/.pico-sdk/sdk/2.1.1/src/rp2_common/pico_runtime_init/runtime_init_clocks.c.obj
                0x10001bec                runtime_init_clocks
 .text.__rp2350_dcp_engaged_state_save_restore
                0x10001cc8       0x3a CMakeFiles/firmware.dir/C_/Users/brian/.pico-sdk/sdk/2.1.1/src/rp2_common/pico_double/double_aeabi_dcp.S.obj
 *fill*         0x10001d02        0x2 
 .text.__wrap___aeabi_dadd
                0x10001d04       0x28 CMakeFiles/firmware.dir/C_/Users/brian/.pico-sdk/sdk/2.1.1/src/rp2_common/pico_double/double_aeabi_dcp.S.obj
                0x10001d0c                __wrap___aeabi_dadd
 .text.__wrap___aeabi_dsub
                0x10001d2c       0x28 CMakeFiles/firmware.dir/C_/Users/brian/.pico-sdk/sdk/2.1.1/src/rp2_common/pico_double/double_aeabi_dcp.S.obj
                0x10001d34                __wrap___aeabi_dsub
 .text.__wrap___aeabi_dmul
                0x10001d54       0x4c CMakeFiles/firmware.dir/C_/Users/brian/.pico-sdk/sdk/2.1.1/src/rp2_common/pico_double/double_aeabi_dcp.S.obj
                0x10001d5c                __wrap___aeabi_dmul
 .text.__wrap___aeabi_ddiv
                0x10001da0       0x9c CMakeFiles/firmware.dir/C_/Users/brian/.pico-sdk/sdk/2.1.1/src/rp2_common/pico_double/double_aeabi_dcp.S.obj
                0x10001da8                __wrap___aeabi_ddiv
 .text.__wrap___aeabi_d2f
                0x10001e3c       0x1c CMakeFiles/firmware.dir/C_/Users/brian/.pico-sdk/sdk/2.1.1/src/rp2_common/pico_double/double_aeabi_dcp.S.obj
                0x10001e44                __wrap___aeabi_d2f
                0x10001e44                double2float
 .text.__wrap___aeabi_i2d
                0x10001e58       0x24 CMakeFiles/firmware.dir/C_/Users/brian/.pico-sdk/sdk/2.1.1/src/rp2_common/pico_double/double_aeabi_dcp.S.obj
                0x10001e60                int2double
                0x10001e60                __wrap___aeabi_i2d
 .text.__wrap___aeabi_ui2d
                0x10001e7c       0x24 CMakeFiles/firmware.dir/C_/Users/brian/.pico-sdk/sdk/2.1.1/src/rp2_common/pico_double/double_aeabi_dcp.S.obj
                0x10001e84                uint2double
                0x10001e84                __wrap___aeabi_ui2d
 .text.__wrap___aeabi_d2iz
                0x10001ea0       0x24 CMakeFiles/firmware.dir/C_/Users/brian/.pico-sdk/sdk/2.1.1/src/rp2_common/pico_double/double_aeabi_dcp.S.obj
                0x10001ea8                double2int_z
                0x10001ea8                __wrap___aeabi_d2iz
 .text.__wrap___aeabi_d2uiz
                0x10001ec4       0x24 CMakeFiles/firmware.dir/C_/Users/brian/.pico-sdk/sdk/2.1.1/src/rp2_common/pico_double/double_aeabi_dcp.S.obj
                0x10001ecc                double2uint
                0x10001ecc                __wrap___aeabi_d2uiz
                0x10001ecc                double2uint_z
 .text.__wrap___aeabi_dcmpun
                0x10001ee8       0x24 CMakeFiles/firmware.dir/C_/Users/brian/.pico-sdk/sdk/2.1.1/src/rp2_common/pico_double/double_aeabi_dcp.S.obj
                0x10001ef0                __wrap___aeabi_dcmpun
 .text.__wrap___aeabi_dcmplt
                0x10001f0c       0x28 CMakeFiles/firmware.dir/C_/Users/brian/.pico-sdk/sdk/2.1.1/src/rp2_common/pico_double/double_aeabi_dcp.S.obj
                0x10001f14                __wrap___aeabi_dcmplt
 .text.__wrap___aeabi_dcmple
                0x10001f34       0x28 CMakeFiles/firmware.dir/C_/Users/brian/.pico-sdk/sdk/2.1.1/src/rp2_common/pico_double/double_aeabi_dcp.S.obj
                0x10001f3c                __wrap___aeabi_dcmple
 .text.__wrap___aeabi_dcmpge
                0x10001f5c       0x28 CMakeFiles/firmware.dir/C_/Users/brian/.pico-sdk/sdk/2.1.1/src/rp2_common/pico_double/double_aeabi_dcp.S.obj
                0x10001f64                __wrap___aeabi_dcmpge
 .text.__wrap___aeabi_dcmpgt
                0x10001f84       0x28 CMakeFiles/firmware.dir/C_/Users/brian/.pico-sdk/sdk/2.1.1/src/rp2_common/pico_double/double_aeabi_dcp.S.obj
                0x10001f8c                __wrap___aeabi_dcmpgt
 .text.__wrap_malloc
                0x10001fac       0x24 CMakeFiles/firmware.dir/C_/Users/brian/.pico-sdk/sdk/2.1.1/src/rp2_common/pico_malloc/malloc.c.obj
                0x10001fac                __wrap_malloc
 .text.__wrap_free
                0x10001fd0        0x4 CMakeFiles/firmware.dir/C_/Users/brian/.pico-sdk/sdk/2.1.1/src/rp2_common/pico_malloc/malloc.c.obj
                0x10001fd0                __wrap_free
 .text._out_buffer
                0x10001fd4        0x8 CMakeFiles/firmware.dir/C_/Users/brian/.pico-sdk/sdk/2.1.1/src/rp2_common/pico_printf/printf.c.obj
 .text._out_null
                0x10001fdc        0x4 CMakeFiles/firmware.dir/C_/Users/brian/.pico-sdk/sdk/2.1.1/src/rp2_common/pico_printf/printf.c.obj
 .text._out_rev
                0x10001fe0       0x9c CMakeFiles/firmware.dir/C_/Users/brian/.pico-sdk/sdk/2.1.1/src/rp2_common/pico_printf/printf.c.obj
 .text._ntoa_format
                0x1000207c      0x1d4 CMakeFiles/firmware.dir/C_/Users/brian/.pico-sdk/sdk/2.1.1/src/rp2_common/pico_printf/printf.c.obj
 .text._out_char
                0x10002250        0x8 CMakeFiles/firmware.dir/C_/Users/brian/.pico-sdk/sdk/2.1.1/src/rp2_common/pico_printf/printf.c.obj
 .text._out_fct
                0x10002258        0xc CMakeFiles/firmware.dir/C_/Users/brian/.pico-sdk/sdk/2.1.1/src/rp2_common/pico_printf/printf.c.obj
 *fill*         0x10002264        0x4 
 .text._ftoa    0x10002268      0x4bc CMakeFiles/firmware.dir/C_/Users/brian/.pico-sdk/sdk/2.1.1/src/rp2_common/pico_printf/printf.c.obj
 *fill*         0x10002724        0x4 
 .text._etoa    0x10002728      0x574 CMakeFiles/firmware.dir/C_/Users/brian/.pico-sdk/sdk/2.1.1/src/rp2_common/pico_printf/printf.c.obj
 .text._vsnprintf
                0x10002c9c      0x9e4 CMakeFiles/firmware.dir/C_/Users/brian/.pico-sdk/sdk/2.1.1/src/rp2_common/pico_printf/printf.c.obj
 .text.__wrap_sprintf
                0x10003680       0x2c CMakeFiles/firmware.dir/C_/Users/brian/.pico-sdk/sdk/2.1.1/src/rp2_common/pico_printf/printf.c.obj
                0x10003680                __wrap_sprintf
 .text.vfctprintf
                0x100036ac       0x28 CMakeFiles/firmware.dir/C_/Users/brian/.pico-sdk/sdk/2.1.1/src/rp2_common/pico_printf/printf.c.obj
                0x100036ac                vfctprintf
 .text.weak_raw_vprintf
                0x100036d4       0x30 CMakeFiles/firmware.dir/C_/Users/brian/.pico-sdk/sdk/2.1.1/src/rp2_common/pico_printf/printf.c.obj
                0x100036d4                weak_raw_vprintf
 .text._exit    0x10003704        0x4 CMakeFiles/firmware.dir/C_/Users/brian/.pico-sdk/sdk/2.1.1/src/rp2_common/pico_clib_interface/newlib_interface.c.obj
                0x10003704                _exit
 .text._sbrk    0x10003708       0x2c CMakeFiles/firmware.dir/C_/Users/brian/.pico-sdk/sdk/2.1.1/src/rp2_common/pico_clib_interface/newlib_interface.c.obj
                0x10003708                _sbrk
 .text.exit     0x10003734        0x8 CMakeFiles/firmware.dir/C_/Users/brian/.pico-sdk/sdk/2.1.1/src/rp2_common/pico_clib_interface/newlib_interface.c.obj
                0x10003734                exit
 .text.runtime_init
                0x1000373c       0x24 CMakeFiles/firmware.dir/C_/Users/brian/.pico-sdk/sdk/2.1.1/src/rp2_common/pico_clib_interface/newlib_interface.c.obj
                0x1000373c                runtime_init
 .text.stdio_out_chars_no_crlf
                0x10003760        0x8 CMakeFiles/firmware.dir/C_/Users/brian/.pico-sdk/sdk/2.1.1/src/rp2_common/pico_stdio/stdio.c.obj
 .text.stdio_out_chars_crlf
                0x10003768       0xb0 CMakeFiles/firmware.dir/C_/Users/brian/.pico-sdk/sdk/2.1.1/src/rp2_common/pico_stdio/stdio.c.obj
 .text.stdio_buffered_printer
                0x10003818       0x60 CMakeFiles/firmware.dir/C_/Users/brian/.pico-sdk/sdk/2.1.1/src/rp2_common/pico_stdio/stdio.c.obj
 .text.stdio_put_string
                0x10003878       0xec CMakeFiles/firmware.dir/C_/Users/brian/.pico-sdk/sdk/2.1.1/src/rp2_common/pico_stdio/stdio.c.obj
                0x10003878                stdio_put_string
 .text.stdio_set_driver_enabled
                0x10003964       0x28 CMakeFiles/firmware.dir/C_/Users/brian/.pico-sdk/sdk/2.1.1/src/rp2_common/pico_stdio/stdio.c.obj
                0x10003964                stdio_set_driver_enabled
 .text.stdio_init_all
                0x1000398c        0x4 CMakeFiles/firmware.dir/C_/Users/brian/.pico-sdk/sdk/2.1.1/src/rp2_common/pico_stdio/stdio.c.obj
                0x1000398c                stdio_init_all
 .text.__wrap_putchar
                0x10003990       0x84 CMakeFiles/firmware.dir/C_/Users/brian/.pico-sdk/sdk/2.1.1/src/rp2_common/pico_stdio/stdio.c.obj
                0x10003990                __wrap_putchar
                0x10003990                stdio_putchar
 .text.__wrap_puts
                0x10003a14       0x3c CMakeFiles/firmware.dir/C_/Users/brian/.pico-sdk/sdk/2.1.1/src/rp2_common/pico_stdio/stdio.c.obj
                0x10003a14                stdio_puts
                0x10003a14                __wrap_puts
 .text.__wrap_vprintf
                0x10003a50       0xc4 CMakeFiles/firmware.dir/C_/Users/brian/.pico-sdk/sdk/2.1.1/src/rp2_common/pico_stdio/stdio.c.obj
                0x10003a50                stdio_vprintf
                0x10003a50                __wrap_vprintf
 .text.__wrap_printf
                0x10003b14       0x1c CMakeFiles/firmware.dir/C_/Users/brian/.pico-sdk/sdk/2.1.1/src/rp2_common/pico_stdio/stdio.c.obj
                0x10003b14                __wrap_printf
                0x10003b14                stdio_printf
 .text.resetd_init
                0x10003b30        0x4 CMakeFiles/firmware.dir/C_/Users/brian/.pico-sdk/sdk/2.1.1/src/rp2_common/pico_stdio_usb/reset_interface.c.obj
 .text.resetd_reset
                0x10003b34        0xc CMakeFiles/firmware.dir/C_/Users/brian/.pico-sdk/sdk/2.1.1/src/rp2_common/pico_stdio_usb/reset_interface.c.obj
 .text.resetd_open
                0x10003b40       0x28 CMakeFiles/firmware.dir/C_/Users/brian/.pico-sdk/sdk/2.1.1/src/rp2_common/pico_stdio_usb/reset_interface.c.obj
 .text.resetd_xfer_cb
                0x10003b68        0x4 CMakeFiles/firmware.dir/C_/Users/brian/.pico-sdk/sdk/2.1.1/src/rp2_common/pico_stdio_usb/reset_interface.c.obj
 .text.resetd_control_xfer_cb
                0x10003b6c       0x50 CMakeFiles/firmware.dir/C_/Users/brian/.pico-sdk/sdk/2.1.1/src/rp2_common/pico_stdio_usb/reset_interface.c.obj
 .text.tud_descriptor_bos_cb
                0x10003bbc        0x8 CMakeFiles/firmware.dir/C_/Users/brian/.pico-sdk/sdk/2.1.1/src/rp2_common/pico_stdio_usb/reset_interface.c.obj
                0x10003bbc                tud_descriptor_bos_cb
 .text.tud_vendor_control_xfer_cb
                0x10003bc4       0x28 CMakeFiles/firmware.dir/C_/Users/brian/.pico-sdk/sdk/2.1.1/src/rp2_common/pico_stdio_usb/reset_interface.c.obj
                0x10003bc4                tud_vendor_control_xfer_cb
 .text.usbd_app_driver_get_cb
                0x10003bec       0x10 CMakeFiles/firmware.dir/C_/Users/brian/.pico-sdk/sdk/2.1.1/src/rp2_common/pico_stdio_usb/reset_interface.c.obj
                0x10003bec                usbd_app_driver_get_cb
 .text.tud_cdc_line_coding_cb
                0x10003bfc       0x18 CMakeFiles/firmware.dir/C_/Users/brian/.pico-sdk/sdk/2.1.1/src/rp2_common/pico_stdio_usb/reset_interface.c.obj
                0x10003bfc                tud_cdc_line_coding_cb
 .text.stdio_usb_set_chars_available_callback
                0x10003c14       0x14 CMakeFiles/firmware.dir/C_/Users/brian/.pico-sdk/sdk/2.1.1/src/rp2_common/pico_stdio_usb/stdio_usb.c.obj
                0x10003c14                stdio_usb_set_chars_available_callback
 .text.timer_task
                0x10003c28       0x70 CMakeFiles/firmware.dir/C_/Users/brian/.pico-sdk/sdk/2.1.1/src/rp2_common/pico_stdio_usb/stdio_usb.c.obj
 .text.usb_irq  0x10003c98        0xc CMakeFiles/firmware.dir/C_/Users/brian/.pico-sdk/sdk/2.1.1/src/rp2_common/pico_stdio_usb/stdio_usb.c.obj
 .text.stdio_usb_in_chars
                0x10003ca4       0x88 CMakeFiles/firmware.dir/C_/Users/brian/.pico-sdk/sdk/2.1.1/src/rp2_common/pico_stdio_usb/stdio_usb.c.obj
                0x10003ca4                stdio_usb_in_chars
 .text.stdio_usb_out_flush
                0x10003d2c       0x54 CMakeFiles/firmware.dir/C_/Users/brian/.pico-sdk/sdk/2.1.1/src/rp2_common/pico_stdio_usb/stdio_usb.c.obj
 .text.stdio_usb_out_chars
                0x10003d80       0xf4 CMakeFiles/firmware.dir/C_/Users/brian/.pico-sdk/sdk/2.1.1/src/rp2_common/pico_stdio_usb/stdio_usb.c.obj
 .text.low_priority_worker_irq
                0x10003e74       0xd8 CMakeFiles/firmware.dir/C_/Users/brian/.pico-sdk/sdk/2.1.1/src/rp2_common/pico_stdio_usb/stdio_usb.c.obj
 .text.stdio_usb_init
                0x10003f4c       0xe8 CMakeFiles/firmware.dir/C_/Users/brian/.pico-sdk/sdk/2.1.1/src/rp2_common/pico_stdio_usb/stdio_usb.c.obj
                0x10003f4c                stdio_usb_init
 .text.tud_descriptor_device_cb
                0x10004034        0x8 CMakeFiles/firmware.dir/C_/Users/brian/.pico-sdk/sdk/2.1.1/src/rp2_common/pico_stdio_usb/stdio_usb_descriptors.c.obj
                0x10004034                tud_descriptor_device_cb
 .text.tud_descriptor_configuration_cb
                0x1000403c        0x8 CMakeFiles/firmware.dir/C_/Users/brian/.pico-sdk/sdk/2.1.1/src/rp2_common/pico_stdio_usb/stdio_usb_descriptors.c.obj
                0x1000403c                tud_descriptor_configuration_cb
 .text.tud_descriptor_string_cb
                0x10004044       0x70 CMakeFiles/firmware.dir/C_/Users/brian/.pico-sdk/sdk/2.1.1/src/rp2_common/pico_stdio_usb/stdio_usb_descriptors.c.obj
                0x10004044                tud_descriptor_string_cb
 .text.startup._retrieve_unique_id_on_boot
                0x100040b4       0x30 CMakeFiles/firmware.dir/C_/Users/brian/.pico-sdk/sdk/2.1.1/src/rp2_common/pico_unique_id/unique_id.c.obj
 .text.pico_get_unique_board_id_string
                0x100040e4      0x184 CMakeFiles/firmware.dir/C_/Users/brian/.pico-sdk/sdk/2.1.1/src/rp2_common/pico_unique_id/unique_id.c.obj
                0x100040e4                pico_get_unique_board_id_string
 .text.dcd_init
                0x10004268       0x8c CMakeFiles/firmware.dir/C_/Users/brian/.pico-sdk/sdk/2.1.1/lib/tinyusb/src/portable/raspberrypi/rp2040/dcd_rp2040.c.obj
                0x10004268                dcd_init
 .text.dcd_int_enable
                0x100042f4        0x8 CMakeFiles/firmware.dir/C_/Users/brian/.pico-sdk/sdk/2.1.1/lib/tinyusb/src/portable/raspberrypi/rp2040/dcd_rp2040.c.obj
                0x100042f4                dcd_int_enable
 .text.dcd_set_address
                0x100042fc       0x10 CMakeFiles/firmware.dir/C_/Users/brian/.pico-sdk/sdk/2.1.1/lib/tinyusb/src/portable/raspberrypi/rp2040/dcd_rp2040.c.obj
                0x100042fc                dcd_set_address
 .text.dcd_sof_enable
                0x1000430c       0x1c CMakeFiles/firmware.dir/C_/Users/brian/.pico-sdk/sdk/2.1.1/lib/tinyusb/src/portable/raspberrypi/rp2040/dcd_rp2040.c.obj
                0x1000430c                dcd_sof_enable
 .text.dcd_edpt0_status_complete
                0x10004328       0x1c CMakeFiles/firmware.dir/C_/Users/brian/.pico-sdk/sdk/2.1.1/lib/tinyusb/src/portable/raspberrypi/rp2040/dcd_rp2040.c.obj
                0x10004328                dcd_edpt0_status_complete
 .text.dcd_edpt_open
                0x10004344      0x104 CMakeFiles/firmware.dir/C_/Users/brian/.pico-sdk/sdk/2.1.1/lib/tinyusb/src/portable/raspberrypi/rp2040/dcd_rp2040.c.obj
                0x10004344                dcd_edpt_open
 .text.dcd_edpt_close_all
                0x10004448        0x4 CMakeFiles/firmware.dir/C_/Users/brian/.pico-sdk/sdk/2.1.1/lib/tinyusb/src/portable/raspberrypi/rp2040/dcd_rp2040.c.obj
                0x10004448                dcd_edpt_close_all
 .text.dcd_edpt_xfer
                0x1000444c       0x28 CMakeFiles/firmware.dir/C_/Users/brian/.pico-sdk/sdk/2.1.1/lib/tinyusb/src/portable/raspberrypi/rp2040/dcd_rp2040.c.obj
                0x1000444c                dcd_edpt_xfer
 .text.dcd_edpt_stall
                0x10004474       0x30 CMakeFiles/firmware.dir/C_/Users/brian/.pico-sdk/sdk/2.1.1/lib/tinyusb/src/portable/raspberrypi/rp2040/dcd_rp2040.c.obj
                0x10004474                dcd_edpt_stall
 .text.dcd_edpt_clear_stall
                0x100044a4       0x24 CMakeFiles/firmware.dir/C_/Users/brian/.pico-sdk/sdk/2.1.1/lib/tinyusb/src/portable/raspberrypi/rp2040/dcd_rp2040.c.obj
                0x100044a4                dcd_edpt_clear_stall
 .text.rp2040_usb_init
                0x100044c8       0x40 CMakeFiles/firmware.dir/C_/Users/brian/.pico-sdk/sdk/2.1.1/lib/tinyusb/src/portable/raspberrypi/rp2040/rp2040_usb.c.obj
                0x100044c8                rp2040_usb_init
 .text.hw_endpoint_xfer_start
                0x10004508       0x40 CMakeFiles/firmware.dir/C_/Users/brian/.pico-sdk/sdk/2.1.1/lib/tinyusb/src/portable/raspberrypi/rp2040/rp2040_usb.c.obj
                0x10004508                hw_endpoint_xfer_start
 .text.configuration_reset
                0x10004548       0x8c CMakeFiles/firmware.dir/C_/Users/brian/.pico-sdk/sdk/2.1.1/lib/tinyusb/src/device/usbd.c.obj
 .text.tud_event_hook_cb
                0x100045d4        0x4 CMakeFiles/firmware.dir/C_/Users/brian/.pico-sdk/sdk/2.1.1/lib/tinyusb/src/device/usbd.c.obj
                0x100045d4                tud_event_hook_cb
 .text.tud_sof_cb
                0x100045d8        0x4 CMakeFiles/firmware.dir/C_/Users/brian/.pico-sdk/sdk/2.1.1/lib/tinyusb/src/device/usbd.c.obj
                0x100045d8                tud_sof_cb
 .text.tud_descriptor_device_qualifier_cb
                0x100045dc        0x4 CMakeFiles/firmware.dir/C_/Users/brian/.pico-sdk/sdk/2.1.1/lib/tinyusb/src/device/usbd.c.obj
                0x100045dc                tud_descriptor_device_qualifier_cb
 .text.tud_descriptor_other_speed_configuration_cb
                0x100045e0        0x4 CMakeFiles/firmware.dir/C_/Users/brian/.pico-sdk/sdk/2.1.1/lib/tinyusb/src/device/usbd.c.obj
                0x100045e0                tud_descriptor_other_speed_configuration_cb
 .text.tud_mount_cb
                0x100045e4        0x4 CMakeFiles/firmware.dir/C_/Users/brian/.pico-sdk/sdk/2.1.1/lib/tinyusb/src/device/usbd.c.obj
                0x100045e4                tud_mount_cb
 .text.tud_umount_cb
                0x100045e8        0x4 CMakeFiles/firmware.dir/C_/Users/brian/.pico-sdk/sdk/2.1.1/lib/tinyusb/src/device/usbd.c.obj
                0x100045e8                tud_umount_cb
 .text.tud_suspend_cb
                0x100045ec        0x4 CMakeFiles/firmware.dir/C_/Users/brian/.pico-sdk/sdk/2.1.1/lib/tinyusb/src/device/usbd.c.obj
                0x100045ec                tud_suspend_cb
 .text.tud_resume_cb
                0x100045f0        0x4 CMakeFiles/firmware.dir/C_/Users/brian/.pico-sdk/sdk/2.1.1/lib/tinyusb/src/device/usbd.c.obj
                0x100045f0                tud_resume_cb
 .text.tud_mounted
                0x100045f4       0x10 CMakeFiles/firmware.dir/C_/Users/brian/.pico-sdk/sdk/2.1.1/lib/tinyusb/src/device/usbd.c.obj
                0x100045f4                tud_mounted
 .text.tud_suspended
                0x10004604       0x10 CMakeFiles/firmware.dir/C_/Users/brian/.pico-sdk/sdk/2.1.1/lib/tinyusb/src/device/usbd.c.obj
                0x10004604                tud_suspended
 .text.tud_rhport_init
                0x10004614       0xf4 CMakeFiles/firmware.dir/C_/Users/brian/.pico-sdk/sdk/2.1.1/lib/tinyusb/src/device/usbd.c.obj
                0x10004614                tud_rhport_init
 .text.tud_task_ext
                0x10004708      0x784 CMakeFiles/firmware.dir/C_/Users/brian/.pico-sdk/sdk/2.1.1/lib/tinyusb/src/device/usbd.c.obj
                0x10004708                tud_task_ext
 .text.usbd_open_edpt_pair
                0x10004e8c       0x9c CMakeFiles/firmware.dir/C_/Users/brian/.pico-sdk/sdk/2.1.1/lib/tinyusb/src/device/usbd.c.obj
                0x10004e8c                usbd_open_edpt_pair
 .text.usbd_edpt_open
                0x10004f28       0x44 CMakeFiles/firmware.dir/C_/Users/brian/.pico-sdk/sdk/2.1.1/lib/tinyusb/src/device/usbd.c.obj
                0x10004f28                usbd_edpt_open
 .text.usbd_edpt_claim
                0x10004f6c       0x24 CMakeFiles/firmware.dir/C_/Users/brian/.pico-sdk/sdk/2.1.1/lib/tinyusb/src/device/usbd.c.obj
                0x10004f6c                usbd_edpt_claim
 .text.usbd_edpt_release
                0x10004f90       0x24 CMakeFiles/firmware.dir/C_/Users/brian/.pico-sdk/sdk/2.1.1/lib/tinyusb/src/device/usbd.c.obj
                0x10004f90                usbd_edpt_release
 .text.usbd_edpt_xfer
                0x10004fb4       0x70 CMakeFiles/firmware.dir/C_/Users/brian/.pico-sdk/sdk/2.1.1/lib/tinyusb/src/device/usbd.c.obj
                0x10004fb4                usbd_edpt_xfer
 .text.tud_control_status
                0x10005024       0x34 CMakeFiles/firmware.dir/C_/Users/brian/.pico-sdk/sdk/2.1.1/lib/tinyusb/src/device/usbd_control.c.obj
                0x10005024                tud_control_status
 .text.tud_control_xfer
                0x10005058       0xb0 CMakeFiles/firmware.dir/C_/Users/brian/.pico-sdk/sdk/2.1.1/lib/tinyusb/src/device/usbd_control.c.obj
                0x10005058                tud_control_xfer
 .text.usbd_control_reset
                0x10005108       0x14 CMakeFiles/firmware.dir/C_/Users/brian/.pico-sdk/sdk/2.1.1/lib/tinyusb/src/device/usbd_control.c.obj
                0x10005108                usbd_control_reset
 .text.usbd_control_set_complete_callback
                0x1000511c        0xc CMakeFiles/firmware.dir/C_/Users/brian/.pico-sdk/sdk/2.1.1/lib/tinyusb/src/device/usbd_control.c.obj
                0x1000511c                usbd_control_set_complete_callback
 .text.usbd_control_set_request
                0x10005128       0x1c CMakeFiles/firmware.dir/C_/Users/brian/.pico-sdk/sdk/2.1.1/lib/tinyusb/src/device/usbd_control.c.obj
                0x10005128                usbd_control_set_request
 .text.usbd_control_xfer_cb
                0x10005144      0x100 CMakeFiles/firmware.dir/C_/Users/brian/.pico-sdk/sdk/2.1.1/lib/tinyusb/src/device/usbd_control.c.obj
                0x10005144                usbd_control_xfer_cb
 .text._prep_out_transaction.isra.0
                0x10005244       0x74 CMakeFiles/firmware.dir/C_/Users/brian/.pico-sdk/sdk/2.1.1/lib/tinyusb/src/class/cdc/cdc_device.c.obj
 .text.tud_cdc_n_connected
                0x100052b8       0x2c CMakeFiles/firmware.dir/C_/Users/brian/.pico-sdk/sdk/2.1.1/lib/tinyusb/src/class/cdc/cdc_device.c.obj
                0x100052b8                tud_cdc_n_connected
 .text.tud_cdc_n_available
                0x100052e4       0x14 CMakeFiles/firmware.dir/C_/Users/brian/.pico-sdk/sdk/2.1.1/lib/tinyusb/src/class/cdc/cdc_device.c.obj
                0x100052e4                tud_cdc_n_available
 .text.tud_cdc_n_read
                0x100052f8       0x90 CMakeFiles/firmware.dir/C_/Users/brian/.pico-sdk/sdk/2.1.1/lib/tinyusb/src/class/cdc/cdc_device.c.obj
                0x100052f8                tud_cdc_n_read
 .text.tud_cdc_n_write_flush
                0x10005388       0x8c CMakeFiles/firmware.dir/C_/Users/brian/.pico-sdk/sdk/2.1.1/lib/tinyusb/src/class/cdc/cdc_device.c.obj
                0x10005388                tud_cdc_n_write_flush
 .text.tud_cdc_n_write
                0x10005414       0x40 CMakeFiles/firmware.dir/C_/Users/brian/.pico-sdk/sdk/2.1.1/lib/tinyusb/src/class/cdc/cdc_device.c.obj
                0x10005414                tud_cdc_n_write
 .text.tud_cdc_n_write_available
                0x10005454       0x14 CMakeFiles/firmware.dir/C_/Users/brian/.pico-sdk/sdk/2.1.1/lib/tinyusb/src/class/cdc/cdc_device.c.obj
                0x10005454                tud_cdc_n_write_available
 .text.cdcd_init
                0x10005468       0x70 CMakeFiles/firmware.dir/C_/Users/brian/.pico-sdk/sdk/2.1.1/lib/tinyusb/src/class/cdc/cdc_device.c.obj
                0x10005468                cdcd_init
 .text.cdcd_deinit
                0x100054d8       0x30 CMakeFiles/firmware.dir/C_/Users/brian/.pico-sdk/sdk/2.1.1/lib/tinyusb/src/class/cdc/cdc_device.c.obj
                0x100054d8                cdcd_deinit
 .text.cdcd_reset
                0x10005508       0x4c CMakeFiles/firmware.dir/C_/Users/brian/.pico-sdk/sdk/2.1.1/lib/tinyusb/src/class/cdc/cdc_device.c.obj
                0x10005508                cdcd_reset
 .text.cdcd_open
                0x10005554       0xc0 CMakeFiles/firmware.dir/C_/Users/brian/.pico-sdk/sdk/2.1.1/lib/tinyusb/src/class/cdc/cdc_device.c.obj
                0x10005554                cdcd_open
 .text.cdcd_control_xfer_cb
                0x10005614       0xc0 CMakeFiles/firmware.dir/C_/Users/brian/.pico-sdk/sdk/2.1.1/lib/tinyusb/src/class/cdc/cdc_device.c.obj
                0x10005614                cdcd_control_xfer_cb
 .text.cdcd_xfer_cb
                0x100056d4       0xf8 CMakeFiles/firmware.dir/C_/Users/brian/.pico-sdk/sdk/2.1.1/lib/tinyusb/src/class/cdc/cdc_device.c.obj
                0x100056d4                cdcd_xfer_cb
 .text.vendord_init
                0x100057cc       0x5c CMakeFiles/firmware.dir/C_/Users/brian/.pico-sdk/sdk/2.1.1/lib/tinyusb/src/class/vendor/vendor_device.c.obj
                0x100057cc                vendord_init
 .text.vendord_deinit
                0x10005828       0x1c CMakeFiles/firmware.dir/C_/Users/brian/.pico-sdk/sdk/2.1.1/lib/tinyusb/src/class/vendor/vendor_device.c.obj
                0x10005828                vendord_deinit
 .text.vendord_reset
                0x10005844       0x24 CMakeFiles/firmware.dir/C_/Users/brian/.pico-sdk/sdk/2.1.1/lib/tinyusb/src/class/vendor/vendor_device.c.obj
                0x10005844                vendord_reset
 .text.vendord_open
                0x10005868       0xf4 CMakeFiles/firmware.dir/C_/Users/brian/.pico-sdk/sdk/2.1.1/lib/tinyusb/src/class/vendor/vendor_device.c.obj
                0x10005868                vendord_open
 .text.vendord_xfer_cb
                0x1000595c       0x88 CMakeFiles/firmware.dir/C_/Users/brian/.pico-sdk/sdk/2.1.1/lib/tinyusb/src/class/vendor/vendor_device.c.obj
                0x1000595c                vendord_xfer_cb
 .text.tusb_rhport_init
                0x100059e4       0x64 CMakeFiles/firmware.dir/C_/Users/brian/.pico-sdk/sdk/2.1.1/lib/tinyusb/src/tusb.c.obj
                0x100059e4                tusb_rhport_init
 .text.tu_edpt_claim
                0x10005a48       0x54 CMakeFiles/firmware.dir/C_/Users/brian/.pico-sdk/sdk/2.1.1/lib/tinyusb/src/tusb.c.obj
                0x10005a48                tu_edpt_claim
 .text.tu_edpt_release
                0x10005a9c       0x38 CMakeFiles/firmware.dir/C_/Users/brian/.pico-sdk/sdk/2.1.1/lib/tinyusb/src/tusb.c.obj
                0x10005a9c                tu_edpt_release
 .text.tu_edpt_validate
                0x10005ad4       0x60 CMakeFiles/firmware.dir/C_/Users/brian/.pico-sdk/sdk/2.1.1/lib/tinyusb/src/tusb.c.obj
                0x10005ad4                tu_edpt_validate
 .text.tu_edpt_bind_driver
                0x10005b34       0x58 CMakeFiles/firmware.dir/C_/Users/brian/.pico-sdk/sdk/2.1.1/lib/tinyusb/src/tusb.c.obj
                0x10005b34                tu_edpt_bind_driver
 .text.tu_edpt_stream_init
                0x10005b8c       0x58 CMakeFiles/firmware.dir/C_/Users/brian/.pico-sdk/sdk/2.1.1/lib/tinyusb/src/tusb.c.obj
                0x10005b8c                tu_edpt_stream_init
 .text.tu_edpt_stream_deinit
                0x10005be4        0x4 CMakeFiles/firmware.dir/C_/Users/brian/.pico-sdk/sdk/2.1.1/lib/tinyusb/src/tusb.c.obj
                0x10005be4                tu_edpt_stream_deinit
 .text.tu_edpt_stream_write_zlp_if_needed
                0x10005be8       0x68 CMakeFiles/firmware.dir/C_/Users/brian/.pico-sdk/sdk/2.1.1/lib/tinyusb/src/tusb.c.obj
                0x10005be8                tu_edpt_stream_write_zlp_if_needed
 .text.tu_edpt_stream_write_xfer
                0x10005c50       0x70 CMakeFiles/firmware.dir/C_/Users/brian/.pico-sdk/sdk/2.1.1/lib/tinyusb/src/tusb.c.obj
                0x10005c50                tu_edpt_stream_write_xfer
 .text.tu_edpt_stream_read_xfer
                0x10005cc0       0xc8 CMakeFiles/firmware.dir/C_/Users/brian/.pico-sdk/sdk/2.1.1/lib/tinyusb/src/tusb.c.obj
                0x10005cc0                tu_edpt_stream_read_xfer
 .text.tu_fifo_config
                0x10005d88       0x60 CMakeFiles/firmware.dir/C_/Users/brian/.pico-sdk/sdk/2.1.1/lib/tinyusb/src/common/tusb_fifo.c.obj
                0x10005d88                tu_fifo_config
 .text.tu_fifo_count
                0x10005de8       0x20 CMakeFiles/firmware.dir/C_/Users/brian/.pico-sdk/sdk/2.1.1/lib/tinyusb/src/common/tusb_fifo.c.obj
                0x10005de8                tu_fifo_count
 .text.tu_fifo_empty
                0x10005e08       0x14 CMakeFiles/firmware.dir/C_/Users/brian/.pico-sdk/sdk/2.1.1/lib/tinyusb/src/common/tusb_fifo.c.obj
                0x10005e08                tu_fifo_empty
 .text.tu_fifo_remaining
                0x10005e1c       0x24 CMakeFiles/firmware.dir/C_/Users/brian/.pico-sdk/sdk/2.1.1/lib/tinyusb/src/common/tusb_fifo.c.obj
                0x10005e1c                tu_fifo_remaining
 .text.tu_fifo_read
                0x10005e40       0x94 CMakeFiles/firmware.dir/C_/Users/brian/.pico-sdk/sdk/2.1.1/lib/tinyusb/src/common/tusb_fifo.c.obj
                0x10005e40                tu_fifo_read
 .text.tu_fifo_read_n
                0x10005ed4       0xd8 CMakeFiles/firmware.dir/C_/Users/brian/.pico-sdk/sdk/2.1.1/lib/tinyusb/src/common/tusb_fifo.c.obj
                0x10005ed4                tu_fifo_read_n
 .text.tu_fifo_write
                0x10005fac       0xa4 CMakeFiles/firmware.dir/C_/Users/brian/.pico-sdk/sdk/2.1.1/lib/tinyusb/src/common/tusb_fifo.c.obj
                0x10005fac                tu_fifo_write
 .text.tu_fifo_write_n
                0x10006050      0x15c CMakeFiles/firmware.dir/C_/Users/brian/.pico-sdk/sdk/2.1.1/lib/tinyusb/src/common/tusb_fifo.c.obj
                0x10006050                tu_fifo_write_n
 .text.tu_fifo_clear
                0x100061ac       0x38 CMakeFiles/firmware.dir/C_/Users/brian/.pico-sdk/sdk/2.1.1/lib/tinyusb/src/common/tusb_fifo.c.obj
                0x100061ac                tu_fifo_clear
 .text.tu_fifo_set_overwritable
                0x100061e4       0x3c CMakeFiles/firmware.dir/C_/Users/brian/.pico-sdk/sdk/2.1.1/lib/tinyusb/src/common/tusb_fifo.c.obj
                0x100061e4                tu_fifo_set_overwritable
 .text.exception_set_exclusive_handler
                0x10006220       0x4c CMakeFiles/firmware.dir/C_/Users/brian/.pico-sdk/sdk/2.1.1/src/rp2_common/hardware_exception/exception.c.obj
                0x10006220                exception_set_exclusive_handler
 .text.i2c_write_blocking_internal.constprop.0
                0x1000626c       0x9c CMakeFiles/firmware.dir/C_/Users/brian/.pico-sdk/sdk/2.1.1/src/rp2_common/hardware_i2c/i2c.c.obj
 .text.i2c_set_baudrate
                0x10006308       0xa4 CMakeFiles/firmware.dir/C_/Users/brian/.pico-sdk/sdk/2.1.1/src/rp2_common/hardware_i2c/i2c.c.obj
                0x10006308                i2c_set_baudrate
 .text.i2c_init
                0x100063ac       0x4c CMakeFiles/firmware.dir/C_/Users/brian/.pico-sdk/sdk/2.1.1/src/rp2_common/hardware_i2c/i2c.c.obj
                0x100063ac                i2c_init
 .text.i2c_write_blocking
                0x100063f8       0x10 CMakeFiles/firmware.dir/C_/Users/brian/.pico-sdk/sdk/2.1.1/src/rp2_common/hardware_i2c/i2c.c.obj
                0x100063f8                i2c_write_blocking
 .text.prvCopyDataToQueue
                0x10006408       0x78 freertos/libfreertos.a(queue.c.obj)
 .text.xQueueGenericCreate
                0x10006480       0x78 freertos/libfreertos.a(queue.c.obj)
                0x10006480                xQueueGenericCreate
 .text.xQueueGenericSend
                0x100064f8      0x280 freertos/libfreertos.a(queue.c.obj)
                0x100064f8                xQueueGenericSend
 .text.xQueueGenericSendFromISR
                0x10006778       0x88 freertos/libfreertos.a(queue.c.obj)
                0x10006778                xQueueGenericSendFromISR
 .text.xQueueReceive
                0x10006800      0x288 freertos/libfreertos.a(queue.c.obj)
                0x10006800                xQueueReceive
 .text.vQueueAddToRegistry
                0x10006a88      0x180 freertos/libfreertos.a(queue.c.obj)
                0x10006a88                vQueueAddToRegistry
 .text.vQueueWaitForMessageRestricted
                0x10006c08       0xc8 freertos/libfreertos.a(queue.c.obj)
                0x10006c08                vQueueWaitForMessageRestricted
 .text.prvAddNewTaskToReadyList
                0x10006cd0      0x118 freertos/libfreertos.a(tasks.c.obj)
 .text.prvIdleTask
                0x10006de8       0x5c freertos/libfreertos.a(tasks.c.obj)
 .text.xTaskIncrementTick.part.0
                0x10006e44      0x15c freertos/libfreertos.a(tasks.c.obj)
 .text.xTaskCreate
                0x10006fa0      0x104 freertos/libfreertos.a(tasks.c.obj)
                0x10006fa0                xTaskCreate
 .text.vTaskStartScheduler
                0x100070a4       0xc0 freertos/libfreertos.a(tasks.c.obj)
                0x100070a4                vTaskStartScheduler
 .text.vTaskSuspendAll
                0x10007164       0x10 freertos/libfreertos.a(tasks.c.obj)
                0x10007164                vTaskSuspendAll
 .text.xTaskResumeAll
                0x10007174      0x180 freertos/libfreertos.a(tasks.c.obj)
                0x10007174                xTaskResumeAll
 .text.xTaskGetTickCount
                0x100072f4        0xc freertos/libfreertos.a(tasks.c.obj)
                0x100072f4                xTaskGetTickCount
 .text.uxTaskGetNumberOfTasks
                0x10007300        0xc freertos/libfreertos.a(tasks.c.obj)
                0x10007300                uxTaskGetNumberOfTasks
 .text.xTaskIncrementTick
                0x1000730c       0x20 freertos/libfreertos.a(tasks.c.obj)
                0x1000730c                xTaskIncrementTick
 .text.vTaskSwitchContext
                0x1000732c       0xa4 freertos/libfreertos.a(tasks.c.obj)
                0x1000732c                vTaskSwitchContext
 .text.vTaskPlaceOnEventList
                0x100073d0       0x98 freertos/libfreertos.a(tasks.c.obj)
                0x100073d0                vTaskPlaceOnEventList
 .text.vTaskPlaceOnEventListRestricted
                0x10007468       0xcc freertos/libfreertos.a(tasks.c.obj)
                0x10007468                vTaskPlaceOnEventListRestricted
 .text.xTaskRemoveFromEventList
                0x10007534       0xd0 freertos/libfreertos.a(tasks.c.obj)
                0x10007534                xTaskRemoveFromEventList
 .text.vTaskInternalSetTimeOutState
                0x10007604       0x18 freertos/libfreertos.a(tasks.c.obj)
                0x10007604                vTaskInternalSetTimeOutState
 .text.xTaskCheckForTimeOut
                0x1000761c       0x60 freertos/libfreertos.a(tasks.c.obj)
                0x1000761c                xTaskCheckForTimeOut
 .text.vTaskMissedYield
                0x1000767c        0xc freertos/libfreertos.a(tasks.c.obj)
                0x1000767c                vTaskMissedYield
 .text.xTaskPriorityDisinherit
                0x10007688       0x6c freertos/libfreertos.a(tasks.c.obj)
                0x10007688                xTaskPriorityDisinherit
 .text.prvTimerTask
                0x100076f4      0x350 freertos/libfreertos.a(timers.c.obj)
 .text.xTimerCreateTimerTask
                0x10007a44       0x84 freertos/libfreertos.a(timers.c.obj)
                0x10007a44                xTimerCreateTimerTask
 .text.pvPortMalloc
                0x10007ac8       0x18 freertos/libfreertos.a(heap_3.c.obj)
                0x10007ac8                pvPortMalloc
 .text.vPortFree
                0x10007ae0       0x1c freertos/libfreertos.a(heap_3.c.obj)
                0x10007ae0                vPortFree
 .text.prvTaskExitError
                0x10007afc       0x18 freertos/libfreertos.a(port.c.obj)
 .text.isr_systick
                0x10007b14       0x24 freertos/libfreertos.a(port.c.obj)
                0x10007b14                isr_systick
 .text.vPortSetupTimerInterrupt
                0x10007b38       0x2c freertos/libfreertos.a(port.c.obj)
                0x10007b38                vPortSetupTimerInterrupt
 .text.vPortYield
                0x10007b64       0x18 freertos/libfreertos.a(port.c.obj)
                0x10007b64                vPortYield
 .text.vPortEnterCritical
                0x10007b7c       0x1c freertos/libfreertos.a(port.c.obj)
                0x10007b7c                vPortEnterCritical
 .text.vPortExitCritical
                0x10007b98       0x18 freertos/libfreertos.a(port.c.obj)
                0x10007b98                vPortExitCritical
 .text.vPortSVCHandler_C
                0x10007bb0       0x2c freertos/libfreertos.a(port.c.obj)
                0x10007bb0                vPortSVCHandler_C
 .text.pxPortInitialiseStack
                0x10007bdc       0x78 freertos/libfreertos.a(port.c.obj)
                0x10007bdc                pxPortInitialiseStack
 .text.xPortStartScheduler
                0x10007c54       0xdc freertos/libfreertos.a(port.c.obj)
                0x10007c54                xPortStartScheduler
 .text.vPortValidateInterruptPriority
                0x10007d30       0x14 freertos/libfreertos.a(port.c.obj)
                0x10007d30                vPortValidateInterruptPriority
 .text.startup.prvRuntimeInitializer
                0x10007d44       0x24 freertos/libfreertos.a(port.c.obj)
 .text.vRestoreContextOfFirstTask
                0x10007d68       0x2c freertos/libfreertos.a(portasm.c.obj)
                0x10007d68                vRestoreContextOfFirstTask
 .text.vStartFirstTask
                0x10007d94       0x10 freertos/libfreertos.a(portasm.c.obj)
                0x10007d94                vStartFirstTask
 .text.ulSetInterruptMask
                0x10007da4       0x18 freertos/libfreertos.a(portasm.c.obj)
                0x10007da4                ulSetInterruptMask
 .text.vClearInterruptMask
                0x10007dbc       0x10 freertos/libfreertos.a(portasm.c.obj)
                0x10007dbc                vClearInterruptMask
 .text.isr_pendsv
                0x10007dcc       0x80 freertos/libfreertos.a(portasm.c.obj)
                0x10007dcc                isr_pendsv
 .text.isr_svcall
                0x10007e4c       0x18 freertos/libfreertos.a(portasm.c.obj)
                0x10007e4c                isr_svcall
 .text.xEventGroupCreate
                0x10007e64       0x1c freertos/libfreertos.a(event_groups.c.obj)
                0x10007e64                xEventGroupCreate
 .text.vListInitialise
                0x10007e80       0x18 freertos/libfreertos.a(list.c.obj)
                0x10007e80                vListInitialise
 .text.vListInitialiseItem
                0x10007e98        0x8 freertos/libfreertos.a(list.c.obj)
                0x10007e98                vListInitialiseItem
 .text.vListInsert
                0x10007ea0       0x30 freertos/libfreertos.a(list.c.obj)
                0x10007ea0                vListInsert
 .text.uxListRemove
                0x10007ed0       0x28 freertos/libfreertos.a(list.c.obj)
                0x10007ed0                uxListRemove
 .text.pwm_user_init
                0x10007ef8       0xe0 helper/libhelper.a(helper.c.obj)
                0x10007ef8                pwm_user_init
 .text.lcd_send_byte
                0x10007fd8      0x100 lcd/liblcd.a(lcd.c.obj)
 .text.lcd_set_cursor
                0x100080d8       0x30 lcd/liblcd.a(lcd.c.obj)
                0x100080d8                lcd_set_cursor
 .text.lcd_string
                0x10008108       0x18 lcd/liblcd.a(lcd.c.obj)
                0x10008108                lcd_string
 .text.lcd_init
                0x10008120       0x5c lcd/liblcd.a(lcd.c.obj)
                0x10008120                lcd_init
 .text.malloc   0x1000817c       0x10 C:/Users/brian/.pico-sdk/toolchain/14_2_Rel1/bin/../lib/gcc/arm-none-eabi/14.2.1/thumb/v8-m.main+fp/softfp\libg.a(libc_a-malloc.o)
                0x1000817c                malloc
 .text.free     0x1000818c       0x10 C:/Users/brian/.pico-sdk/toolchain/14_2_Rel1/bin/../lib/gcc/arm-none-eabi/14.2.1/thumb/v8-m.main+fp/softfp\libg.a(libc_a-malloc.o)
                0x1000818c                free
 .text._malloc_r
                0x1000819c      0x578 C:/Users/brian/.pico-sdk/toolchain/14_2_Rel1/bin/../lib/gcc/arm-none-eabi/14.2.1/thumb/v8-m.main+fp/softfp\libg.a(libc_a-mallocr.o)
                0x1000819c                _malloc_r
 .text.__malloc_lock
                0x10008714        0xc C:/Users/brian/.pico-sdk/toolchain/14_2_Rel1/bin/../lib/gcc/arm-none-eabi/14.2.1/thumb/v8-m.main+fp/softfp\libg.a(libc_a-mlock.o)
                0x10008714                __malloc_lock
 .text.__malloc_unlock
                0x10008720        0xc C:/Users/brian/.pico-sdk/toolchain/14_2_Rel1/bin/../lib/gcc/arm-none-eabi/14.2.1/thumb/v8-m.main+fp/softfp\libg.a(libc_a-mlock.o)
                0x10008720                __malloc_unlock
 .text.memset   0x1000872c       0x9c C:/Users/brian/.pico-sdk/toolchain/14_2_Rel1/bin/../lib/gcc/arm-none-eabi/14.2.1/thumb/v8-m.main+fp/softfp\libg.a(libc_a-memset.o)
                0x1000872c                memset
 .text._sbrk_r  0x100087c8       0x24 C:/Users/brian/.pico-sdk/toolchain/14_2_Rel1/bin/../lib/gcc/arm-none-eabi/14.2.1/thumb/v8-m.main+fp/softfp\libg.a(libc_a-sbrkr.o)
                0x100087c8                _sbrk_r
 .text.__errno  0x100087ec        0xc C:/Users/brian/.pico-sdk/toolchain/14_2_Rel1/bin/../lib/gcc/arm-none-eabi/14.2.1/thumb/v8-m.main+fp/softfp\libg.a(libc_a-errno.o)
                0x100087ec                __errno
 .text.__retarget_lock_acquire_recursive
                0x100087f8        0x4 C:/Users/brian/.pico-sdk/toolchain/14_2_Rel1/bin/../lib/gcc/arm-none-eabi/14.2.1/thumb/v8-m.main+fp/softfp\libg.a(libc_a-lock.o)
                0x100087f8                __retarget_lock_acquire_recursive
 .text.__retarget_lock_release_recursive
                0x100087fc        0x4 C:/Users/brian/.pico-sdk/toolchain/14_2_Rel1/bin/../lib/gcc/arm-none-eabi/14.2.1/thumb/v8-m.main+fp/softfp\libg.a(libc_a-lock.o)
                0x100087fc                __retarget_lock_release_recursive
 .text.sysconf  0x10008800       0x1c C:/Users/brian/.pico-sdk/toolchain/14_2_Rel1/bin/../lib/gcc/arm-none-eabi/14.2.1/thumb/v8-m.main+fp/softfp\libg.a(libc_a-sysconf.o)
                0x10008800                sysconf
 .text          0x1000881c       0xec C:/Users/brian/.pico-sdk/toolchain/14_2_Rel1/bin/../lib/gcc/arm-none-eabi/14.2.1/thumb/v8-m.main+fp/softfp\libg.a(libc_a-memcpy.o)
                0x1000881c                memcpy
 .text.strlen   0x10008908       0x5c C:/Users/brian/.pico-sdk/toolchain/14_2_Rel1/bin/../lib/gcc/arm-none-eabi/14.2.1/thumb/v8-m.main+fp/softfp\libg.a(libc_a-strlen-stub.o)
                0x10008908                strlen
 .text._malloc_trim_r
                0x10008964       0xb8 C:/Users/brian/.pico-sdk/toolchain/14_2_Rel1/bin/../lib/gcc/arm-none-eabi/14.2.1/thumb/v8-m.main+fp/softfp\libg.a(libc_a-freer.o)
                0x10008964                _malloc_trim_r
 .text._free_r  0x10008a1c      0x1e8 C:/Users/brian/.pico-sdk/toolchain/14_2_Rel1/bin/../lib/gcc/arm-none-eabi/14.2.1/thumb/v8-m.main+fp/softfp\libg.a(libc_a-freer.o)
                0x10008a1c                _free_r
 *(.fini)
 .fini          0x10008c04        0x4 C:/Users/brian/.pico-sdk/toolchain/14_2_Rel1/bin/../lib/gcc/arm-none-eabi/14.2.1/thumb/v8-m.main+fp/softfp/crti.o
                0x10008c04                _fini
 .fini.__stub   0x10008c08       0x50 linker stubs
 *crtbegin.o(.ctors)
 *crtbegin?.o(.ctors)
 *(EXCLUDE_FILE(*crtend.o *crtend?.o) .ctors)
 *(SORT_BY_NAME(.ctors.*))
 *(.ctors)
 *crtbegin.o(.dtors)
 *crtbegin?.o(.dtors)
 *(EXCLUDE_FILE(*crtend.o *crtend?.o) .dtors)
 *(SORT_BY_NAME(.dtors.*))
 *(.dtors)
                0x10008c58                        . = ALIGN (0x4)
                0x10008c58                        PROVIDE (__preinit_array_start = .)
 *(SORT_BY_NAME(.preinit_array.*))
 .preinit_array.00050
                0x10008c58        0x4 CMakeFiles/firmware.dir/C_/Users/brian/.pico-sdk/sdk/2.1.1/src/rp2_common/pico_runtime_init/runtime_init.c.obj
                0x10008c58                __pre_init_runtime_init_bootrom_reset
 .preinit_array.00100
                0x10008c5c        0x4 CMakeFiles/firmware.dir/C_/Users/brian/.pico-sdk/sdk/2.1.1/src/rp2_common/pico_runtime_init/runtime_init.c.obj
                0x10008c5c                __pre_init_runtime_init_early_resets
 .preinit_array.00101
                0x10008c60        0x4 CMakeFiles/firmware.dir/C_/Users/brian/.pico-sdk/sdk/2.1.1/src/rp2_common/pico_runtime_init/runtime_init.c.obj
                0x10008c60                __pre_init_runtime_init_usb_power_down
 .preinit_array.00500
                0x10008c64        0x4 CMakeFiles/firmware.dir/C_/Users/brian/.pico-sdk/sdk/2.1.1/src/rp2_common/pico_runtime_init/runtime_init.c.obj
                0x10008c64                __pre_init_runtime_init_clocks
 .preinit_array.00600
                0x10008c68        0x4 CMakeFiles/firmware.dir/C_/Users/brian/.pico-sdk/sdk/2.1.1/src/rp2_common/pico_runtime_init/runtime_init.c.obj
                0x10008c68                __pre_init_runtime_init_post_clock_resets
 .preinit_array.01000
                0x10008c6c        0x4 CMakeFiles/firmware.dir/C_/Users/brian/.pico-sdk/sdk/2.1.1/src/rp2_common/hardware_boot_lock/boot_lock.c.obj
                0x10008c6c                __pre_init_runtime_init_boot_locks_reset
 .preinit_array.01000
                0x10008c70        0x4 CMakeFiles/firmware.dir/C_/Users/brian/.pico-sdk/sdk/2.1.1/src/rp2_common/pico_runtime_init/runtime_init.c.obj
                0x10008c70                __pre_init_runtime_init_spin_locks_reset
 .preinit_array.01010
                0x10008c74        0x4 CMakeFiles/firmware.dir/C_/Users/brian/.pico-sdk/sdk/2.1.1/src/rp2_common/pico_bootrom/bootrom_lock.c.obj
                0x10008c74                __pre_init_runtime_init_bootrom_locking_enable
 .preinit_array.01100
                0x10008c78        0x4 CMakeFiles/firmware.dir/C_/Users/brian/.pico-sdk/sdk/2.1.1/src/common/pico_sync/mutex.c.obj
                0x10008c78                __pre_init_runtime_init_mutex
 .preinit_array.10080
                0x10008c7c        0x4 CMakeFiles/firmware.dir/C_/Users/brian/.pico-sdk/sdk/2.1.1/src/rp2_common/pico_runtime_init/runtime_init.c.obj
                0x10008c7c                __pre_init_runtime_init_install_ram_vector_table
 .preinit_array.11000
                0x10008c80        0x4 CMakeFiles/firmware.dir/C_/Users/brian/.pico-sdk/sdk/2.1.1/src/common/pico_time/time.c.obj
                0x10008c80                __pre_init_runtime_init_default_alarm_pool
 .preinit_array.YYYYY
                0x10008c84        0x4 CMakeFiles/firmware.dir/C_/Users/brian/.pico-sdk/sdk/2.1.1/src/rp2_common/pico_runtime/runtime.c.obj
                0x10008c84                __pre_init_first_per_core_initializer
 .preinit_array.ZZZZZ.00051
                0x10008c88        0x4 CMakeFiles/firmware.dir/C_/Users/brian/.pico-sdk/sdk/2.1.1/src/rp2_common/pico_runtime_init/runtime_init.c.obj
                0x10008c88                __pre_init_runtime_init_per_core_bootrom_reset
 .preinit_array.ZZZZZ.00200
                0x10008c8c        0x4 CMakeFiles/firmware.dir/C_/Users/brian/.pico-sdk/sdk/2.1.1/src/rp2_common/pico_runtime_init/runtime_init.c.obj
                0x10008c8c                __pre_init_runtime_init_per_core_enable_coprocessors
 .preinit_array.ZZZZZ.01000
                0x10008c90        0x4 CMakeFiles/firmware.dir/C_/Users/brian/.pico-sdk/sdk/2.1.1/src/rp2_common/hardware_sync_spin_lock/sync_spin_lock.c.obj
                0x10008c90                __pre_init_spinlock_set_extexclall
 .preinit_array.ZZZZZ.01200
                0x10008c94        0x4 CMakeFiles/firmware.dir/C_/Users/brian/.pico-sdk/sdk/2.1.1/src/rp2_common/hardware_irq/irq.c.obj
                0x10008c94                __pre_init_runtime_init_per_core_irq_priorities
 *(.preinit_array)
                0x10008c98                        PROVIDE (__preinit_array_end = .)
                0x10008c98                        . = ALIGN (0x4)
                0x10008c98                        PROVIDE (__init_array_start = .)
 *(SORT_BY_NAME(.init_array.*))
 *(.init_array)
 .init_array    0x10008c98        0x4 C:/Users/brian/.pico-sdk/toolchain/14_2_Rel1/bin/../lib/gcc/arm-none-eabi/14.2.1/thumb/v8-m.main+fp/softfp/crtbegin.o
 .init_array    0x10008c9c        0x4 CMakeFiles/firmware.dir/C_/Users/brian/.pico-sdk/sdk/2.1.1/src/rp2_common/pico_unique_id/unique_id.c.obj
 .init_array    0x10008ca0        0x4 freertos/libfreertos.a(port.c.obj)
                0x10008ca4                        PROVIDE (__init_array_end = .)
                0x10008ca4                        . = ALIGN (0x4)
                [!provide]                        PROVIDE (__fini_array_start = .)
 *(SORT_BY_NAME(.fini_array.*))
 *(.fini_array)
                [!provide]                        PROVIDE (__fini_array_end = .)
 *(.eh_frame*)
 .eh_frame      0x10008ca4        0x0 C:/Users/brian/.pico-sdk/toolchain/14_2_Rel1/bin/../lib/gcc/arm-none-eabi/14.2.1/thumb/v8-m.main+fp/softfp/crtbegin.o
                0x10008ca4                        . = ALIGN (0x4)

.glue_7         0x10008ca4        0x0
 .glue_7        0x10008ca4        0x0 linker stubs

.glue_7t        0x10008ca4        0x0
 .glue_7t       0x10008ca4        0x0 linker stubs

.vfp11_veneer   0x10008ca4        0x0
 .vfp11_veneer  0x10008ca4        0x0 linker stubs

.v4_bx          0x10008ca4        0x0
 .v4_bx         0x10008ca4        0x0 linker stubs

.iplt           0x10008ca4        0x0
 .iplt          0x10008ca4        0x0 C:/Users/brian/.pico-sdk/toolchain/14_2_Rel1/bin/../lib/gcc/arm-none-eabi/14.2.1/thumb/v8-m.main+fp/softfp/crtbegin.o

.boot2          0x10008ca4        0x0
                0x10008ca4                        __boot2_start__ = .
 *(.boot2)
                0x10008ca4                        __boot2_end__ = .
                0x00000001                        ASSERT (((__boot2_end__ - __boot2_start__) <= 0x100), ERROR: Pico second stage bootloader must be no more than 256 bytes in size)

.rodata         0x10008ca8      0x478
 *(EXCLUDE_FILE(*libm.a: *libc.a:*lib_a-mem*.o *libgcc.a:) .rodata*)
 .rodata.tarea_lcd.str1.4
                0x10008ca8      0x1f4 CMakeFiles/firmware.dir/firmware.c.obj
                                 0x37 (size before relaxing)
 .rodata.main.str1.4
                0x10008e9c       0x22 CMakeFiles/firmware.dir/firmware.c.obj
 .rodata.panic.str1.4
                0x10008e9c       0x12 CMakeFiles/firmware.dir/C_/Users/brian/.pico-sdk/sdk/2.1.1/src/rp2_common/pico_platform_panic/panic.c.obj
 .rodata.spin_lock_claim_unused.str1.4
                0x10008e9c       0x1b CMakeFiles/firmware.dir/C_/Users/brian/.pico-sdk/sdk/2.1.1/src/rp2_common/hardware_sync/sync.c.obj
 .rodata.user_irq_claim_unused.str1.4
                0x10008e9c       0x1b CMakeFiles/firmware.dir/C_/Users/brian/.pico-sdk/sdk/2.1.1/src/rp2_common/hardware_irq/irq.c.obj
 .rodata.timer_hardware_alarm_claim.str1.4
                0x10008e9c       0x22 CMakeFiles/firmware.dir/C_/Users/brian/.pico-sdk/sdk/2.1.1/src/rp2_common/hardware_timer/timer.c.obj
 .rodata.hard_assertion_failure.str1.4
                0x10008e9c        0xc CMakeFiles/firmware.dir/C_/Users/brian/.pico-sdk/sdk/2.1.1/src/rp2_common/pico_runtime/runtime.c.obj
 .rodata.__wrap_malloc.str1.4
                0x10008e9c        0xe CMakeFiles/firmware.dir/C_/Users/brian/.pico-sdk/sdk/2.1.1/src/rp2_common/pico_malloc/malloc.c.obj
 .rodata.str1.4
                0x10008e9c       0x44 CMakeFiles/firmware.dir/C_/Users/brian/.pico-sdk/sdk/2.1.1/src/rp2_common/pico_standard_binary_info/standard_binary_info.c.obj
 .rodata.__bi_84
                0x10008e9c        0xc CMakeFiles/firmware.dir/C_/Users/brian/.pico-sdk/sdk/2.1.1/src/rp2_common/pico_standard_binary_info/standard_binary_info.c.obj
 .rodata.__bi_78
                0x10008ea8        0xc CMakeFiles/firmware.dir/C_/Users/brian/.pico-sdk/sdk/2.1.1/src/rp2_common/pico_standard_binary_info/standard_binary_info.c.obj
 .rodata.__bi_60
                0x10008eb4        0xc CMakeFiles/firmware.dir/C_/Users/brian/.pico-sdk/sdk/2.1.1/src/rp2_common/pico_standard_binary_info/standard_binary_info.c.obj
 .rodata.__bi_54
                0x10008ec0        0xc CMakeFiles/firmware.dir/C_/Users/brian/.pico-sdk/sdk/2.1.1/src/rp2_common/pico_standard_binary_info/standard_binary_info.c.obj
 .rodata.__bi_48
                0x10008ecc        0xc CMakeFiles/firmware.dir/C_/Users/brian/.pico-sdk/sdk/2.1.1/src/rp2_common/pico_standard_binary_info/standard_binary_info.c.obj
 .rodata.__bi_42
                0x10008ed8        0xc CMakeFiles/firmware.dir/C_/Users/brian/.pico-sdk/sdk/2.1.1/src/rp2_common/pico_standard_binary_info/standard_binary_info.c.obj
 .rodata.__bi_34
                0x10008ee4        0xc CMakeFiles/firmware.dir/C_/Users/brian/.pico-sdk/sdk/2.1.1/src/rp2_common/pico_standard_binary_info/standard_binary_info.c.obj
 .rodata.__bi_26
                0x10008ef0        0xc CMakeFiles/firmware.dir/C_/Users/brian/.pico-sdk/sdk/2.1.1/src/rp2_common/pico_standard_binary_info/standard_binary_info.c.obj
 .rodata._ftoa.str1.4
                0x10008efc       0x15 CMakeFiles/firmware.dir/C_/Users/brian/.pico-sdk/sdk/2.1.1/src/rp2_common/pico_printf/printf.c.obj
 *fill*         0x10008efc        0x4 
 .rodata.pow10.0
                0x10008f00       0x50 CMakeFiles/firmware.dir/C_/Users/brian/.pico-sdk/sdk/2.1.1/src/rp2_common/pico_printf/printf.c.obj
 .rodata.crlf_str.0
                0x10008f50        0x2 CMakeFiles/firmware.dir/C_/Users/brian/.pico-sdk/sdk/2.1.1/src/rp2_common/pico_stdio/stdio.c.obj
 *fill*         0x10008f52        0x2 
 .rodata._resetd_driver
                0x10008f54       0x20 CMakeFiles/firmware.dir/C_/Users/brian/.pico-sdk/sdk/2.1.1/src/rp2_common/pico_stdio_usb/reset_interface.c.obj
 .rodata.desc_ms_os_20
                0x10008f74       0xa6 CMakeFiles/firmware.dir/C_/Users/brian/.pico-sdk/sdk/2.1.1/src/rp2_common/pico_stdio_usb/reset_interface.c.obj
 *fill*         0x1000901a        0x2 
 .rodata.desc_bos
                0x1000901c       0x21 CMakeFiles/firmware.dir/C_/Users/brian/.pico-sdk/sdk/2.1.1/src/rp2_common/pico_stdio_usb/reset_interface.c.obj
                0x1000901c                desc_bos
 .rodata.str1.4
                0x1000903d       0x13 CMakeFiles/firmware.dir/C_/Users/brian/.pico-sdk/sdk/2.1.1/src/rp2_common/pico_stdio_usb/stdio_usb.c.obj
 *fill*         0x1000903d        0x3 
 .rodata.__bi_197.0
                0x10009040        0xc CMakeFiles/firmware.dir/C_/Users/brian/.pico-sdk/sdk/2.1.1/src/rp2_common/pico_stdio_usb/stdio_usb.c.obj
 .rodata.str1.4
                0x1000904c       0x2a CMakeFiles/firmware.dir/C_/Users/brian/.pico-sdk/sdk/2.1.1/src/rp2_common/pico_stdio_usb/stdio_usb_descriptors.c.obj
 .rodata.usbd_desc_str
                0x1000904c       0x18 CMakeFiles/firmware.dir/C_/Users/brian/.pico-sdk/sdk/2.1.1/src/rp2_common/pico_stdio_usb/stdio_usb_descriptors.c.obj
 .rodata.usbd_desc_cfg
                0x10009064       0x54 CMakeFiles/firmware.dir/C_/Users/brian/.pico-sdk/sdk/2.1.1/src/rp2_common/pico_stdio_usb/stdio_usb_descriptors.c.obj
 .rodata.usbd_desc_device
                0x100090b8       0x12 CMakeFiles/firmware.dir/C_/Users/brian/.pico-sdk/sdk/2.1.1/src/rp2_common/pico_stdio_usb/stdio_usb_descriptors.c.obj
 .rodata.str1.4
                0x100090ca       0x14 CMakeFiles/firmware.dir/C_/Users/brian/.pico-sdk/sdk/2.1.1/lib/tinyusb/src/portable/raspberrypi/rp2040/dcd_rp2040.c.obj
 .rodata.str1.4
                0x100090ca       0x48 CMakeFiles/firmware.dir/C_/Users/brian/.pico-sdk/sdk/2.1.1/lib/tinyusb/src/portable/raspberrypi/rp2040/rp2040_usb.c.obj
 *fill*         0x100090ca        0x2 
 .rodata._usbd_driver
                0x100090cc       0x40 CMakeFiles/firmware.dir/C_/Users/brian/.pico-sdk/sdk/2.1.1/lib/tinyusb/src/device/usbd.c.obj
 .rodata.uxTopUsedPriority
                0x1000910c        0x4 freertos/libfreertos.a(tasks.c.obj)
 .rodata.xTimerCreateTimerTask.str1.4
                0x10009110       0x10 freertos/libfreertos.a(timers.c.obj)
 .rodata        0x10009110       0x10 lcd/liblcd.a(lcd.c.obj)
 *(.srodata*)
                0x10009120                        . = ALIGN (0x4)
 *(SORT_BY_ALIGNMENT(SORT_BY_NAME(.flashdata*)))
                0x10009120                        . = ALIGN (0x4)

.ARM.extab
 *(.ARM.extab* .gnu.linkonce.armextab.*)
                0x10009120                        __exidx_start = .

.ARM.exidx      0x10009120        0x8
 *(.ARM.exidx* .gnu.linkonce.armexidx.*)
 .ARM.exidx     0x10009120        0x8 C:/Users/brian/.pico-sdk/toolchain/14_2_Rel1/bin/../lib/gcc/arm-none-eabi/14.2.1/thumb/v8-m.main+fp/softfp\libg.a(libc_a-memcpy.o)
 .ARM.exidx.text.__udivmoddi4
                0x10009128        0x0 C:/Users/brian/.pico-sdk/toolchain/14_2_Rel1/bin/../lib/gcc/arm-none-eabi/14.2.1/thumb/v8-m.main+fp/softfp\libgcc.a(_udivmoddi4.o)
                                  0x8 (size before relaxing)
                0x10009128                        __exidx_end = .
                0x10009128                        . = ALIGN (0x4)
                0x10009128                        __binary_info_start = .

.binary_info    0x10009128       0x24
 *(.binary_info.keep.*)
 .binary_info.keep.__bi_ptr84
                0x10009128        0x4 CMakeFiles/firmware.dir/C_/Users/brian/.pico-sdk/sdk/2.1.1/src/rp2_common/pico_standard_binary_info/standard_binary_info.c.obj
 .binary_info.keep.__bi_ptr78
                0x1000912c        0x4 CMakeFiles/firmware.dir/C_/Users/brian/.pico-sdk/sdk/2.1.1/src/rp2_common/pico_standard_binary_info/standard_binary_info.c.obj
 .binary_info.keep.__bi_ptr60
                0x10009130        0x4 CMakeFiles/firmware.dir/C_/Users/brian/.pico-sdk/sdk/2.1.1/src/rp2_common/pico_standard_binary_info/standard_binary_info.c.obj
 .binary_info.keep.__bi_ptr54
                0x10009134        0x4 CMakeFiles/firmware.dir/C_/Users/brian/.pico-sdk/sdk/2.1.1/src/rp2_common/pico_standard_binary_info/standard_binary_info.c.obj
 .binary_info.keep.__bi_ptr48
                0x10009138        0x4 CMakeFiles/firmware.dir/C_/Users/brian/.pico-sdk/sdk/2.1.1/src/rp2_common/pico_standard_binary_info/standard_binary_info.c.obj
 .binary_info.keep.__bi_ptr42
                0x1000913c        0x4 CMakeFiles/firmware.dir/C_/Users/brian/.pico-sdk/sdk/2.1.1/src/rp2_common/pico_standard_binary_info/standard_binary_info.c.obj
 .binary_info.keep.__bi_ptr34
                0x10009140        0x4 CMakeFiles/firmware.dir/C_/Users/brian/.pico-sdk/sdk/2.1.1/src/rp2_common/pico_standard_binary_info/standard_binary_info.c.obj
 .binary_info.keep.__bi_ptr26
                0x10009144        0x4 CMakeFiles/firmware.dir/C_/Users/brian/.pico-sdk/sdk/2.1.1/src/rp2_common/pico_standard_binary_info/standard_binary_info.c.obj
 *(.binary_info.*)
 .binary_info.__bi_ptr197
                0x10009148        0x4 CMakeFiles/firmware.dir/C_/Users/brian/.pico-sdk/sdk/2.1.1/src/rp2_common/pico_stdio_usb/stdio_usb.c.obj
                0x1000914c                        __binary_info_end = .
                0x1000914c                        . = ALIGN (0x4)

.ram_vector_table
                0x20000000      0x110
 *(.ram_vector_table)
 .ram_vector_table
                0x20000000      0x110 CMakeFiles/firmware.dir/C_/Users/brian/.pico-sdk/sdk/2.1.1/src/rp2_common/pico_runtime_init/runtime_init.c.obj
                0x20000000                ram_vector_table

.uninitialized_data
                0x20000110        0x0
                0x20000110                        . = ALIGN (0x4)
 *(.uninitialized_data*)

.data           0x20000110     0x1680 load address 0x1000914c
                0x20000110                        __data_start__ = .
 *(vtable)
 *(.time_critical*)
 .time_critical.mutex_try_enter
                0x20000110       0x50 CMakeFiles/firmware.dir/C_/Users/brian/.pico-sdk/sdk/2.1.1/src/common/pico_sync/mutex.c.obj
                0x20000110                mutex_try_enter
 .time_critical.mutex_enter_block_until
                0x20000160       0x6c CMakeFiles/firmware.dir/C_/Users/brian/.pico-sdk/sdk/2.1.1/src/common/pico_sync/mutex.c.obj
                0x20000160                mutex_enter_block_until
 .time_critical.mutex_try_enter_block_until
                0x200001cc       0x68 CMakeFiles/firmware.dir/C_/Users/brian/.pico-sdk/sdk/2.1.1/src/common/pico_sync/mutex.c.obj
                0x200001cc                mutex_try_enter_block_until
 .time_critical.mutex_enter_timeout_ms
                0x20000234       0x38 CMakeFiles/firmware.dir/C_/Users/brian/.pico-sdk/sdk/2.1.1/src/common/pico_sync/mutex.c.obj
                0x20000234                mutex_enter_timeout_ms
 .time_critical.mutex_exit
                0x2000026c       0x3c CMakeFiles/firmware.dir/C_/Users/brian/.pico-sdk/sdk/2.1.1/src/common/pico_sync/mutex.c.obj
                0x2000026c                mutex_exit
 .time_critical.reset_non_control_endpoints
                0x200002a8       0x64 CMakeFiles/firmware.dir/C_/Users/brian/.pico-sdk/sdk/2.1.1/lib/tinyusb/src/portable/raspberrypi/rp2040/dcd_rp2040.c.obj
 .time_critical.hw_handle_buff_status
                0x2000030c       0x90 CMakeFiles/firmware.dir/C_/Users/brian/.pico-sdk/sdk/2.1.1/lib/tinyusb/src/portable/raspberrypi/rp2040/dcd_rp2040.c.obj
 .time_critical.dcd_rp2040_irq
                0x2000039c      0x530 CMakeFiles/firmware.dir/C_/Users/brian/.pico-sdk/sdk/2.1.1/lib/tinyusb/src/portable/raspberrypi/rp2040/dcd_rp2040.c.obj
 .time_critical.prepare_ep_buffer
                0x200008cc       0xc0 CMakeFiles/firmware.dir/C_/Users/brian/.pico-sdk/sdk/2.1.1/lib/tinyusb/src/portable/raspberrypi/rp2040/rp2040_usb.c.obj
 .time_critical.sync_ep_buffer
                0x2000098c       0xb4 CMakeFiles/firmware.dir/C_/Users/brian/.pico-sdk/sdk/2.1.1/lib/tinyusb/src/portable/raspberrypi/rp2040/rp2040_usb.c.obj
 .time_critical._hw_endpoint_xfer_sync
                0x20000a40       0x2c CMakeFiles/firmware.dir/C_/Users/brian/.pico-sdk/sdk/2.1.1/lib/tinyusb/src/portable/raspberrypi/rp2040/rp2040_usb.c.obj
 .time_critical.e15_is_bulkin_ep
                0x20000a6c       0x28 CMakeFiles/firmware.dir/C_/Users/brian/.pico-sdk/sdk/2.1.1/lib/tinyusb/src/portable/raspberrypi/rp2040/rp2040_usb.c.obj
 .time_critical.e15_is_critical_frame_period
                0x20000a94       0x28 CMakeFiles/firmware.dir/C_/Users/brian/.pico-sdk/sdk/2.1.1/lib/tinyusb/src/portable/raspberrypi/rp2040/rp2040_usb.c.obj
 .time_critical.hw_endpoint_reset_transfer
                0x20000abc        0xc CMakeFiles/firmware.dir/C_/Users/brian/.pico-sdk/sdk/2.1.1/lib/tinyusb/src/portable/raspberrypi/rp2040/rp2040_usb.c.obj
                0x20000abc                hw_endpoint_reset_transfer
 .time_critical._hw_endpoint_buffer_control_update32
                0x20000ac8       0x44 CMakeFiles/firmware.dir/C_/Users/brian/.pico-sdk/sdk/2.1.1/lib/tinyusb/src/portable/raspberrypi/rp2040/rp2040_usb.c.obj
                0x20000ac8                _hw_endpoint_buffer_control_update32
 .time_critical.hw_endpoint_start_next_buffer
                0x20000b0c       0x64 CMakeFiles/firmware.dir/C_/Users/brian/.pico-sdk/sdk/2.1.1/lib/tinyusb/src/portable/raspberrypi/rp2040/rp2040_usb.c.obj
                0x20000b0c                hw_endpoint_start_next_buffer
 .time_critical.hw_endpoint_xfer_continue
                0x20000b70       0x3c CMakeFiles/firmware.dir/C_/Users/brian/.pico-sdk/sdk/2.1.1/lib/tinyusb/src/portable/raspberrypi/rp2040/rp2040_usb.c.obj
                0x20000b70                hw_endpoint_xfer_continue
 .time_critical.tinyusb
                0x20000bac      0x224 CMakeFiles/firmware.dir/C_/Users/brian/.pico-sdk/sdk/2.1.1/lib/tinyusb/src/device/usbd.c.obj
                0x20000bac                dcd_event_handler
 *(.text*)
 .text          0x20000dd0       0x30 C:/Users/brian/.pico-sdk/toolchain/14_2_Rel1/bin/../lib/gcc/arm-none-eabi/14.2.1/thumb/v8-m.main+fp/softfp\libgcc.a(_aeabi_uldivmod.o)
                0x20000dd0                __aeabi_uldivmod
 .text.__udivmoddi4
                0x20000e00      0x34c C:/Users/brian/.pico-sdk/toolchain/14_2_Rel1/bin/../lib/gcc/arm-none-eabi/14.2.1/thumb/v8-m.main+fp/softfp\libgcc.a(_udivmoddi4.o)
                0x20000e00                __udivmoddi4
 .text          0x2000114c        0x4 C:/Users/brian/.pico-sdk/toolchain/14_2_Rel1/bin/../lib/gcc/arm-none-eabi/14.2.1/thumb/v8-m.main+fp/softfp\libgcc.a(_dvmd_tls.o)
                0x2000114c                __aeabi_idiv0
                0x2000114c                __aeabi_ldiv0
 .text.__stub   0x20001150       0x30 linker stubs
                0x20001180                        . = ALIGN (0x4)
 *(.rodata*)
                0x20001180                        . = ALIGN (0x4)
 *(.data*)
 .data.striped_spin_lock_num
                0x20001180        0x1 CMakeFiles/firmware.dir/C_/Users/brian/.pico-sdk/sdk/2.1.1/src/rp2_common/hardware_sync/sync.c.obj
 *fill*         0x20001181        0x3 
 .data          0x20001184       0x48 CMakeFiles/firmware.dir/C_/Users/brian/.pico-sdk/sdk/2.1.1/src/rp2_common/hardware_irq/irq_handler_chain.S.obj
                0x20001184                irq_handler_chain_slots
                0x200011b4                irq_handler_chain_first_slot
                0x200011be                irq_handler_chain_remove_tail
 .data.default_alarm_pool
                0x200011cc       0x18 CMakeFiles/firmware.dir/C_/Users/brian/.pico-sdk/sdk/2.1.1/src/common/pico_time/time.c.obj
 .data.stdio_usb
                0x200011e4       0x18 CMakeFiles/firmware.dir/C_/Users/brian/.pico-sdk/sdk/2.1.1/src/rp2_common/pico_stdio_usb/stdio_usb.c.obj
                0x200011e4                stdio_usb
 .data._usbd_qdef
                0x200011fc       0x1c CMakeFiles/firmware.dir/C_/Users/brian/.pico-sdk/sdk/2.1.1/lib/tinyusb/src/device/usbd.c.obj
                0x200011fc                _usbd_qdef
 .data._usbd_rhport
                0x20001218        0x1 CMakeFiles/firmware.dir/C_/Users/brian/.pico-sdk/sdk/2.1.1/lib/tinyusb/src/device/usbd.c.obj
 *fill*         0x20001219        0x3 
 .data.i2c0_inst
                0x2000121c        0x8 CMakeFiles/firmware.dir/C_/Users/brian/.pico-sdk/sdk/2.1.1/src/rp2_common/hardware_i2c/i2c.c.obj
                0x2000121c                i2c0_inst
 .data.ucPrimaryCoreNum
                0x20001224        0x1 freertos/libfreertos.a(port.c.obj)
 *fill*         0x20001225        0x3 
 .data.ulCriticalNesting
                0x20001228        0x4 freertos/libfreertos.a(port.c.obj)
 .data.__malloc_sbrk_base
                0x2000122c        0x4 C:/Users/brian/.pico-sdk/toolchain/14_2_Rel1/bin/../lib/gcc/arm-none-eabi/14.2.1/thumb/v8-m.main+fp/softfp\libg.a(libc_a-mallocr.o)
                0x2000122c                __malloc_sbrk_base
 .data.__malloc_trim_threshold
                0x20001230        0x4 C:/Users/brian/.pico-sdk/toolchain/14_2_Rel1/bin/../lib/gcc/arm-none-eabi/14.2.1/thumb/v8-m.main+fp/softfp\libg.a(libc_a-mallocr.o)
                0x20001230                __malloc_trim_threshold
 *fill*         0x20001234        0x4 
 .data.__malloc_av_
                0x20001238      0x408 C:/Users/brian/.pico-sdk/toolchain/14_2_Rel1/bin/../lib/gcc/arm-none-eabi/14.2.1/thumb/v8-m.main+fp/softfp\libg.a(libc_a-mallocr.o)
                0x20001238                __malloc_av_
 .data._impure_ptr
                0x20001640        0x4 C:/Users/brian/.pico-sdk/toolchain/14_2_Rel1/bin/../lib/gcc/arm-none-eabi/14.2.1/thumb/v8-m.main+fp/softfp\libg.a(libc_a-impure.o)
                0x20001640                _impure_ptr
 *fill*         0x20001644        0x4 
 .data._impure_data
                0x20001648      0x140 C:/Users/brian/.pico-sdk/toolchain/14_2_Rel1/bin/../lib/gcc/arm-none-eabi/14.2.1/thumb/v8-m.main+fp/softfp\libg.a(libc_a-impure.o)
                0x20001648                _impure_data
 *(.sdata*)
                0x20001788                        . = ALIGN (0x4)
 *(.after_data.*)
                0x20001788                        . = ALIGN (0x4)
                0x20001788                        PROVIDE (__mutex_array_start = .)
 *(SORT_BY_NAME(.mutex_array.*))
 *(.mutex_array)
 .mutex_array   0x20001788        0x8 CMakeFiles/firmware.dir/C_/Users/brian/.pico-sdk/sdk/2.1.1/src/rp2_common/pico_stdio/stdio.c.obj
                0x20001790                        PROVIDE (__mutex_array_end = .)
 *(.jcr)
                0x20001790                        . = ALIGN (0x4)

.tm_clone_table
                0x20001790        0x0 load address 0x1000a7cc
 .tm_clone_table
                0x20001790        0x0 C:/Users/brian/.pico-sdk/toolchain/14_2_Rel1/bin/../lib/gcc/arm-none-eabi/14.2.1/thumb/v8-m.main+fp/softfp/crtbegin.o
 .tm_clone_table
                0x20001790        0x0 C:/Users/brian/.pico-sdk/toolchain/14_2_Rel1/bin/../lib/gcc/arm-none-eabi/14.2.1/thumb/v8-m.main+fp/softfp/crtend.o

.igot.plt       0x20001790        0x0 load address 0x1000a7cc
 .igot.plt      0x20001790        0x0 C:/Users/brian/.pico-sdk/toolchain/14_2_Rel1/bin/../lib/gcc/arm-none-eabi/14.2.1/thumb/v8-m.main+fp/softfp/crtbegin.o

.tdata          0x20001790        0x0 load address 0x1000a7cc
                0x20001790                        . = ALIGN (0x4)
 *(.tdata .tdata.* .gnu.linkonce.td.*)
                0x20001790                        __tdata_end = .
                0x20001790                        PROVIDE (__data_end__ = .)
                0x1000914c                        __etext = LOADADDR (.data)

.tbss           0x20001790        0x0 load address 0x1000a7cc
                0x20001790                        . = ALIGN (0x4)
                0x20001790                        __bss_start__ = .
                0x20001790                        __tls_base = .
 *(.tbss .tbss.* .gnu.linkonce.tb.*)
 *(.tcommon)
                0x20001790                        __tls_end = .

.bss            0x20001790      0xf70 load address 0x1000a7cc
                0x20001790                        . = ALIGN (0x4)
                0x20001790                        __tbss_end = .
 *(SORT_BY_ALIGNMENT(SORT_BY_NAME(.bss*)))
 .bss.default_alarm_pool_entries
                0x20001790      0x180 CMakeFiles/firmware.dir/C_/Users/brian/.pico-sdk/sdk/2.1.1/src/common/pico_time/time.c.obj
 .bss.last_avail_time.1
                0x20001910        0x8 CMakeFiles/firmware.dir/C_/Users/brian/.pico-sdk/sdk/2.1.1/src/rp2_common/pico_stdio_usb/stdio_usb.c.obj
 .bss.xQueueRegistry
                0x20001918       0x50 freertos/libfreertos.a(queue.c.obj)
                0x20001918                xQueueRegistry
 .bss.__lock___malloc_recursive_mutex
                0x20001968        0x1 C:/Users/brian/.pico-sdk/toolchain/14_2_Rel1/bin/../lib/gcc/arm-none-eabi/14.2.1/thumb/v8-m.main+fp/softfp\libg.a(libc_a-lock.o)
                0x20001968                __lock___malloc_recursive_mutex
 *fill*         0x20001969        0x3 
 .bss.__malloc_current_mallinfo
                0x2000196c       0x28 C:/Users/brian/.pico-sdk/toolchain/14_2_Rel1/bin/../lib/gcc/arm-none-eabi/14.2.1/thumb/v8-m.main+fp/softfp\libg.a(libc_a-mallocr.o)
                0x2000196c                __malloc_current_mallinfo
 .bss.__malloc_max_sbrked_mem
                0x20001994        0x4 C:/Users/brian/.pico-sdk/toolchain/14_2_Rel1/bin/../lib/gcc/arm-none-eabi/14.2.1/thumb/v8-m.main+fp/softfp\libg.a(libc_a-mallocr.o)
                0x20001994                __malloc_max_sbrked_mem
 .bss.__malloc_max_total_mem
                0x20001998        0x4 C:/Users/brian/.pico-sdk/toolchain/14_2_Rel1/bin/../lib/gcc/arm-none-eabi/14.2.1/thumb/v8-m.main+fp/softfp\libg.a(libc_a-mallocr.o)
                0x20001998                __malloc_max_total_mem
 .bss.__malloc_top_pad
                0x2000199c        0x4 C:/Users/brian/.pico-sdk/toolchain/14_2_Rel1/bin/../lib/gcc/arm-none-eabi/14.2.1/thumb/v8-m.main+fp/softfp\libg.a(libc_a-mallocr.o)
                0x2000199c                __malloc_top_pad
 .bss.__sf      0x200019a0      0x138 C:/Users/brian/.pico-sdk/toolchain/14_2_Rel1/bin/../lib/gcc/arm-none-eabi/14.2.1/thumb/v8-m.main+fp/softfp\libg.a(libc_a-findfp.o)
                0x200019a0                __sf
 .bss._app_driver
                0x20001ad8        0x4 CMakeFiles/firmware.dir/C_/Users/brian/.pico-sdk/sdk/2.1.1/lib/tinyusb/src/device/usbd.c.obj
 .bss._cdcd_epbuf
                0x20001adc       0x80 CMakeFiles/firmware.dir/C_/Users/brian/.pico-sdk/sdk/2.1.1/lib/tinyusb/src/class/cdc/cdc_device.c.obj
 .bss._cdcd_fifo_cfg
                0x20001b5c        0x1 CMakeFiles/firmware.dir/C_/Users/brian/.pico-sdk/sdk/2.1.1/lib/tinyusb/src/class/cdc/cdc_device.c.obj
 *fill*         0x20001b5d        0x3 
 .bss._cdcd_itf
                0x20001b60       0xc8 CMakeFiles/firmware.dir/C_/Users/brian/.pico-sdk/sdk/2.1.1/lib/tinyusb/src/class/cdc/cdc_device.c.obj
 .bss._ctrl_epbuf
                0x20001c28       0x40 CMakeFiles/firmware.dir/C_/Users/brian/.pico-sdk/sdk/2.1.1/lib/tinyusb/src/device/usbd_control.c.obj
 .bss._ctrl_xfer
                0x20001c68       0x14 CMakeFiles/firmware.dir/C_/Users/brian/.pico-sdk/sdk/2.1.1/lib/tinyusb/src/device/usbd_control.c.obj
 .bss._sw_spin_locks
                0x20001c7c       0x20 CMakeFiles/firmware.dir/C_/Users/brian/.pico-sdk/sdk/2.1.1/src/rp2_common/hardware_sync_spin_lock/sync_spin_lock.c.obj
                0x20001c7c                _sw_spin_locks
 .bss._tusb_rhport_role
                0x20001c9c        0x2 CMakeFiles/firmware.dir/C_/Users/brian/.pico-sdk/sdk/2.1.1/lib/tinyusb/src/tusb.c.obj